== 1. the machine describes itself: dtb vs virt.inc and virt.fi ==
  OK    QEMU dumped its device tree
  OK    tools/arm/dtb.py read it (11 facts)
  OK    RAM_BASE = 0x40000000, and both virt.inc and virt.fi say the same
  OK    RAM_SIZE = 0x8000000, and both virt.inc and virt.fi say the same
  OK    UART0 = 0x9000000, and both virt.inc and virt.fi say the same
  OK    UART_INTID = 0x21, and both virt.inc and virt.fi say the same
  OK    GICD = 0x8000000, and both virt.inc and virt.fi say the same
  OK    GICC = 0x8010000, and both virt.inc and virt.fi say the same
  OK    TIMER_INTID = 0x1b, and both virt.inc and virt.fi say the same
  OK    VIRTIO_MMIO = 0xa000000, and both virt.inc and virt.fi say the same
  OK    VIRTIO_STRIDE = 0x200, and both virt.inc and virt.fi say the same
  OK    VIRTIO_SLOTS = 0x20, and both virt.inc and virt.fi say the same
  OK    VIRTIO_INTID0 = 0x30, and both virt.inc and virt.fi say the same
== 2. the image builds, and the running code is compiled Firn ==
  OK    tools/arm/build.sh: /tmp/tmp.m9EwDbZ5jz/osum-a64.elf (109624 octets, of which the Firn object is 46768)
  OK    ELF machine: AArch64
  OK    entry point 0x40080000, which is where virt.ld puts it
  OK    121 symbols carry the firnc0 prefix '_F0.' -- this is compiler output, not assembly
  FAIL  _F0.amain__kmain is missing
  OK    _F0.amain__kexception is in the image
  OK    _F0.machine__atomic_store is in the image
  OK    _F0.arch__dev_write32 is in the image
  OK    the AArch64 side is 690 lines of Firn against 424 lines of assembly
== 3. it boots, and says which language it is in ==
  OK    QEMU ended by itself (PSCI SYSTEM_OFF), exit 0
  OK    the first line arrived on the PL011, before the MMU and the GIC
  OK    and the second line was printed by Firn code compiled for aarch64-none
== 4. the exception level and the vector table ==
  OK    the kernel runs at EL1
  OK    the deliberate svc #0 was caught by a FIRN handler and returned from
  OK    ESR_EL1 class 0x15 -- the hardware named the cause, not the entry
== 5. translation ==
  OK    SCTLR_EL1.M is set, read back out of the processor
  OK    a page mapped by hand at 0x0000000080000000 through three levels, written and read back
  OK    and the value that came back is the one that went in
  OK    the same octet through TTBR0 and through TTBR1 (0xffffff8040080000)
== 6. the boundary answers for THIS machine ==
  OK    arch.has_io_ports() is 0 here -- the same source line answers 1 on x86-64
== 7. the ordering primitives, on the machine that needs them ==
  OK    arch.atomic_store (stlr) then arch.atomic_load (ldar): 0x5ec0de came back
  OK    tools/arch/order.sh: ORDER: 15 passed, 0 failed
== 8. the timer, through the GIC ==
  OK    CNTFRQ_EL0 = 62500000 Hz, stated by the machine and not calibrated
  OK    100 virtual timer interrupts arrived through the GIC (INTID 27)
== 9. two tasks on one processor ==
  OK    arch_switch from Firn: ABABABABABABABABABAB -- twenty handovers, in order
  OK    and the counter the two tasks share says 20
== 10. virtio is memory here, not a bus ==
  OK    32 virtio-mmio slots answer with the magic number 0x74726976
  OK    counter-check: with nothing attached, 0 of them name a device
  OK    with a disk and a net card attached, 2 slots name a device
== 11. the counter-checks ==
  OK    nomm: SCTLR_EL1.M reads back 0 -- the switch really was skipped
  OK    nomm: and neither the page proof nor the TTBR1 proof is printed, so neither can pass by accident
  OK    noaf: the access flag left clear stops the machine dead the moment translation is switched on -- no line after 'svc=', no fault report, nothing
  OK    notimer: without INTID 27 enabled in the distributor the tick count is never reached -- the run gets to 'freq=' and sleeps
  OK    noeoi: one interrupt is taken, GICC_EOIR is never written, and the controller never delivers another
== 12. how long until the machine says anything ==
   first octet on the PL011: 61.7 ms (median of 5, 59.8..82.4)
   to the last line:         1097.1 ms (median of 5, 1081.6..1109.2)
  OK    the start was timed (the figure includes QEMU's own start, so it is an upper bound)

ARM: 47 passed, 1 failed
