accel: kvm (/dev/kvm ist da)
  OK    firnc0: Multiboot-Kopf bei Oktett 4096 (Grenze 8192)
  OK    firnc0: Magie: 0x1badb002
  OK    firnc0: Pruefsumme geht auf: 0
  OK    firnc0: Flags: 0x7
  OK    firnc0: Bit 2 gesetzt -- der Kern verlangt einen Bildschirm
  OK    firnc0: mode_type = linearer Rahmenpuffer: 0
  OK    firnc0: 32 Bit je Bildpunkt: 32
  OK    firnc0: -kernel bootet weiterhin (21)
  OK    firnc0: der Kern meldet die Flags des Laders
  OK    firnc0: die Speicherkarte kommt an
  OK    firnc1: Multiboot-Kopf bei Oktett 4096 (Grenze 8192)
  OK    firnc1: Magie: 0x1badb002
  OK    firnc1: Pruefsumme geht auf: 0
  OK    firnc1: Flags: 0x7
  OK    firnc1: Bit 2 gesetzt -- der Kern verlangt einen Bildschirm
  OK    firnc1: mode_type = linearer Rahmenpuffer: 0
  OK    firnc1: 32 Bit je Bildpunkt: 32
  OK    firnc1: -kernel bootet weiterhin (21)
  OK    firnc1: der Kern meldet die Flags des Laders
  OK    firnc1: die Speicherkarte kommt an

BOOT: 20 passed, 0 failed
