accel: kvm (/dev/kvm ist da)
== Stufe 0: firnc0 ==
  OK    firnc0: Kernel gebaut (2833252 Oktette)
  OK    firnc0: der Kernel beendet sich selbst (21), keine Ausnahme
  OK    firnc0: der Abschnitt laeuft
  OK    firnc0: die ABI meldet ihre Fassung (version)
  OK    firnc0: die Tabelle haelt genau EIN Handle (count-is-one)
  OK    firnc0: schreiben durch das Handle gibt die Laenge zurueck (write-ok)
  OK    firnc0: Auskunft ueber das eigene Handle (inspect)
  OK    firnc0: lesen ohne R_READ: RightsDenied, NICHT BadHandle (read-denied)
  OK    firnc0: das Handle 0 ist kein stdin (handle-zero)
  OK    firnc0: eine erfundene Generation trifft nichts (forged-gen)
  OK    firnc0: ein Platz ausserhalb der Tabelle trifft nichts (slot-range)
  OK    firnc0: eine Nummer, die es in dieser ABI nicht gibt (unknown-nr)
  OK    firnc0: uebertragen an eine pid, die es nicht gibt (transfer-nopid)
  OK    firnc0: vervielfaeltigen mit kleinerer Rechtemenge (dup-less)
  OK    firnc0: die Kopie darf schreiben (dup-write)
  OK    firnc0: die Kopie darf sich NICHT selbst vervielfaeltigen (dup-nodup)
  OK    firnc0: schliessen (close)
  OK    firnc0: nach dem Schliessen trifft das Handle nichts mehr (after-close)
  OK    firnc0: zweimal schliessen ist ein Fehler, kein Absturz (close-twice)
  OK    firnc0: eine volle Tabelle sagt Exhausted (exhausted)
  OK    firnc0: und der Kernel lebt danach (alive)
  OK    firnc0: keine gefallene Zusage in Ring 3
  OK    firnc0: beide Laeufe melden 18 von 18 Zusagen
  OK    firnc0: beide Laeufe verlassen Ring 3 mit 0 gefallenen Zusagen
  OK    firnc0: der zweite Prozess bekam denselben Platz (2)
  OK    firnc0: der Vorgaenger liess 16 von 16 Handles stehen
  OK    firnc0: alle 14 Seiten von .utext sind abgebildet
        (.utext: 14 Seiten, 1 2-MiB-Kachel(n))
  OK    firnc0: zwei Prozesse, derselbe Platz, verschiedene Handles
  OK    firnc0: Gegenprobe ohne caps endet ebenfalls mit 21
  OK    firnc0: ohne das Wort caps wird der Abschnitt uebersprungen
  OK    firnc0: ohne caps meldet niemand Zusagen
  OK    firnc0: ohne caps laeuft kein Handle-Programm
  OK    firnc0: der uebrige Kernel verhaelt sich unveraendert
== Stufe 1: firnc1 ==
  OK    firnc1: Kernel gebaut (6688192 Oktette)
  OK    firnc1: der Kernel beendet sich selbst (21), keine Ausnahme
  OK    firnc1: der Abschnitt laeuft
  OK    firnc1: die ABI meldet ihre Fassung (version)
  OK    firnc1: die Tabelle haelt genau EIN Handle (count-is-one)
  OK    firnc1: schreiben durch das Handle gibt die Laenge zurueck (write-ok)
  OK    firnc1: Auskunft ueber das eigene Handle (inspect)
  OK    firnc1: lesen ohne R_READ: RightsDenied, NICHT BadHandle (read-denied)
  OK    firnc1: das Handle 0 ist kein stdin (handle-zero)
  OK    firnc1: eine erfundene Generation trifft nichts (forged-gen)
  OK    firnc1: ein Platz ausserhalb der Tabelle trifft nichts (slot-range)
  OK    firnc1: eine Nummer, die es in dieser ABI nicht gibt (unknown-nr)
  OK    firnc1: uebertragen an eine pid, die es nicht gibt (transfer-nopid)
  OK    firnc1: vervielfaeltigen mit kleinerer Rechtemenge (dup-less)
  OK    firnc1: die Kopie darf schreiben (dup-write)
  OK    firnc1: die Kopie darf sich NICHT selbst vervielfaeltigen (dup-nodup)
  OK    firnc1: schliessen (close)
  OK    firnc1: nach dem Schliessen trifft das Handle nichts mehr (after-close)
  OK    firnc1: zweimal schliessen ist ein Fehler, kein Absturz (close-twice)
  OK    firnc1: eine volle Tabelle sagt Exhausted (exhausted)
  OK    firnc1: und der Kernel lebt danach (alive)
  OK    firnc1: keine gefallene Zusage in Ring 3
  OK    firnc1: beide Laeufe melden 18 von 18 Zusagen
  OK    firnc1: beide Laeufe verlassen Ring 3 mit 0 gefallenen Zusagen
  OK    firnc1: der zweite Prozess bekam denselben Platz (2)
  OK    firnc1: der Vorgaenger liess 16 von 16 Handles stehen
  OK    firnc1: alle 61 Seiten von .utext sind abgebildet
        (.utext: 61 Seiten, 1 2-MiB-Kachel(n))
  OK    firnc1: zwei Prozesse, derselbe Platz, verschiedene Handles
  OK    firnc1: Gegenprobe ohne caps endet ebenfalls mit 21
  OK    firnc1: ohne das Wort caps wird der Abschnitt uebersprungen
  OK    firnc1: ohne caps meldet niemand Zusagen
  OK    firnc1: ohne caps laeuft kein Handle-Programm
  OK    firnc1: der uebrige Kernel verhaelt sich unveraendert
  OK    firnc0 und firnc1: Zeile fuer Zeile derselbe Bericht aus Ring 3

CAPS: 67 passed, 0 failed
