accel: kvm (/dev/kvm ist da)
== 1. a kernel that says 'import std.core' compiles (both compilers) ==
  OK    firnc0: kernel/kcore.fi -> k0.o
  OK    firnc1: kernel/kcore.fi -> k1.o
== 2. freestanding all the same: object file, no open name, no syscall ==
  OK    firnc0: ELF type REL (relocatable object file)
  OK    firnc0: NO undefined symbol other than osum_panic
  OK    firnc0: not one syscall instruction in the machine code
  OK    firnc0: core__find_ab is in the image
  OK    firnc0: core__read_i64 is in the image
  OK    firnc0: core__utf8_read is in the image
  OK    firnc0: core__Arena__raw_alloc is in the image
  OK    firnc1: ELF type REL (relocatable object file)
  OK    firnc1: NO undefined symbol other than osum_panic
  OK    firnc1: not one syscall instruction in the machine code
  OK    firnc1: core__find_ab is in the image
  OK    firnc1: core__read_i64 is in the image
  OK    firnc1: core__utf8_read is in the image
  OK    firnc1: core__Arena__raw_alloc is in the image
== 3. it boots, and it says what it computed ==
  OK    start.s assembles
  OK    firnc0: 'FIRN kernel + std.core'
  OK    firnc0: 'text: len=19 at=6 parts=3 root=17 trim=[vga=1 root=17 quiet]'
  OK    firnc0: 'utf8: bytes=4 chars=3 cp=955'
  OK    firnc0: 'math: isqrt=12 gcd=6 ilog2=10'
  OK    firnc0: 'arena: used=12288 high=12288 after=4096 given=2 refused=1 grown=8192'
  OK    firnc0: 'core.ok'
  OK    firnc0: no wrong result in the kernel
  OK    firnc1: 'FIRN kernel + std.core'
  OK    firnc1: 'text: len=19 at=6 parts=3 root=17 trim=[vga=1 root=17 quiet]'
  OK    firnc1: 'utf8: bytes=4 chars=3 cp=955'
  OK    firnc1: 'math: isqrt=12 gcd=6 ilog2=10'
  OK    firnc1: 'arena: used=12288 high=12288 after=4096 given=2 refused=1 grown=8192'
  OK    firnc1: 'core.ok'
  OK    firnc1: no wrong result in the kernel
== 4. the counter-checks: what stays forbidden ==
  OK    firnc0: 'import std.io' refused, message unchanged
  OK    firnc1: 'import std.io' refused, message unchanged
  OK    firnc0: 'import std.str' refused, message unchanged
  OK    firnc1: 'import std.str' refused, message unchanged
  OK    firnc0: 'import std.vec' refused, message unchanged
  OK    firnc1: 'import std.vec' refused, message unchanged
  OK    firnc0: 'import std.rc' refused, message unchanged
  OK    firnc1: 'import std.rc' refused, message unchanged
  OK    firnc0: the claim is checked -- the hidden syscall is refused
  OK    firnc1: the claim is checked -- the hidden syscall is refused
  OK    firnc0: std.core and std.io side by side in the app profile
== 5. the memory proof: an arena does not grow ==
  OK    soak: 480000 blocks out of the arena, none wrong
  OK    soak: exactly ONE system call for memory in the whole run
  OK    soak: RSS 100 -> 100 pages (drift 0, limit 64)
  OK    counter-check strikes: without free RSS 1097 -> 20097 pages (+19000)

CORE: 46 proofs, 0 failures
