accel: kvm (/dev/kvm ist da)
== 1. die Quellen: zwei Dateien, eine Wahrheit ==
  OK    VBE_INDEX steht in fb.fi und vmode.fi gleich (0x01CE)
  OK    VBE_DATA steht in fb.fi und vmode.fi gleich (0x01CF)
  OK    VBE_ID steht in fb.fi und vmode.fi gleich (0)
  OK    VBE_XRES steht in fb.fi und vmode.fi gleich (1)
  OK    VBE_YRES steht in fb.fi und vmode.fi gleich (2)
  OK    VBE_BPP steht in fb.fi und vmode.fi gleich (3)
  OK    VBE_ENABLE steht in fb.fi und vmode.fi gleich (4)
  OK    VBE_BANK steht in fb.fi und vmode.fi gleich (5)
  OK    VBE_VWIDTH steht in fb.fi und vmode.fi gleich (6)
  OK    VBE_VHEIGHT steht in fb.fi und vmode.fi gleich (7)
  OK    VBE_XOFF steht in fb.fi und vmode.fi gleich (8)
  OK    VBE_YOFF steht in fb.fi und vmode.fi gleich (9)
  OK    VBE_DISABLED steht in fb.fi und vmode.fi gleich (0)
  OK    VBE_ENABLED steht in fb.fi und vmode.fi gleich (0x01)
  OK    VBE_LFB steht in fb.fi und vmode.fi gleich (0x40)
  OK    VBE_ID_LO steht in fb.fi und vmode.fi gleich (0xB0C0)
  OK    VBE_ID_HI steht in fb.fi und vmode.fi gleich (0xB0C5)
  OK    VBE_VIDEO_MEMORY_64K ist Index 10 (0x0A) (10)
  OK    die kdata-Seite des Modustreibers steht in kstate.fi: 0x5C000
  OK    die kdata-Seite der Nachschlagetabelle steht daneben: 0x5D000
  OK    und sie folgt unmittelbar auf den Modustreiber (0x5D000)
  OK    keine Aufrufnummer aus 1810..1819 steht ausserhalb der Dateien dieser Runde
  OK    in kernel/sys.fi stehen genau drei Nummern aus dem Vorrat (3)
  OK    die Speicherkarte von kdata: 64 Bereiche in 0x80000 Oktetten kdata, 7 Vektoren, 87 Modusnamen in 16 Woertern, 0 Kollisionen
== 2. der Kern und die Programme ==
  OK    der Kern und 5 Programme sind gebaut
  OK    das Einstellungen-Programm mit der neuen Bildschirmseite baut frei
  OK    der unwahre Satz steht nicht in locale/de/messages
  OK    und auch nicht in seiner englischen Fassung in locale/de/messages
  OK    der unwahre Satz steht nicht in locale/en/messages
  OK    und auch nicht in seiner englischen Fassung in locale/en/messages
  OK    der Satz 'im Betrieb kann dieser Kernel ihn nicht wechseln' ist aus dem Programm weg
  OK    das Einstellungen-Programm ruft wirklich den Kernel und schreibt keine Datei mehr
  OK    firnc1 baut diese Runde auch (der Uebersetzer in Firn)
  OK    die Platte steht: mkfs: /tmp/tmp.JZ0j6WfGp6/root.img  blocks=4096 free=3526 inodes=7/128 data=34 version=2 bmblocks=1 isize=128 dirent=32 namelen=24 maxfile=2134016
== 3. die Modusliste: was QEMU wirklich annimmt ==
  OK    der Lauf endet sauber (21 = der Kernel hat sich selbst beendet): 21
  OK    die Karte meldet ihren Bildspeicher ueber VBE_VIDEO_MEMORY_64K (KiB): 16384
  OK    es wurden Kandidaten gefragt und nicht geraten: 22
  OK    die Liste ist laenger als die zwei Konstanten von Runde K7: 18
  OK    und kuerzer als die Kandidatenliste -- es wurde wirklich ausgesiebt: 18
  OK    gefragt 22 · aufgenommen 18 · Register abgelehnt 2 · zu gross fuer den Bildspeicher 0 · nicht abbildbar 2
  OK    die vier Zahlen gehen auf (22)
  OK    800x600 steht in der Liste (was Runde K7 konnte)
  OK    1024x768 steht in der Liste (was Runde K7 auch konnte)
  OK    1920x1080 steht in der Liste (was Runde K7 NICHT konnte)
  OK    jeder ausgeschlossene Kandidat wird mit Grund gemeldet (4)
  OK    die Schranke dieses Kernels (acht 2-MiB-Fensterplaetze) steht als Zahl: 12582912
  OK    die Zusagen des Modustreibers ueber sich selbst (15)
  OK    die Zusagen ueber Drehung, Skalierung und Tabelle (11)
  OK    und die dreizehn aus Runde K7 stehen unveraendert (13)
== 4. EDID: was der Bildschirm ueber sich sagt ==
  OK    der Lauf endet sauber: 21
  OK    ein gueltiger EDID-Block wurde gelesen (Kennung und Pruefsumme stimmen)
  OK    der Hersteller steht drin -- QEMU meldet sich als RHT (Red Hat)
  OK    und der Modellname
  OK    die native Aufloesung aus dem ersten Zeitlagensatz: 1280x800
  OK    der rohe Block rechnet nach: RHT 1280x800 version 1.4
== 5. der Wechsel zur Laufzeit, im Bild ==
  OK    der Lauf endet sauber: 21
  OK    VORHER: das Foto ist 800x600 (800 600)
  OK    VORHER: Feld 1 ist reines Rot (0 von 10000 Bildpunkten falsch)
  OK    VORHER: die Textzeile steht bildpunktgenau (3200 Bildpunkte geprueft, 0 falsch)
  OK    der Lauf endet sauber: 21
  OK    der Kernel startet in 800x600
  OK    der Wechsel ist im Mitschnitt: disp: switch 800x600 -> 1024x768 rc=0 us=5633 panel=1024x768
  OK    der Wechsel meldet Erfolg (0)
  OK    er hat 5633 Mikrosekunden gedauert (Registersatz, Neuabbildung, Zweitpuffer, Neuzeichnen)
  OK    NACHHER: das Foto ist 1024x768 -- der Modus wurde WIRKLICH gewechselt (1024 768)
  OK    NACHHER: das Pruefbild ist neu gezeichnet, Feld 1 ist wieder rot (0 von 10000 Bildpunkten falsch)
  OK    NACHHER: Feld 4 ist weiss (0 von 10000 Bildpunkten falsch)
  OK    NACHHER: die Textzeile steht bildpunktgenau im NEUEN Modus (3200 Bildpunkte geprueft, 0 falsch)
  OK    NACHHER: die Ecke bei (1023,767) gibt es jetzt und sie ist schwarz (0 0 0)
  OK    VORHER gab es diese Ecke NICHT (ausserhalb des Bildes)
  OK    der Lauf endet sauber: 21
  OK    der Rueckweg steht im Mitschnitt
  OK    zwei Wechsel in einem Lauf (2)
  OK    ZURUECK: das Foto ist wieder 800x600 (800 600)
  OK    ZURUECK: und das Pruefbild steht wieder da (3200 Bildpunkte geprueft, 0 falsch)
== 6. der Fehlerfall: kein schwarzer Bildschirm ==
  OK    der Lauf endet sauber -- der abgelehnte Modus haelt den Kernel NICHT an: 21
  OK    der Versuch steht im Mitschnitt: disp: switch 800x600 -> 4096x4096 rc=2 us=1 panel=800x600
  OK    er wird abgelehnt (2 = der Modus steht in keiner Liste): 2
  OK    und die Tafel ist danach unveraendert
  OK    der Zaehler der abgelehnten Wechsel steht: 3
  OK    und KEIN Wechsel hat stattgefunden (0)
  OK    das Foto ist 800x600 -- der Bildmodus steht noch (800 600)
  OK    Feld 1 ist rot -- der Bildschirm ist NICHT schwarz (0 von 10000 Bildpunkten falsch)
  OK    und die Textzeile steht bildpunktgenau da, als waere nichts gewesen (3200 Bildpunkte geprueft, 0 falsch)
  OK    ein schwarzer Schirm haette hier kein Rot (10000 von 10000 Bildpunkten falsch)
== 7. die Bestaetigungsfrage: wer nichts sagt, bekommt den alten Modus ==
  OK    der Lauf endet sauber: 21
  OK    gewechselt wurde
  OK    danach steht eine Frist offen (1)
  OK    und sie zaehlt in Sekunden herunter (15, wie bei Windows): 14
  OK    nach Ablauf ist die Frist weg (0)
  OK    und der Kernel hat von SELBST zurueckgeschaltet (1)
  OK    die Tafel steht wieder auf dem alten Modus
  OK    der Zaehler der Rueckkehren steht: 1
== 8. die Drehung: im Bild und nicht nur in der Zahl ==
  OK    der Lauf endet sauber: 21
  OK    der Kernel meldet die Vierteldrehung
  OK    das BILD ist danach 600x800 ...
  OK    ... und die TAFEL bleibt 800x600
  OK    das Foto ist 800x600 -- gedreht wird beim Uebertragen, nicht in der Karte (800 600)
  OK    Feld 1 (rot) liegt nach der Drehung rechts oben (255 0 0)
  OK    Feld 2 (gruen) liegt darunter (0 255 0)
  OK    und links oben, wo es UNGEDREHT laege, ist es nicht (0 0 0)
== 9. die Kosten des Umrechnens, gemessen ==
  OK    der Lauf endet sauber: 21
  OK    gemessen: disp: bench 2560x1080  px=2764800  flush=1785 us  lut=173144 us  lutline=2006 us  sat=419486 us  rot90=33845 us
  OK    gemessen wurde bei der GROESSTEN Aufloesung der Liste (Bildpunkte): 2764800
  OK    der schnelle Weg von Runde K7 steht noch (Mikrosekunden je Bild): 1785
  OK    die Nachschlagetabelle kostet mehr als der schnelle Weg: 173144
  OK    eine TEXTZEILE durch die Tabelle kostet deutlich weniger als ein volles Bild: 2006
  OK    die Vierteldrehung kostet ein volles Bild: 33845
  OK    je Bildpunkt: flush 0 ns · Tabelle 62 ns · Drehung 12 ns (QEMU/TCG, kein KVM)
== 10. dieselben Zahlen aus Ring 3, ueber 1800..1802 ==
  OK    der Lauf mit /bin/dispctl endet sauber: 21
  OK    das Programm ist gestartet
  OK    die Zusagen aus Ring 3 (12)
  OK    die Aufrufnummern dieser Runde (1810..) liegen hinter dem Block der Widgets (1800..1809)
  OK    vram: Kernelmeldung und Ring 3 sagen dasselbe (16777216)
  OK    maplimit: Kernelmeldung und Ring 3 sagen dasselbe (12582912)
  OK    probed: Kernelmeldung und Ring 3 sagen dasselbe (22)
  OK    refused: Kernelmeldung und Ring 3 sagen dasselbe (2)
  OK    toobig: Kernelmeldung und Ring 3 sagen dasselbe (0)
  OK    auch die Laenge der Liste (18)
  OK    die Tafel (800)
  OK    und das Bild ist ungedreht genauso gross (800)
  OK    32 Bit je Bildpunkt (32)
  OK    EDID hat auch Ring 3 gesehen (1)
  OK    der Herstellername kommt ueber osum_dispstr in Ring 3 an
  OK    der Modellname auch
  OK    und die Liste kommt Zeile fuer Zeile heraus (18)
  OK    der Lauf endet sauber: 21
  OK    ein Programm in Ring 3 hat die Tafel umgestellt (1024)
  OK    und die Hoehe (768)
  OK    die Zeilenlaenge ist mitgewandert (4096)
  OK    der Kernel zaehlt genau einen Wechsel (1)
  OK    direkt nach dem Wechsel laeuft die Bestaetigungsfrist (1)
  OK    nach dem Bestaetigen ist sie zu (0)
  OK    und der Kernel hat die Bestaetigung gezaehlt (1)
== 11. DIE GEGENPROBE: derselbe Kernel ohne das Wort 'disp' ==
  OK    der Lauf endet sauber: 21
  OK    ohne 'disp' wird nichts erkundet
  OK    und es gibt keine Liste
  OK    und kein EDID
  OK    der Bildschirm von Runde K7 steht unveraendert
  OK    und seine dreizehn Zusagen auch
  OK    der Lauf endet sauber: 21
  OK    /bin/dispctl sagt es und rechnet nicht weiter
  OK    und jede Zahl ist ein Strich und keine Null (-)
  OK    auch die Laenge der Liste (-)
  OK    auch EDID (-)

DISPLAY: 145 passed, 0 failed
