accel: kvm (/dev/kvm ist da)
== 1. compile (both compilers, the profile comes from the source) ==
  OK    firnc0: kernel/core.fi -> k0.o
  OK    firnc1: kernel/core.fi -> k1.o
  OK    counter-check: --profile=app is rejected (#[interrupt])
== 2. it is an OBJECT file, and it is freestanding ==
  OK    firnc0: ELF type REL (relocatable object file)
  OK    firnc0: NO undefined symbol (other than osum_panic, resolved at link time)
  OK    firnc0: every defined symbol is its own
  OK    firnc0: no syscall in the machine code
  OK    firnc1: ELF type REL (relocatable object file)
  OK    firnc1: NO undefined symbol (other than osum_panic, resolved at link time)
  OK    firnc1: every defined symbol is its own
  OK    firnc1: no syscall in the machine code
== 3. link against the linker script (no libc, no crt files) ==
  OK    start.s assembles (multiboot header, long mode)
  OK    firnc0: linked, entry point 0x10000c
  OK    firnc0: the linked image has no open symbol
  OK    firnc1: linked, entry point 0x10000c
  OK    firnc1: the linked image has no open symbol
== 3b. boot in QEMU (the real proof) ==
  OK    firnc0: booted, serial output appeared
  OK    firnc1: booted, serial output appeared
== 4. inline assembly and the interrupt ABI are really in the code ==
  OK    firnc0: 'cli' in the machine code
  OK    firnc0: 'hlt' in the machine code
  OK    firnc0: 'out    %al,(%dx)' in the machine code
  OK    firnc0: 'in     (%dx),%al' in the machine code
  OK    firnc0: 'iretq' in the machine code
  OK    firnc0: timer_ih saves 14 registers + rbp
  OK    firnc1: 'cli' in the machine code
  OK    firnc1: 'hlt' in the machine code
  OK    firnc1: 'out    %al,(%dx)' in the machine code
  OK    firnc1: 'in     (%dx),%al' in the machine code
  OK    firnc1: 'iretq' in the machine code
  OK    firnc1: timer_ih saves 14 registers + rbp
== 5. volatile holds in all three build stages ==
  OK    --release-fast: cli=1 hlt=1 (exact), out=1 in=1 (>=1; --release-fast inlines out8/in8)
  OK    --no-opt: cli=1 hlt=1 (exact), out=1 in=1 (>=1; --release-fast inlines out8/in8)
  OK    --opt-level=dev-fast: cli=1 hlt=1 (exact), out=1 in=1 (>=1; --release-fast inlines out8/in8)
  OK    volatile.fi --release-fast: pause=3 rdtsc=1 mmio_load=2 mmio_store=1 (exact)
  OK    volatile.fi --release-fast: runs, yields 6
  OK    volatile.fi --no-opt: pause=3 rdtsc=1 mmio_load=2 mmio_store=1 (exact)
  OK    volatile.fi --no-opt: runs, yields 6
  OK    volatile.fi --opt-level=dev-fast: pause=3 rdtsc=1 mmio_load=2 mmio_store=1 (exact)
  OK    volatile.fi --opt-level=dev-fast: runs, yields 6
  OK    volatile.fi firnc1: pause=3 rdtsc=1 (exact)
  OK    volatile.fi firnc1: runs, yields 6

FREESTANDING: 41 passed, 0 failed
