accel: kvm (/dev/kvm ist da)
== 1. bauen: derselbe Kernel aus beiden Uebersetzern ==
  OK    firnc0: Kernel gebaut (2833252 Oktette)
  OK    firnc1: Kernel gebaut (6688192 Oktette)
== 2. der Zeichensatz: 1520 Oktette gegen die Rust-Vorlage ==
  OK    font.fi hat 95 Glyphen zu 16 Oktetten (1520 Oktette, 95 Glyphen (Vorlage nicht vorhanden))
        (OrientOS liegt nicht unter /root/tf-osum/../orientos -- Vorlage nicht geprueft)
== 3. die Fensterplaetze und die Speicherkarte von kdata ==
  OK    WIN_SLOTS, WIN_FIRST, WIN_VIRT und HUGE_SIZE stehen in beiden gleich
  OK    fb.WIN_LIST ist pci.K2_SCALARS + apic.S_WIN (0x12000 + 0x080)
  OK    die Speicherkarte von kdata: 64 Bereiche in 0x80000 Oktetten kdata, 7 Vektoren, 87 Modusnamen in 16 Woertern, 0 Kollisionen
  OK    mit FB_OFF zurueck auf 0x2F000 findet der Pruefer die Kollision mit SIG
== 4. der Rahmenpuffer kommt an ==
  OK    der Kern beendet sich sauber: 21
  OK    800x600 bei 32 Bit je Bildpunkt
  OK    Zeilenlaenge 3200 = Breite mal vier
  OK    die Quelle ist die Karte (Bochs-VBE ueber PCI)
  OK    der lineare Puffer liegt in BAR0 der Karte
  OK    1,92 MiB passen in EINE 2-MiB-Kachel
  OK    100 Spalten und 37 Zeilen bei 8x16
  OK    die Zusagen des Kernels ueber seinen eigenen Bildschirm: 13
  OK    QEMUs -kernel liefert KEINE Rahmenpufferangaben (flags=0x24f, Bit 12 fehlt)
  OK    ohne 'gfx' meldet der Kern keinen Bildschirm
  OK    ohne 'gfx' gibt es keinen Selbsttest
== 5. das Bildschirmfoto: was wirklich auf dem Schirm steht ==
  OK    der Kern beendet sich sauber: 21
  OK    der Kern haelt fuer das Foto still
  OK    das Foto ist 800x600 -- der Bildmodus wurde wirklich gesetzt (800 600)
  OK    Feld 1: reines Rot, 100x100 Bildpunkte (0 von 10000 Bildpunkten falsch)
  OK    Feld 2: reines Gruen (0 von 10000 Bildpunkten falsch)
  OK    Feld 3: reines Blau (0 von 10000 Bildpunkten falsch)
  OK    Feld 4: Weiss (0 von 10000 Bildpunkten falsch)
  OK    und daneben ist nichts (0 von 10000 Bildpunkten falsch)
  OK    die Linie trifft ihren Anfang (255 255 0)
  OK    die Linie trifft ihr Ende (255 255 0)
  OK    Zeile 14 bildpunktgenau: 'OSUM K7 FRAMEBUFFER 01234' (3200 Bildpunkte geprueft, 0 falsch)
  OK    Zeile 15 bildpunktgenau: 'abcdefghijklm ABCDEFGHIJK' (3200 Bildpunkte geprueft, 0 falsch)
  OK    dieselbe Zeile steht seriell
== 6. DIE GEGENPROBE: derselbe Kernel ohne das Wort 'gfx' ==
  OK    der Kern beendet sich sauber: 21
  OK    auch ohne Bildschirm wird stillgehalten
  OK    das Foto ist 720x400 -- VGA-Textmodus, kein Bildmodus gesetzt (720 400)
  OK    Feld 1 ist NICHT rot (10000 von 10000 Bildpunkten falsch)
  OK    Feld 2 ist NICHT gruen (10000 von 10000 Bildpunkten falsch)
  OK    die Textzeile steht NICHT da (3200 Bildpunkte geprueft, 540 falsch
  22 abweichende Zellen:
    Zeile 14 Spalte 0: soll 'O' (0x4F), ist '_' -- 25 Bildpunkte falsch
    Zeile 14 Spalte 1: soll 'S' (0x53), ist '_' -- 19 Bildpunkte falsch
    Zeile 14 Spalte 2: soll 'U' (0x55), ist '_' -- 20 Bildpunkte falsch
    Zeile 14 Spalte 3: soll 'M' (0x4D), ist '_' -- 38 Bildpunkte falsch
    Zeile 14 Spalte 5: soll 'K' (0x4B), ist '_' -- 26 Bildpunkte falsch
    Zeile 14 Spalte 6: soll '7' (0x37), ist '_' -- 16 Bildpunkte falsch
    Zeile 14 Spalte 8: soll 'F' (0x46), ist '_' -- 25 Bildpunkte falsch
    Zeile 14 Spalte 9: soll 'R' (0x52), ist '_' -- 25 Bildpunkte falsch
    Zeile 14 Spalte 10: soll 'A' (0x41), ist '_' -- 27 Bildpunkte falsch
    Zeile 14 Spalte 11: soll 'M' (0x4D), ist '_' -- 38 Bildpunkte falsch
    Zeile 14 Spalte 12: soll 'E' (0x45), ist '_' -- 22 Bildpunkte falsch
    Zeile 14 Spalte 13: soll 'B' (0x42), ist '_' -- 28 Bildpunkte falsch
    Zeile 14 Spalte 14: soll 'U' (0x55), ist '_' -- 20 Bildpunkte falsch
    Zeile 14 Spalte 15: soll 'F' (0x46), ist '_' -- 25 Bildpunkte falsch
    Zeile 14 Spalte 16: soll 'F' (0x46), ist '_' -- 25 Bildpunkte falsch
    Zeile 14 Spalte 17: soll 'E' (0x45), ist '_' -- 22 Bildpunkte falsch
    ... und 6 weitere)
  OK    die untere rechte Ecke von 800x600 liegt ausserhalb des Bildes (ausserhalb des Bildes)
  OK    und wo im Bildmodus das gelbe Linienende sitzt, ist keins (0 0 0)
== 7. beide Ausgaben zeigen dasselbe ==
  OK    der Kern beendet sich sauber: 21
  OK    der ganze Bildschirm gegen den seriellen Mitschnitt (806 Zellen, 103168 Bildpunkte, 0 falsch)
  OK    gegen den Mitschnitt des Pruefbild-Laufs geht es NICHT auf (554 Zellen, 70912 Bildpunkte, 8960 falsch
  430 abweichende Zellen:
    Zeile 0 Spalte 5: soll 'm' (0x6D), ist 'p' -- 22 Bildpunkte falsch
    Zeile 0 Spalte 6: soll 'i' (0x69), ist 'e' -- 22 Bildpunkte falsch
    Zeile 0 Spalte 7: soll 's' (0x73), ist 'r' -- 15 Bildpunkte falsch
    Zeile 0 Spalte 9: soll 'b' (0x62), ist 'e' -- 10 Bildpunkte falsch
    Zeile 0 Spalte 10: soll 'a' (0x61), ist 'n' -- 11 Bildpunkte falsch
    Zeile 0 Spalte 11: soll 'c' (0x63), ist 't' -- 16 Bildpunkte falsch
    Zeile 0 Spalte 12: soll 'k' (0x6B), ist '=' -- 31 Bildpunkte falsch
    Zeile 0 Spalte 13: soll '=' (0x3D), ist '0' -- 28 Bildpunkte falsch
    Zeile 0 Spalte 14: soll '0' (0x30), ist '_' -- 26 Bildpunkte falsch
    Zeile 0 Spalte 15: soll 'x' (0x78), ist '_' -- 18 Bildpunkte falsch
    Zeile 0 Spalte 16: soll '1' (0x31), ist '_' -- 22 Bildpunkte falsch
    Zeile 0 Spalte 17: soll '0' (0x30), ist '_' -- 26 Bildpunkte falsch
    Zeile 0 Spalte 18: soll '0' (0x30), ist '_' -- 26 Bildpunkte falsch
    Zeile 0 Spalte 19: soll '0' (0x30), ist '_' -- 26 Bildpunkte falsch
    Zeile 0 Spalte 20: soll '1' (0x31), ist '_' -- 22 Bildpunkte falsch
    Zeile 1 Spalte 7: soll 's' (0x73), ist 'n' -- 14 Bildpunkte falsch
    ... und 414 weitere)
== 8. Ring 3 malt: /dev/fb ohne Kernelrechte ==
  OK    der Kern beendet sich sauber: 21
  OK    open("/dev/fb", O_RDWR) gibt einen Deskriptor
  OK    lseek(fd,0,SEEK_END) gibt die Groesse des Bildes: 1920000
  OK    mmap legt den Puffer auf 0x40200000: 1075838976
  OK    die Zusagen des Programms in Ring 3: 11
  OK    der Streifen ist rot (0 von 16000 Bildpunkten falsch)
  OK    der Streifen ist gruen (0 von 16000 Bildpunkten falsch)
  OK    der Streifen ist blau (0 von 16000 Bildpunkten falsch)
  OK    der Streifen ist gelb (0 von 16000 Bildpunkten falsch)
  OK    und eine Bildzeile darueber ist nichts (0 von 800 Bildpunkten falsch)
  OK    ohne 'fbuser' ist der Streifen NICHT da (16000 von 16000 Bildpunkten falsch)
== 9. die Zeiten ==
   fbbench: direct    fill=123 us  scroll=221 us  line=179 us
   fbbench: buffered  fill=103 us  scroll=202 us  flush=149 us  line=169 us
  OK    voller Bildaufbau, direkt auf die Karte (us): 123
  OK    Rollvorgang, direkt auf die Karte (us): 221
  OK    voller Bildaufbau in den Zweitpuffer (us): 103
  OK    Uebertragung des Zweitpuffers (us): 149
  OK    der Bildaufbau bleibt unter 100 ms: 123
  OK    die Uebertragung bleibt unter 100 ms: 149
  OK    mit 'nodbl' gibt es keinen Zweitpuffer
  OK    der direkte Weg wird trotzdem gemessen
  OK    und der gepufferte nicht
== 10. 1024x768: zwei Kacheln statt einer ==
  OK    der Kern beendet sich sauber: 21
  OK    1024x768 bei 32 Bit
  OK    3 MiB brauchen ZWEI zusammenhaengende Fensterplaetze
  OK    128 Spalten und 48 Zeilen
  OK    das Foto ist 1024x768 (1024 768)
  OK    die vier Farbfelder stehen auch hier (0 von 10000 Bildpunkten falsch)
  OK    und der Text ebenso, bildpunktgenau (3200 Bildpunkte geprueft, 0 falsch)
== 11. die Shell auf dem Bildschirm ==
  OK    vier eigenstaendige ELF64-Programme fuer die Platte gebaut
  OK    mkfs.py hat ein OFS-Abbild mit /bin/sh gebaut
  OK    der Kern beendet sich sauber: 21
  OK    die Shell hat den Satz seriell gesagt
  OK    der ganze Bildschirm gegen den Mitschnitt der Shell (1183 Zellen, 151424 Bildpunkte, 0 falsch)
  OK    die Zeile der Shell steht bildpunktgenau auf dem Schirm (Zeile 1, Spalte 0: 2560 Bildpunkte, 0 falsch)
  OK    und die Zeile, mit der das Skript endet, ebenso (Zeile 3, Spalte 11: 512 Bildpunkte, 0 falsch)

GFX: 76 passed, 0 failed
