accel: kvm (/dev/kvm ist da)
== 1. der Kern und ein Userland, aus beiden Uebersetzern ==
  OK    firnc0: der Kern ist gebaut (2833252 Oktette)
  OK    firnc1: der Kern ist gebaut (6688192 Oktette)
  OK    9 unprivilegierte Programme gebaut
  OK    mkfs.py hat ein OFS-Abbild von 4096 Bloecken gebaut
  OK    die CRC32 des Abbilds auf dem Wirt: 0x80f80348 (der Kernel schreibt 0x80f80348)
== 2. SMEP und SMAP stehen wirklich in CR4 ==
  OK    Beendigungscode mit -cpu max: 21
  OK    CR4 traegt Bit 20 UND Bit 21, und CPUID meldet beide
  OK    Beendigungscode auf einem Prozessor ohne die Bits: 21
  OK    ohne CPUID-Meldung wird nichts gesetzt und nichts behauptet
  OK    nosmep laesst SMAP stehen und nimmt SMEP
  OK    nosmap laesst SMEP stehen und nimmt SMAP
== 3. die Gegenproben: ein Zugriff, der scheitern MUSS ==
  OK    smapraw mit SMAP: der Kernel bleibt stehen: 63
  OK    der Lesezugriff wurde wirklich versucht
  OK    und er ist ein #PF (present, Lesezugriff, aus Ring 0)
  OK    der Kernel hat das Oktett NICHT bekommen
  OK    derselbe Zugriff ohne SMAP: der Lauf endet regulaer: 21
  OK    und er liefert genau das Oktett, das der Kernel hingeschrieben hat
  OK    smepraw mit SMEP: der Kernel bleibt stehen: 63
  OK    #PF mit Bit 4 gesetzt -- es war ein INSTRUKTIONSABRUF
  OK    der Aufruf ist nie zurueckgekommen
  OK    derselbe Aufruf ohne SMEP: der Lauf endet regulaer: 21
  OK    und das ret in der Nutzerseite wurde wirklich ausgefuehrt
== 4. das Fenster: der Kernel fasst Ring-3-Speicher an ==
  OK    die Capability-Runde mit SMEP und SMAP: 21
  OK    Laeufe mit 18 von 18 Zusagen aus Ring 3: 2
  OK    das SMAP-Fenster wurde 312x geoeffnet -- der Kernel liest wirklich Nutzerspeicher
  OK    Gegenprobe: ohne SMAP wird kein Fenster geoeffnet: 0
  OK    und Ring 3 meldet trotzdem dieselben Zusagen: 2
== 5. CR4 ist pro Prozessor ==
  OK    vier Prozessoren mit den Schutzbits: 21
  OK    alle vier sind hochgelaufen
  OK    und alle drei weiteren tragen die Bits WIRKLICH in ihrem CR4
  OK    Gegenprobe: mit einem Prozessor zaehlt niemand mit
== 6. ein Boot-Modul ist eine Platte ==
  OK    der Kernel startet ein Userland aus einem Modul: 21
  OK    die gerechnete Summe ist die des Wirts, und sie war verlangt
  OK    die Wurzelplatte ist das Modul
  OK    das Dateisystem darin ist gemountet
  OK    /bin/sh laeuft -- aus dem Modul geladen
  OK    'ls /bin' zeigt die neun Programme
  OK    'cat /d/d.txt' liest eine Datei aus dem Modul
  OK    und die Shell endet sauber
  OK    das ganze Userland lief mit SMEP und SMAP
== 7. die Pruefsumme ist eine Bedingung ==
  OK    mit falscher Vorgabe laeuft der Kernel weiter: 21
  OK    er sagt, dass die Summe nicht passt
  OK    und benutzt das Modul NICHT
  OK    es laeuft keine Shell daraus
  OK    ohne 'modfs' wird das Modul gesehen und gerechnet
  OK    aber nicht benutzt
  OK    ohne Modul sagt der Kernel das, statt zu raten
== 8. der Bereich des Moduls gehoert dem Modul ==
  OK    nach einem Lauf mit Prozessen, Seiten und Halde ist das Abbild unveraendert
  OK    und jeder Rahmen, den das Userland nahm, kam zurueck (frames_free=129082 of 129082): 129082
== 9. firnc1 baut denselben Kern ==
  OK    firnc1: Beendigungscode: 21
  OK    firnc1: dieselben Bits in CR4
  OK    firnc1: smapraw bleibt stehen: 63
  OK    firnc1: dasselbe Userland aus demselben Modul: 21
  OK    firnc1: dieselbe Pruefsumme
  OK    firnc1: /bin/sh laeuft aus dem Modul

GUARD: 55 passed, 0 failed
