== 0. was diese Umgebung ueberhaupt kann ==
  OK    TCG kann VT-x NICHT -- das ist der Grund, warum diese Runde AMD-V ist
  OK    TCG kann SVM -- die Grundlage dieser Runde
  OK    kdata ist in boot.s und kstate.fi dieselbe Zahl (0x80000)
  OK    die Karte von kdata ist ueberschneidungsfrei (64 Bereiche in 0x80000 Oktetten kdata, 7 Vektoren, 87 Modusnamen in 16 Woertern, 0 Kollisionen)
== Stufe 0: firnc0 ==
  OK    firnc0: Kernel gebaut (2833252 Oktette)
  OK    firnc0: der Kernel beendet sich selbst (21), keine Ausnahme
  OK    firnc0: the processor can do svm
  OK    firnc0: svm switched on, rc = 0
  OK    firnc0: it can do nested page tables
  OK    firnc0: guest 1 signed off with 0x1234
  OK    firnc0: guest 1 was told the host's cpu name
  OK    firnc0: guest 1 sees the hypervisor bit in cpuid 1
  OK    firnc0: guest 1 read the pattern through the npt
  OK    firnc0: guest 1 took the interrupt the host threw
  OK    firnc0: guest 1 printed through a port it has
  OK    firnc0: guest 2 signed off with 0x2222
  OK    firnc0: guest 2 read back through its OWN page table
  OK    firnc0: guest 2 really turned on pe and paging
  OK    firnc0: guest 2 runs on its own cr3 0x2000
  OK    firnc0: guest 4 signed off with 0x3333
  OK    firnc0: guest 4 read back what it wrote after the npf
  OK    firnc0: the host laid a frame under it on demand
  OK    firnc0: guest 5 still reported 0x4444 before it
  OK    firnc0: guest 5 was shut down by a triple fault
  OK    firnc0: and the host's syscall path is untouched
  OK    firnc0: the host took the runaway guest's processor
  OK    firnc0: and the runaway guest counted onwards
  OK    firnc0: every frame of every guest came back
  OK    firnc0: keine einzige Zusage ist rot
  OK    firnc0: der Gast hat durch einen Anschluss geredet, den es nicht gibt
  OK    firnc0: cpuid-Austritte (2)
  OK    firnc0: Anschluss-Austritte (16)
  OK    firnc0: vmmcall-Austritte (523)
  OK    firnc0: Seitenfehler des Gasts (1)
  OK    firnc0: Dreifachfehler (1)
  OK    firnc0: Steuerregister-Austritte (3)
  OK    firnc0: Unterbrechungen des Wirts (66)
  OK    firnc0: kein zurueckgewiesener Eintritt (0)
  OK    firnc0: kein unbehandelter Grund (0)
  OK    firnc0: Austritte insgesamt (612)
  OK    firnc0: kein Rahmen verloren (0)
  OK    firnc0: der Preis eines Austritts ist gemessen (79054)
        bench: bench rounds=512 cycles=40475930 per-exit=79054 in-guest=62563 in-host=16490 
        exits: exits total=612 cpuid=2 ioio=16 msr=0 hlt=0 vmmcall=523 npf=1 intr=66 shutdown=1 exc=0 crwr=3 err=0 other=0 
        cpu:   cpu host-rflags=0x202 rev=1 asids=16 feat=0x10010001 np=yes nrip=no decode=no clean=no 
  OK    firnc0: Ring 3 fuehrt eine Gastmaschine, 14/14
  OK    firnc0: und meldet es mit seinem Beendigungscode
  OK    firnc0: Ring 3 sah die Austritte des Gasts (23)
  OK    firnc0: das NPT-Muster kam bis nach Ring 3 (23130)
  OK    firnc0: der Kernel laeuft bis zum Ende durch
== Stufe 1: firnc1 ==
  OK    firnc1: Kernel gebaut (6688192 Oktette)
  OK    firnc1: der Kernel beendet sich selbst (21), keine Ausnahme
  OK    firnc1: the processor can do svm
  OK    firnc1: svm switched on, rc = 0
  OK    firnc1: it can do nested page tables
  OK    firnc1: guest 1 signed off with 0x1234
  OK    firnc1: guest 1 was told the host's cpu name
  OK    firnc1: guest 1 sees the hypervisor bit in cpuid 1
  OK    firnc1: guest 1 read the pattern through the npt
  OK    firnc1: guest 1 took the interrupt the host threw
  OK    firnc1: guest 1 printed through a port it has
  OK    firnc1: guest 2 signed off with 0x2222
  OK    firnc1: guest 2 read back through its OWN page table
  OK    firnc1: guest 2 really turned on pe and paging
  OK    firnc1: guest 2 runs on its own cr3 0x2000
  OK    firnc1: guest 4 signed off with 0x3333
  OK    firnc1: guest 4 read back what it wrote after the npf
  OK    firnc1: the host laid a frame under it on demand
  OK    firnc1: guest 5 still reported 0x4444 before it
  OK    firnc1: guest 5 was shut down by a triple fault
  OK    firnc1: and the host's syscall path is untouched
  OK    firnc1: the host took the runaway guest's processor
  OK    firnc1: and the runaway guest counted onwards
  OK    firnc1: every frame of every guest came back
  OK    firnc1: keine einzige Zusage ist rot
  OK    firnc1: der Gast hat durch einen Anschluss geredet, den es nicht gibt
  OK    firnc1: cpuid-Austritte (2)
  OK    firnc1: Anschluss-Austritte (16)
  OK    firnc1: vmmcall-Austritte (525)
  OK    firnc1: Seitenfehler des Gasts (1)
  OK    firnc1: Dreifachfehler (1)
  OK    firnc1: Steuerregister-Austritte (3)
  OK    firnc1: Unterbrechungen des Wirts (64)
  OK    firnc1: kein zurueckgewiesener Eintritt (0)
  OK    firnc1: kein unbehandelter Grund (0)
  OK    firnc1: Austritte insgesamt (612)
  OK    firnc1: kein Rahmen verloren (0)
  OK    firnc1: der Preis eines Austritts ist gemessen (96830)
        bench: bench rounds=512 cycles=49577220 per-exit=96830 in-guest=70344 in-host=26486 
        exits: exits total=612 cpuid=2 ioio=16 msr=0 hlt=0 vmmcall=525 npf=1 intr=64 shutdown=1 exc=0 crwr=3 err=0 other=0 
        cpu:   cpu host-rflags=0x202 rev=1 asids=16 feat=0x10010001 np=yes nrip=no decode=no clean=no 
  OK    firnc1: Ring 3 fuehrt eine Gastmaschine, 14/14
  OK    firnc1: und meldet es mit seinem Beendigungscode
  OK    firnc1: Ring 3 sah die Austritte des Gasts (23)
  OK    firnc1: das NPT-Muster kam bis nach Ring 3 (23130)
  OK    firnc1: der Kernel laeuft bis zum Ende durch
== die Gegenproben ==
  OK    ohne 'hv': der Kernel beendet sich selbst (21)
  OK    ohne 'hv': genau die eine Zeile
  OK    ohne 'hv': keine einzige Zusage
  OK    ohne 'hv': kein Gast hat geredet
  OK    ohne 'hv': kein Programm in Ring 3
  OK    ohne 'hv': der uebrige Kernel ist unberuehrt
  OK    GEGENPROBE nonpt: ohne NPT kommt der erste Gast nie zurueck (Zeitlimit)
  OK    nonpt: bis dahin lief alles
  OK    nonpt: aber KEIN Gast meldet sich mehr ab
  OK    GEGENPROBE gastfrei: ohne V_INTR_MASKING behaelt der Laeufer den Prozessor
  OK    gastfrei: der Wirt holt ihn NICHT ein
  OK    GEGENPROBE nosvm: der Kernel lebt auch ohne SVM (21)
  OK    nosvm: der Kernel sagt es selbst
  OK    nosvm: keine einzige Gastmaschine
  OK    nosvm: kein Gast hat geredet
  OK    GEGENPROBE -cpu qemu64: der Kernel lebt (21)
  OK    -cpu qemu64: der Wirt MELDET, dass CPUID keine NPT anbietet
  OK    -cpu qemu64: und die Zusage darueber wird ROT, statt stillzuschweigen
  OK    das Wort ist ein WORT: der Kernel lebt (21)
  OK    der Pfad mit 'hv' darin steht wirklich in der Kommandozeile
  OK    und der Kernel schweigt trotzdem
  OK    kein Wort im Pfad hat die Runde eingeschaltet
  OK    mit dem Wort laeuft aus demselben Pfad alles (21)
  OK    und zwar vollstaendig

HV: 114 passed, 0 failed
