accel: kvm (/dev/kvm ist da)
== 1. the font comes back out of the map ==
        ../../tmp/tmp.sAIymtnhnD/icons.ttf: 45 names (42 glyphs, 3 aliases), 13584 octets
           source icon-src/lucide/font/lucide.ttf: 1544 glyphs, 680144 octets
           cut to 2.00 % of the source, 0 composite glyphs, upm=1000 asc=1000 desc=0
           tables: cmap, glyf, head, hhea, hmtx, loca, maxp
  OK    assets/osum-icons.ttf is reproduced octet for octet
  FAIL  lib/icons.fi does not match the map -- run the builder
  OK    assets/icons/icons.list is reproduced
        source 680144 octets -> 13584 octets, 43 glyphs, 45 names
  OK    the cut font is smaller than a tenth of the source: 135840
  OK    the licence of the source font is in the tree
  OK    and it is the ISC licence Lucide is published under
== 2. no raw code point in the drawing code ==
        rawcp: 0 raw code points in 119 files of drawing code, 42 code points given away
  OK    raw code points in the drawing code: 0
  OK    counterproof: a planted code point is found: 1
== 3. every icon has a name, every name has an icon ==
        icons=45 tips=45 missing=0 extra=0 de=45
  OK    icons without a tooltip name: 0
  OK    tooltip names without an icon: 0
  OK    the German catalogue covers all of them: 45
== 4. the promises, measured in Ring 3 ==
  OK    the programs of this round are built
        start
        ok   font-loaded
        ok   all-glyphs-16
        ok   all-glyphs-20
        ok   all-glyphs-24
        ok   ink-fits-box
        ok   shape-not-colour
        colour_px=108
        ok   unknown-is-false
        ok   index-round-trip
        ns_cold=377945
        ns_warm=11286
        ns_osym=12434
        bytes_glyph=224
        bytes_osym=1036
        ink_px=127
        pass=8 fail=0
  OK    assertions passed in Ring 3: 8
  OK    assertions failed in Ring 3: 0
  OK    the kernel loaded /lib/icons.ttf into the third slot
        one icon cold 377945 ns, warm 11286 ns, one OSYM bitmap 12434 ns
        in memory: glyph 224 octets, OSYM 1036 octets
        both mix the same 127 pixels -- the bitmap was made out of the glyph, so the two draw identical work
        per mixed pixel: icon 88 ns, OSYM 97 ns   (QEMU without KVM, TCG)
  OK    a cached icon costs something and the clock saw it: 11286
  OK    the colour check touched real ink, not nothing: 108
  OK    and not the whole box either: 108
  OK    an icon in memory is smaller than the same OSYM picture: 224
== 5. counterproof: a disk without the icon font ==
  OK    the kernel says the icon font is missing instead of dying
  OK    and Ring 3 sees no icon font (0 = none): 0
  OK    nothing crashed without the icon font
== 6. the pictures ==
docs/icons/files.png: 800 x 600
  OK    screenshot docs/icons/files.png
docs/icons/filesnone.png: 800 x 600
  OK    screenshot docs/icons/filesnone.png
  OK    the overview sheets are rendered
        docs/icons/icons-light.png: 632 x 722, 34796 octets
        docs/icons/icons-dark.png: 632 x 722, 34998 octets
        docs/icons/icons-grey.png: 632 x 722, 34357 octets
        
        legibility, measured through the kernel's own rasteriser:
          px     icons      ink    solid    grey%
          16        42     3676     1019    68.0
                no fully covered pixel at 16 px: icon.window.minimise
                no fully covered pixel at 16 px: icon.menu
          20        42     5460     1817    62.3
                no fully covered pixel at 20 px: icon.window.minimise
                no fully covered pixel at 20 px: icon.menu
          24        42     6328     3703    31.5

icons: 24 ok, 1 failed
