accel: kvm (/dev/kvm ist da)
== 1. bauen: der Kern und der Werkzeugkasten, aus beiden Uebersetzern ==
  OK    firnc0: der Kern und 35 Programme sind gebaut
  OK    firnc1: dasselbe aus dem Uebersetzer, der in Firn geschrieben ist
  OK    kein Werkzeug dieser Runde hat ein undefiniertes Symbol
  OK    das groesste Programm, gegen die 2135552 Oktette einer Datei: 127544
== 2. die Abbilder: Werkzeuge, Vorlagen und Skripte ==
  OK    mkfs.py hat ein Abbild von 4096 Bloecken mit dem Werkzeugkasten gebaut
  OK    Programme auf der Platte: 35
== 3. jedes Werkzeug gegen sein Linux-Gegenstueck, Oktett fuer Oktett ==
  OK    find-Lauf: der Kern beendet sich selbst (21)
  OK    find: -type f, -name, alles, -maxdepth, -empty, -type d wie GNU
  OK    Text-Lauf: der Kern beendet sich selbst (21)
  OK    sed, cut, tr, basename, dirname, seq, which wie GNU
  OK    diff-Lauf: der Kern beendet sich selbst (21)
  OK    diff -u: Kopfzeilen, @@-Bloecke und Umfeld wie GNU
  OK    Werkzeug-Lauf: der Kern beendet sich selbst (21)
  OK    du, xargs, tee und mount sagen, was sie sollen
  OK    mount nennt Bloecke, freie Bloecke und Inodes aus dem Superblock
  OK    top: die Kopfzeile kommt aus SYS_OSUM_SYSINFO
== 4. was kaputt ist, wird gesagt: Fehlerfaelle und Randfaelle ==
  OK    Fehler-Lauf: der Kern lebt danach noch (21)
  OK    Fehlerfall: cut=1
  OK    Fehlerfall: sed=2
  OK    Fehlerfall: diff=2
  OK    Fehlerfall: find=1
  OK    Fehlerfall: du=1
  OK    Fehlerfall: tar=2
  OK    Fehlerfall: gunzip=1
  OK    Fehlerfall: sedverz=2
  OK    cut sagt, welche Datei fehlt
  OK    gunzip erkennt, dass das kein gzip ist
  OK    Text ohne abschliessenden Zeilenumbruch: 12 Oktette, unveraendert durch cat
  OK    wc -c zaehlt die 12 Oktette ohne Zeilenumbruch
  OK    cut -c auf einer Zeile von 900 Zeichen
== 5. die Shell ist eine Sprache: if, while, for, case, Funktionen ==
  OK    Shell-Lauf: der Kern beendet sich selbst (21)
  OK    if/elif/else, test, while, for, case, Funktionen, shift, export
== 6. tar und gzip gegen die echten: in beide Richtungen ==
  OK    Pack-Lauf: der Kern beendet sich selbst (21)
  OK    tar -tf nennt denselben Baum, gzip/gunzip geben dieselbe Laenge
  OK    das Archiv liegt auf der Platte (6144 Oktette)
  OK    GNU tar packt aus, was Osum gepackt hat
  OK    und der Baum ist danach Datei fuer Datei derselbe
  OK    GNU tar liest die Rechte 0755 des Verzeichniseintrags
  OK    GNU gunzip packt aus, was Osums gzip gepackt hat
  OK    und es ist wirklich kleiner geworden (21890 -> 1703): 1703
  OK    Binaerdaten: 2048 Oktette durch gzip und zurueck
  OK    unkomprimierbare Daten wachsen um weniger als ein Prozent: 307
  OK    ein zweites Abbild mit den Archiven des WIRTS darauf
  OK    Einlese-Lauf: der Kern beendet sich selbst (21)
  OK    Osums tar und gunzip lesen, was GNU geschrieben hat
== 7. patch: was diff erzeugt, wieder einspielen -- und GNU dazwischen ==
  OK    patch-Lauf: der Kern beendet sich selbst (21)
  OK    Osum: diff erzeugt, patch spielt ein, die Datei ist die neue
  OK    und auf der PLATTE stehen dieselben Oktette
  OK    GNU patch spielt ein, was Osums diff erzeugt hat
  OK    Osums patch spielt ein, was GNUs diff erzeugt hat
== 8. der Editor, wirklich bedient: Tasten ueber den QEMU-Monitor ==
  OK    Editor-Lauf A: der Kern beendet sich selbst (21)
  OK    der Editor meldet sich auf der seriellen Leitung
  OK    DIE GESICHERTE DATEI, Oktett fuer Oktett aus dem Plattenabbild
  OK    auf der seriellen Leitung steht die geaenderte Zeile im Textfeld
  OK    und darueber der Kopfbalken mit dem Dateinamen
  OK    und unten die Tastenzeile
  OK    das Bildschirmfoto steht (1440015 Oktette)
  OK    AUF DEM BILDSCHIRM steht dieselbe Zeile -- aus dem Foto gelesen
  OK    und die Tastenzeile steht auch dort
  OK    Zeilen, die auf BEIDEN Wegen gleich stehen (von 24): 22
  OK    Editor-Lauf B (ohne Bildschirm): Beendigungscode 21
  OK    Pfeile, Zeilenanfang, trennen, Entf und Ruecktaste -- Oktett fuer Oktett
  OK    Editor-Lauf C: Beendigungscode 21
  OK    zweimal ausschneiden, einmal einfuegen, ein X wieder zurueck
  OK    Editor-Lauf D: Beendigungscode 21
  OK    suchen und ersetzen: aXbXc wird a-b-c
  OK    Editor-Lauf E: Beendigungscode 21
  OK    EINE DATEI, DIE VORHER NICHT DA WAR, mit der Tastatur geschrieben
  OK    Editor-Lauf F (lange Zeile): Beendigungscode 21
  OK    900 Zeichen, ans Ende gesprungen, angehaengt, gesichert
== 9. Gegenproben: was NICHT passieren darf ==
  OK    GEGENPROBE: ohne Sichern bleibt die Datei, wie sie war
  OK    GEGENPROBE: mit Umschalt kommen Grossbuchstaben, ohne nicht
  OK    Fluchtfolgen auf der seriellen Leitung (Oktett 27): 143
  OK    GEGENPROBE: auf dem gerechneten Schirm steht KEINE rohe Folge mehr: 0
  OK    mount nennt das eingehaengte Dateisystem (einmal, vor dem Aushaengen): 1
  OK    GEGENPROBE: nach umount startet kein Programm mehr von der Platte
  OK    GEGENPROBE: ohne 'gfx' ist der Bildmodus nicht gesetzt
  OK    64 Bereiche in 0x80000 Oktetten kdata, 7 Vektoren, 87 Modusnamen in 16 Woertern, 0 Kollisionen
  OK    und der Bereich dieser Runde steht in der Karte
  OK    eigene Aufrufnummern im Block 1400..1499: 2
  OK    der Block ist in der Karte von sys.fi eingetragen
  OK    keine Aufrufnummer ist zweimal vergeben
  OK    GEGENPROBE: nur was exportiert ist, kommt beim Kind an
== 10. nichts leckt: Rahmen vorher = Rahmen nachher ==
  OK    Leck-Lauf: der Kern beendet sich selbst (21)
  OK    df meldet keine Rahmenzahl -- nichts zu vergleichen

K11: 85 passed, 0 failed
