accel: kvm (/dev/kvm ist da)
== 1. bauen: ein Kern, zehn neue Programme, die Speicherkarte ==
  OK    firnc0 baut den Kern mit Benutzern, Rechten und init
  OK    firnc0 baut 19 Programme in Ring 3
  OK    kein neues Programm hat ein undefiniertes Symbol
  OK    64 Bereiche in 0x80000 Oktetten kdata, 7 Vektoren, 87 Modusnamen in 16 Woertern, 0 Kollisionen
  OK    der Bereich dieser Runde (0x41000..0x43000) steht in der Karte
  OK    GEGENPROBE: K13 auf 0x40000 kollidiert mit HV und faellt auf
== 2. die Abbilder: /etc/passwd, /etc/shadow, /etc/inittab ==
  OK    mkfs.py baut ein Abbild der Fassung 2 mit Rechten und Eigentuemern
  OK    mkfs.py baut auch ein Abbild der Fassung 1 (--v1)
  OK    die Rechte von /bin/passwd im Abbild: /bin/passwd 4755 0 0
  OK    die Rechte von /etc/shadow im Abbild: /etc/shadow 600 0 0
  OK    dieselbe Datei in der Fassung 1 (dort gibt es keine Rechte): /bin/passwd 755 0 0
  OK    und auch /etc/shadow traegt dort keine (alles 0o755, alles root): /etc/shadow 755 0 0
== 3. Kennungen in Ring 3, ohne Platte (kernel/uprog.fi) ==
  OK    der Lauf endet ordentlich: 21
  OK    die Bootaufgabe ist root, und der erste Prozess erbt es: 0
  OK    auch die wirksame Kennung: 0
  OK    umask gibt die ALTE Maske zurueck: 0
  OK    und beim zweiten Mal die eben gesetzte (0o022): 18
  OK    root legt die wirksame Kennung ab: 7
  OK    und holt sie ueber die ECHTE zurueck: 0
  OK    setuid als root gelingt: 0
  OK    danach ist die echte Kennung 7: 7
  OK    und die Gruppe 5: 5
  OK    GEGENPROBE: setuid(0) danach ist -EPERM und nicht 0: -1
  OK    getresuid: die echte: 7
  OK    getresuid: die wirksame: 7
  OK    getresuid: die gesicherte: 7
  OK    DIE KENNUNG UEBERLEBT fork (das Kind meldet sie im Beendigungscode): 7
  OK    GEGENPROBE ZU init: ohne Prozess 1 bleibt die Waise als Leiche stehen: k13: zombies=0 after=1
== 4. Rechte: derselbe Test als root und als justin ==
  OK    die Maschine schaltet sich ueber ACPI ab (0), nicht ueber den Pruefstand (21): 0
  OK    SHA-256("abc") ist der Wert aus FIPS 180-4
  OK    sha stimmt mit Pythons hashlib ueberein
  OK    hmac stimmt mit Pythons hashlib ueberein
  OK    kdf stimmt mit Pythons hashlib ueberein
  OK    ein Eintrag wird gebaut und wiedererkannt: 1
  OK    GEGENPROBE: ein FALSCHES Passwort wird abgelehnt: 0
  OK    root: die eigene Kennung: 0
  OK    justin: die eigene Kennung nach su: 1000
  OK    root oeffnet seine Datei mit 0o600: 1
  OK    justin oeffnet seine Datei mit 0o600: 1
  OK    die Rechtebits kommen aus dem Inode zurueck (0o600 = 384): 384
  OK    0o666 abzueglich umask 0o027 ist 0o640 = 416: 416
  OK    root darf eine Datei mit 0o000 lesen (so ist die Regel): 1
  OK    justin darf es NICHT: 0
  OK    root liest /etc/shadow: 1
  OK    justin liest /etc/shadow NICHT: 0
  OK    id nennt Kennung UND Namen aus /etc/passwd
  OK    su lehnt ein falsches Passwort ab
  OK    und gibt dabei 1 zurueck: 1
  OK    MIT dem richtigen Passwort wird justin zu root
  OK    chmod 4755 steht wirklich im Inode: /w/root.txt 4755 0 0
  OK    chown justin:justin steht wirklich im Inode: /w/rootneu.txt 640 1000 1000
  OK    die Datei, die justin angelegt hat, gehoert justin: /w/ju.txt 644 1000 1000
  OK    der Kern hat 118 Rechtefragen beantwortet
  OK    davon 2 abgelehnt
  OK    das setuid-Bit hat 6 mal gegriffen
== 5. GEGENPROBEN: noperm, nosuid, ofsv2raw ==
  OK    GEGENPROBE noperm: justin darf jetzt die Datei mit 0o000 lesen: 1
  OK    GEGENPROBE noperm: justin liest jetzt auch /etc/shadow: 1
  OK    und der Zaehler der Ablehnungen steht trotzdem bei 2 -- gezaehlt wird, nur nicht gewirkt
  OK    GEGENPROBE nosuid: ohne das setuid-Bit kommt su nicht an /etc/shadow
  OK    und der Zaehler bleibt bei null: 0
  OK    ein Abbild der Fassung 1 wird als Fassung 1 eingehaengt: 1
  OK    und ist vollstaendig lesbar -- die Programme laufen
  OK    GEGENPROBE ofsv2raw: dasselbe Abbild mit den Regeln der Fassung 2 bricht zusammen
== 6. der erste Prozess: init, Dienste, Waisen, Abschaltung ==
  OK    die Maschine faehrt ueber ACPI herunter (QEMU beendet sich mit 0): 0
  OK    der Kern startet /sbin/init und nicht die Shell
  OK    init liest /etc/inittab und findet zwei Dienste
  OK    init IST der Prozess 1
  OK    und der Kern sagt es auch: 1
  OK    ein Dienst mit respawn wird neu gestartet: 1 -> 3 Starts
  OK    svc stop haelt ihn an
  OK    svc start startet ihn wieder (4 Starts)
  OK    DIE WAISE FAELLT AN DEN PROZESS 1 und wird eingesammelt: 1
  OK    und am Ende steht keine Leiche mehr: 0
  OK    die Abschaltung liest FADT und _S5_ aus der ACPI-Tafel
  OK    GEGENPROBE noacpi: derselbe Lauf endet ueber den Pruefstand (21) statt ueber ACPI (0): 21
  OK    DER NOTWEG: mit initsh endet der Lauf wie vor dieser Runde: 21
  OK    und zwar mit /bin/sh statt /sbin/init
  OK    die Shell startet unmittelbar aus dem Kern
  OK    das System ist damit vollstaendig benutzbar
== 7. die Anmeldung: Name und Passwort ueber die Konsole ==
  OK    der Lauf endet ueber ACPI: 0
  OK    init startet /bin/login, und es fragt nach dem Namen
  OK    das Passwort stimmt
  OK    die Shell dahinter laeuft als justin -- gemessen, nicht behauptet
  OK    kein Fehlversuch dabei
  OK    GEGENPROBE: ein falsches Passwort wird abgelehnt
  OK    und niemand kommt herein
== 8. passwd schreibt wirklich in /etc/shadow ==
  OK    passwd meldet Erfolg
  OK    das Passwort steht NICHT im Klartext in /etc/shadow
  OK    der Eintrag traegt seine Rundenzahl (2048) bei sich
  OK    und acht Oktette Salz aus getrandom
  OK    PYTHON rechnet denselben Wert aus dem NEUEN Passwort -- es ist PBKDF2-HMAC-SHA256
  OK    GEGENPROBE: aus dem ALTEN Passwort kommt ein anderer Wert
  OK    und /etc/shadow gehoert weiter root und traegt 0o600: /etc/shadow 600 0 0
== 9. der zweite Uebersetzer ==
  OK    firnc1 baut denselben Kern
  OK    firnc1 baut dieselben Programme
  OK    und ein Abbild daraus
  FAIL  und derselbe Lauf endet ebenso ueber ACPI: '137', erwartet '0'
  OK    justin darf die Datei mit 0o000 auch dort nicht: 0
  OK    und PBKDF2 liefert dieselben 64 Hexziffern

K13: 98 passed, 1 failed
