accel: kvm (/dev/kvm ist da)
== 1. die Nummern, die Karte von kdata und die Zahlenvorraete ==
  OK    SYS_MOUNT = 165 (Linux' Nummer)
  OK    SYS_UMOUNT2 = 166 (Linux' Nummer)
  OK    SYS_RENAME = 82 (Linux' Nummer)
  OK    SYS_OSUM_MNTSTAT = 1700 (der Block dieser Runde)
  OK    die eigene Aufrufnummer liegt im Vorrat 1700..1799: 1700
  OK    die Deskriptorarten dieser Runde sind 12 und 13
  OK    die Speicherkarte von kdata: 64 Bereiche in 0x80000 Oktetten kdata, 7 Vektoren, 87 Modusnamen in 16 Woertern, 0 Kollisionen
  OK    keine zwei Bereiche ueberschneiden sich
  OK    K14_OFF = 0x43000 liegt im zugeteilten Bereich 0x43000..0x46000
  OK    FAT_OFF = 0x44000 liegt im zugeteilten Bereich 0x43000..0x46000
  OK    PROCFS_OFF = 0x45000 liegt im zugeteilten Bereich 0x43000..0x46000
  OK    GEGENPROBE: PROCFS_OFF auf FB_OFF gelegt -- der Kartenpruefer schlaegt an
== 2. bauen: der Kern und der Werkzeugkasten, aus beiden Uebersetzern ==
  OK    firnc0: der Kern und 16 Programme sind gebaut
  OK    firnc1: dasselbe aus dem Uebersetzer, der in Firn geschrieben ist
== 3. die Tafel der Verrichtungen ist eine Tafel von ZEIGERN ==
  OK    indirekte Aufrufe im Kern (firnc0): 20
  OK    indirekte Aufrufe im Kern (firnc1): 20
  OK    vfs.node_for ruft ueber einen Zeiger (1)
  OK    vfs.v_readdir ruft ueber einen Zeiger (1)
  OK    vfs.v_attr ruft ueber einen Zeiger (1)
  OK    vfs.v_read ruft ueber einen Zeiger (1)
  OK    vfs.v_write ruft ueber einen Zeiger (1)
  OK    vfs.v_create ruft ueber einen Zeiger (1)
  OK    vfs.v_unlink ruft ueber einen Zeiger (1)
  OK    vfs.v_rename ruft ueber einen Zeiger (1)
  OK    vfs.v_trunc ruft ueber einen Zeiger (1)
  OK    Aufrufe von fs.* (OFS) in kernel/vfs.fi: 0
  OK    Verrichtungen in der Tafel von vfsops.fi: 9
== 4. die Abbilder: FAT32 von mkfs.vfat, Partitionen von sfdisk/sgdisk ==
  OK    mkfs.vfat hat ein FAT32 angelegt (64 MiB, 1 Sektor je Verband)
  OK    mcopy/mmd haben vier Dateien und ein Verzeichnis hineingelegt
  OK    sfdisk hat eine MBR-Tafel geschrieben (Typ 0x0C, FAT32 LBA)
  OK    sgdisk hat eine GPT geschrieben (Microsoft basic data)
  OK    die Wurzelplatte steht: mkfs: /tmp/tmp.bA0HMvoswy/root.img  blocks=4096 free=2771 inodes=21/128 data=34 version=2 bmblocks=1 isize=128 dirent=32 namelen=24 maxfile=2134016
== 5. der Regellauf: vier Dateisysteme nebeneinander (MBR) ==
  OK    der Kernel beendet sich selbst (21): 21
  OK    die Wurzel ist ein Eintrag der Einhaengetafel
  OK    die MBR-Tafel wurde gelesen
  OK    der FAT32-Kopf wurde angenommen
  OK    vier Dateisysteme sind eingehaengt (mount_count = 4)
  OK    auf / liegt OFS (root_type = 1)
  OK    auf /proc liegt procfs (proc_type = 2)
  OK    auf /dev liegt devfs (dev_type = 3)
  OK    auf /mnt liegt FAT32 (fat_type = 4)
  OK    und zwar auf der ZWEITEN Platte (DEV_ATA1) (fat_dev = 3)
  OK    zwei Dateisysteme haben zwei st_dev (st_dev_different = 1)
  OK    /mnttest ist NICHT /mnt (Namensgrenze) (mnttest_is_err = 2)
  OK    eine Datei zwei Ebenen tief im FAT32 (deep_fat_size = 16)
  OK    ein FAT32-Verzeichnis meldet sich als Verzeichnis (fat_dir_mode = 1)
  OK    vor dem Oeffnen: null Deskriptoren auf /mnt (opens_before = 0)
  OK    nach dem Oeffnen: einer (opens_open = 1)
  OK    umount mit offenem Deskriptor: -EBUSY (umount_busy = 16)
  OK    nach dem Schliessen: wieder null (opens_after = 0)
  OK    zwei Deskriptoren, eine offene Datei: die Einhaengung ist EINMAL offen (opens_dup = 1)
  OK    der erste von beiden geschlossen: immer noch einmal (opens_dup1 = 1)
  OK    der zweite auch: jetzt null (opens_dup0 = 0)
  OK    dann geht umount (umount_ok = 0)
  OK    und danach ist die Datei wirklich weg (gone_is_err = 2)
  OK    mount /dev/hdb1 /mnt vfat bringt sie zurueck (mount_ok = 0)
  OK    und sie ist wieder da (back_is_err = 0)
  OK    /proc/<pid>/status hat zehn Zeilen (status_lines = 10)
  OK    /proc/mounts hat eine Zeile je Einhaengung (mounts_lines = 4)
  OK    /proc/<pid>/maps waechst mit einer neuen Abbildung (maps_grew = 1)
  OK    /proc/<pid>/cmdline ist 'k14' plus Null (cmdline_len = 4)
  OK    /dev/null liest null Oktette (null_read = 0)
  OK    /dev/null schluckt alles (null_write = 64)
  OK    /dev/zero liefert Nullen (zero_all_zero = 1)
  OK    /dev/hdb liefert den Bootsatz mit 0x55 0xAA (hdb_boot_ok = 1)
  OK    /dev/hdb ist 80 MiB gross (lseek SEEK_END) (hdb_size = 83886080)
  OK    /dev/hdb meldet sich als BLOCKgeraet (hdb_mode = 1)
  OK    /dev/null meldet sich als ZEICHENgeraet (null_mode = 1)
  OK    in /proc schreiben: -EPERM (proc_write_err = 1)
  OK    in /proc anlegen: -EPERM (proc_mkdir_err = 1)
  OK    in /proc loeschen: -EPERM (proc_unlink_err = 1)
  OK    in /dev anlegen: -EPERM (dev_create_err = 1)
  OK    umbenennen ueber eine Einhaengegrenze: -EXDEV (xdev_rename = 18)
  OK    umbenennen INNERHALB von FAT32 geht (fat_renam = 0)
  OK    und der neue Name ist da (fat_renam_ok = 0)
  OK    und wieder zurueck (fat_write_back = 0)
  OK    das Messprogramm ist bis zum Ende gekommen (done = 1)
  OK    /dev/urandom: zwei Puffer unterscheiden sich in n Oktetten: 63
  OK    /proc/<pid>/status nennt die eigene Pid: 18
  OK    /proc/meminfo nennt den Speicher in kB: 261631
  OK    /proc/<pid>/fd zaehlt die eigenen Deskriptoren: 4
  OK    /proc/uptime ist eine Zeile mit zwei Zahlen: 10
  OK    Verrichtungen ueber die Ops-Tafel: 169
  OK    jede angestossene Verrichtung kam beim Treiber an (169)
  OK    ueberquerte Einhaengegrenzen: 32
== 6. FAT32 gegen mkfs.vfat, mcopy, mdir und fsck.fat ==
  OK    der Lesefall beendet sich selbst: 21
  OK    hello.txt: was mcopy hineinlegte, kam heraus
  OK    blob.bin: 5000 Oktette Zufall, Oktett fuer Oktett
  OK    unter/tief.txt: zwei Ebenen tief
  OK    einsehrlangername.txt: nur ueber den LANGEN Namen
  OK    der lange Name steht in der Auflistung
  OK    und NICHT die 8+3-Kruecke
  OK    der Schreibfall beendet sich selbst: 21
  OK    mdir sieht die von Osum angelegte Datei
  OK    mdir sieht die 5000 Oktette, die Osum kopiert hat
  OK    mdir sieht das von Osum angelegte Verzeichnis
  OK    die von Osum geloeschte Datei ist weg
  OK    kopie.bin: was Osum schrieb, liest mcopy Oktett fuer Oktett
  OK    der Inhalt der neuen Datei
  OK    im neuen Verzeichnis liegt die neue Datei
  OK    das neue Verzeichnis hat . und ..
  OK    die neuen Eintraege tragen ein gueltiges Datum
  OK    fsck.fat auf dem von Osum beschriebenen Dateisystem (0 = sauber): 0
        fsck.fat 4.2 (2021-01-31)
        /tmp/tmp.bA0HMvoswy/teil.img: 9 files, 27/129022 clusters
  OK    GEGENPROBE: ohne umount meldet fsck die nicht nachgefuehrte Zahl
== 7. die Partitionstafel: MBR, GPT und ein umgedrehtes Bit ==
  OK    der GPT-Fall beendet sich selbst: 21
  OK    der Schutz-MBR wurde als GPT erkannt
  OK    die GPT nennt eine Partition
  OK    und die Datei darin ist lesbar
  OK    beide Pruefsummen stimmen
  OK    GEGENPROBE: ein umgedrehtes Bit im GPT-Kopf faellt auf
  OK    GEGENPROBE: und die Platte wird danach NICHT gelesen
  OK    GEGENPROBE nopart: nur drei Einhaengungen
  OK    GEGENPROBE nopart: ohne Partitionstafel wird kein FAT32 gefunden
  OK    der Freigabelauf beendet sich selbst: 21
  OK    /mnt steht vor dem Aushaengen genau einmal in der Tafel: 1
  OK    und der Prozess hat davon wirklich gelesen
  OK    ohne zweite Platte laeuft der Kernel weiter (21): 21
  OK    ohne zweite Platte: drei Einhaengungen
== 8. die Gegenproben: ohne die Schicht bricht jede Zusage weg ==
  OK    der novfs-Lauf beendet sich selbst: 21
  OK    GEGENPROBE novfs: die Schicht meldet sich ab
  OK    GEGENPROBE novfs: nur die Wurzel steht
  OK    GEGENPROBE novfs: eine Einhaengung (mount_count = 1)
  OK    GEGENPROBE novfs: kein FAT32 (fat_type = 0)
  OK    GEGENPROBE novfs: kein /proc (proc_type = 0)
  OK    GEGENPROBE novfs: kein /dev (dev_type = 0)
  OK    GEGENPROBE novfs: keine zweite Platte im Namensraum (st_dev_different = 0)
  OK    GEGENPROBE novfs: /dev/hdb gibt es nicht (hdb_boot_ok = 0)
  OK    und das Messprogramm laeuft trotzdem durch (done = 1)
  OK    GEGENPROBE novfs: OFS traegt weiter das Userland
  OK    GEGENPROBE noprocfs: eine Einhaengung weniger
  OK    GEGENPROBE nodevfs: eine Einhaengung weniger
  OK    GEGENPROBE nofat: eine Einhaengung weniger
  OK    GEGENPROBE noprocfs: kein /proc
  OK    GEGENPROBE nodevfs: kein /dev
  OK    GEGENPROBE nofat: kein FAT32
  OK    GEGENPROBE fatro: nur lesend eingehaengt
  OK    GEGENPROBE fatro: die Datei entsteht NICHT
  OK    GEGENPROBE fatro: das Verzeichnis entsteht NICHT
  OK    GEGENPROBE fatro: und die alte Datei ist noch da
  OK    GEGENPROBE fatro: die Platte ist Oktett fuer Oktett unveraendert
== 9. OFS ist ein NUTZER der Schicht, kein Sonderfall daneben ==
  OK    der gerade Weg beendet sich selbst: 21
  OK    der Weg ueber die Ops-Tafel beendet sich selbst: 21
  OK    dieselbe Arbeit auf OFS, beide Wege, Oktett fuer Oktett
  OK    und es war wirklich Arbeit (Zeilen im Vergleich): 31
  FAIL  und die Wurzelplatte danach, Oktett fuer Oktett
  OK    mit vfsall gehen mehr Verrichtungen ueber die Tafel (6 -> 176)
== 10. /proc gegen SYS_OSUM_PSTAT: zwei Wege, dieselben Zahlen ==
  OK    der Vergleichslauf beendet sich selbst: 21
  OK    Aufgabe 1: dieselbe Pid in ps und in /proc/1/stat
  OK    Aufgabe 1: dieselbe Eltern-Pid in beiden
  OK    Aufgabe 2: dieselbe Pid in ps und in /proc/2/stat
  OK    Aufgabe 2: dieselbe Eltern-Pid in beiden
  OK    /proc/1/stat nennt die Art der Aufgabe

K14: 151 passed, 1 failed
