accel: kvm (/dev/kvm ist da)
== 1. bauen: der Kern, die Bibliothek und die Programme, aus beiden Uebersetzern ==
  OK    firnc0: Kernel gebaut (2833252 Oktette)
  OK    firnc1: Kernel gebaut (6688192 Oktette)
  OK    firnc0: 9 Programme gebaut, davon /bin/explorer mit 485392 Oktetten
  OK    firnc1: dieselben aus dem Uebersetzer, der in Firn geschrieben ist
  OK    der Kernel traegt wlib__button NICHT (die Bibliothek liegt in Ring 3)
  OK    der Kernel traegt wlib__step NICHT (die Bibliothek liegt in Ring 3)
  OK    der Kernel traegt wlibc__text_at NICHT (die Bibliothek liegt in Ring 3)
  OK    Zeilen der Bibliothek in Ring 3: 6158
  OK    Zeilen der Naht im Kernel -- so wenig Kernel wie moeglich: 548
  OK    der Verzeichnisbaum fuer den Dateimanager ist gebaut (baum: 8 Stueck in /data, 12 Zeilen fuer mkfs)
  OK    mkfs.py baut ein Abbild mit den Schriften, den Programmen und /etc/theme
== 2. die Speicherkarte: drei Seiten, und nur die drei ==
  OK    die Speicherkarte von kdata: 64 Bereiche in 0x80000 Oktetten kdata, 7 Vektoren, 87 Modusnamen in 16 Woertern, 0 Kollisionen
  OK    der Bereich WIG steht in der Karte
  OK    der Bereich liegt im zugeteilten Vorrat: 0x46000 0x49000 
  OK    die Aufrufnummer 1800 steht in kernel/sys.fi
  OK    die Aufrufnummer 1806 steht in kernel/sys.fi
  OK    die Aufrufnummer 1807 steht in kernel/sys.fi
  OK    die Aufrufnummer 1808 steht in kernel/sys.fi
  OK    die Aufrufnummer 1809 steht in kernel/sys.fi
  OK    und 1809 ist die hoechste
  OK    alle Aufrufe dieser Runde liegen zwischen 1800 und 1899
  OK    mit WIG_OFF auf 0x1E000 findet der Pruefer die Kollision mit WM
== 3. die Anwendung steht da: Anordnung, Rechtecke, Reihenfolge ==
  OK    der Kern beendet sich sauber: 21
  OK    der Kern haelt fuer das Foto still
  OK    die Zusagen der Naht ueber sich selbst: 7
  OK    die Anwendung kommt VON DER PLATTE
  OK    sie hat ihr Fenster angelegt und gemalt
  OK    das Fenster ist so breit, wie die Anwendung es bestellt hat: 480
  OK    und so hoch: 400
  OK    die Anordnung: 12 Rechtecke, alle im Fenster 480x400, keine Ueberschneidung, Reihenfolge in 5 Spalten richtig
  OK    ein Rechteck, das aus dem Fenster ragt, faellt dem Pruefer auf
== 4. der Text -- JE ZEICHEN gegen die zweite Rasterung ==
  OK    die Anwendung meldet den Text 'kopf': OSUM K15 WIDGETS
  OK    'OSUM K15 WIDGETS' steht bildpunktgenau im Fenster (kopf) (14 Zeichen, 820 Tintenpunkte geprueft, 0 falsch)
  OK    die Anwendung meldet den Text 'knopf': Knopf
  OK    'Knopf' steht bildpunktgenau im Fenster (knopf) (5 Zeichen, 253 Tintenpunkte geprueft, 0 falsch)
  OK    die Anwendung meldet den Text 'e1': Kopiermich
  OK    'Kopiermich' steht bildpunktgenau im Fenster (e1) (10 Zeichen, 457 Tintenpunkte geprueft, 0 falsch)
  OK    die Zeilenhoehe der Liste: 20
  OK    Zeile 0 der Liste, in der AUSWAHLFARBE (5 Zeichen, 235 Tintenpunkte geprueft, 0 falsch)
  OK    Zeile 1 der Liste (4 Zeichen, 195 Tintenpunkte geprueft, 0 falsch)
  OK    Zeile 2 der Liste (5 Zeichen, 309 Tintenpunkte geprueft, 0 falsch)
  OK    Zeile 3 der Liste (5 Zeichen, 232 Tintenpunkte geprueft, 0 falsch)
  OK    Zeile 4 der Liste (7 Zeichen, 306 Tintenpunkte geprueft, 0 falsch)
  OK    derselbe Pruefer geht mit dem FALSCHEN Text NICHT auf
  OK    und an einer Stelle, an der kein Text steht, auch nicht
  OK    und mit der falschen Hintergrundfarbe auch nicht
  OK    der Text der Bibliothek ist wirklich kantengeglaettet (2809 von 7200 Bildpunkten sind Zwischenstufen (mindestens 100))
== 5. die Widgets stehen da, wo die Anordnung sie hingelegt hat ==
  OK    der Fokusring liegt bildpunktgenau um die Reiter (Rahmen 456x26 bei (74,124): 0 von 964 Kantenpunkten falsch, 0 Treffer eine Reihe daneben)
  OK    und um den Knopf, der ihn NICHT hat, liegt keiner
  OK    die Flaeche des Knopfes hat die Farbe aus /etc/theme (btn=3a4a5e) (0 von 80 Bildpunkten falsch)
  OK    das Textfeld hat seine eigene Flaeche (0 von 600 Bildpunkten falsch)
== 6. bedienen: echte Klicks aus dem QEMU-Monitor ==
  OK    der Kern beendet sich sauber: 21
  OK    der Knopf meldet sich -- mit seiner Nummer und seiner Art
  OK    und genau EINMAL: 1
  OK    ohne Klick meldet sich kein Widget
  OK    das Kaestchen kippt und meldet seinen neuen Wert
  OK    Bildpunkte des Hakens NACH dem Klick: 20
  OK    und VOR dem Klick (die Gegenprobe): 0
  OK    der zweite Reiter ist aktiv: 1
  OK    und der Reiter meldet den Wechsel
== 7. die Tastatur: Weiterschaltung, Tippen, Zwischenablage ==
  OK    der Kern beendet sich sauber: 21
  OK    was im zweiten Textfeld steht: Kopiermich-ab
  OK    in die Zwischenablage geschrieben: 1
  OK    und daraus gelesen: 1
  OK    und es steht bildpunktgenau im zweiten Feld (13 Zeichen, 573 Tintenpunkte geprueft, 0 falsch)
  OK    im Lauf OHNE Tastendruecke steht dort NICHTS
  OK    mit 'noclip' kommt NUR das Getippte an: -ab
  OK    und im Bild steht der eingefuegte Text dann nicht
  OK    nach der Tabulatortaste tippt man in das NAECHSTE Feld: xy
  OK    und im vorigen steht unveraendert, was darin stand: Kopiermich
  OK    der Fokusring ist mitgewandert -- er liegt jetzt um das zweite Feld (Rahmen 456x24 bei (74,216): 0 von 960 Kantenpunkten falsch, 0 Treffer eine Reihe daneben)
  OK    und NICHT mehr um das erste
== 8. Menues und Dialoge -- eigene Fenster beim Server ==
  OK    die rechte Taste kommt bei der Liste an, mit der Zeile
  OK    und die Bibliothek macht ein EIGENES Fenster dafuer auf
  OK    es liegt genau am Zeiger: 174 396
  OK    und ist so hoch, wie drei Punkte brauchen: 70
  OK    Menuepunkt 0 steht bildpunktgenau im Menuefenster: 'Oeffnen' (7 Zeichen, 345 Tintenpunkte geprueft, 0 falsch)
  OK    Menuepunkt 1 steht bildpunktgenau im Menuefenster: 'Umbenennen' (10 Zeichen, 533 Tintenpunkte geprueft, 0 falsch)
  OK    Menuepunkt 2 steht bildpunktgenau im Menuefenster: 'Entfernen' (9 Zeichen, 407 Tintenpunkte geprueft, 0 falsch)
  OK    der Rahmen des Menuefensters liegt bildpunktgenau (Rahmen 128x94 bei (174,396): 0 von 444 Kantenpunkten falsch, 0 Treffer eine Reihe daneben)
  OK    ohne rechte Taste gibt es das Menue NICHT
  OK    und ein anderes Wort steht auch bei Toleranz 64 nicht dort
  OK    ein Klick auf einen Menuepunkt meldet ihn beim Besitzer
  OK    und das Menue hat genau EINMAL gefeuert: 1
  OK    danach ist das Menuefenster wieder weg
  OK    der Dialog ist ein eigenes Fenster
  OK    er ist so breit, wie die Bibliothek ihn baut: 340
  OK    und er steht mittig auf dem Schirm, bildpunktgenau (Rahmen 344x132 bei (230,246): 0 von 952 Kantenpunkten falsch, 0 Treffer eine Reihe daneben)
  OK    seine Frage steht darin, je Zeichen (9 Zeichen, 495 Tintenpunkte geprueft, 0 falsch)
  OK    der Dialog wird mit OK bestaetigt und gibt seinen Text zurueck
  OK    und der Text ist der, mit dem er aufgemacht wurde: Kopiermich
  OK    danach ist auch das Dialogfenster weg
== 9. der Dateimanager: /bin/files gegen die Platte ==
  OK    der Kern beendet sich sauber: 21
  OK    /bin/explorer kommt von der Platte
  OK    und hat sein Fenster gemalt
  OK    er zaehlt so viele Stuecke in /data, wie tree.py angelegt hat: 8
  OK    die Anordnung des Dateimanagers: 9 Rechtecke, alle im Fenster 660x430, keine Ueberschneidung, Reihenfolge in 7 Spalten richtig
  OK    die Kopfzeile: die erste Spalte heisst 'Name' (4 Zeichen, 240 Tintenpunkte geprueft, 0 falsch)
  OK    und die zweite 'Size' (4 Zeichen, 178 Tintenpunkte geprueft, 0 falsch)
  OK    Zeile 0 der Tabelle: 'bilder' (6 Zeichen, 254 Tintenpunkte geprueft, 0 falsch)
  OK    Zeile 1 der Tabelle: 'notizen' (7 Zeichen, 304 Tintenpunkte geprueft, 0 falsch)
  OK    Zeile 2 der Tabelle: 'alpha.txt' (9 Zeichen, 355 Tintenpunkte geprueft, 0 falsch)
  OK    und ihre Groesse in Spalte 2: 5 (1 Zeichen, 58 Tintenpunkte geprueft, 0 falsch)
  OK    Zeile 3 der Tabelle: 'beta.txt' (8 Zeichen, 315 Tintenpunkte geprueft, 0 falsch)
  OK    und ihre Groesse in Spalte 2: 9 (1 Zeichen, 63 Tintenpunkte geprueft, 0 falsch)
  OK    Zeile 4 der Tabelle: 'delta.txt' (9 Zeichen, 352 Tintenpunkte geprueft, 0 falsch)
  OK    und ihre Groesse in Spalte 2: 0 (1 Zeichen, 59 Tintenpunkte geprueft, 0 falsch)
  OK    Zeile 5 der Tabelle: 'epsilon.txt' (11 Zeichen, 426 Tintenpunkte geprueft, 0 falsch)
  OK    und ihre Groesse in Spalte 2: 300 (3 Zeichen, 171 Tintenpunkte geprueft, 0 falsch)
  OK    Zeile 6 der Tabelle: 'gamma.txt' (9 Zeichen, 429 Tintenpunkte geprueft, 0 falsch)
  OK    und ihre Groesse in Spalte 2: 33 (2 Zeichen, 106 Tintenpunkte geprueft, 0 falsch)
  OK    Zeile 7 der Tabelle: 'zeta.md' (7 Zeichen, 325 Tintenpunkte geprueft, 0 falsch)
  OK    und ihre Groesse in Spalte 2: 7 (1 Zeichen, 39 Tintenpunkte geprueft, 0 falsch)
  OK    die Rechte eines Verzeichnisses, aus den Bits von stat (10 Zeichen, 373 Tintenpunkte geprueft, 0 falsch)
  OK    und eine ANDERE Rechtezeichenkette faellt bei derselben Toleranz durch
  OK    und die einer Datei (10 Zeichen, 206 Tintenpunkte geprueft, 0 falsch)
  OK    die Spalte Zeit zeigt zwei Striche -- OFS hat keinen Zeitstempel (2 Zeichen, 20 Tintenpunkte geprueft, 0 falsch)
== 9b. hineingehen, sortieren, anlegen ==
  OK    der Doppelklick geht in das Verzeichnis hinein
  OK    und darin liegen zwei Dateien: 2
  OK    die erste davon steht im Bild (8 Zeichen, 372 Tintenpunkte geprueft, 0 falsch)
  OK    und der alte Inhalt steht NICHT mehr da
  OK    ein Klick auf die Kopfzeile sortiert um
  OK    und zwar nach Spalte 1 (Groesse): 1
  OK    nach der Groesse sortiert steht die leere Datei zuerst unter den Dateien (9 Zeichen, 352 Tintenpunkte geprueft, 0 falsch)
  OK    nach dem Namen sortiert stand dort etwas anderes
  OK    der Dialog legt ein Verzeichnis an
  OK    und der Kernel nimmt es an: 0
  OK    und /data/neu steht WIRKLICH im Plattenabbild
  OK    im Abbild ohne die Bedienung steht es NICHT (die Gegenprobe)
== 10. die Zeiten: was ein Neuzeichnen wirklich kostet ==
  OK    Bildpunkte fuer den ganzen Aufbau des Fensters: 192000
  OK    ein Klick auf das Kaestchen kostet 18184 Bildpunkte statt 192000 -- Faktor 10
  OK    und dafuer 2 Aufrufe hinueber, nicht mehr: 2
  OK    Glyphen, die die Bibliothek beim Kernel geholt hat (je Zeichen EINE): 37
  OK    mit Bereichsverfolgung setzt der Server 13342584 Bildpunkte zusammen, ohne sie 25440000 -- Faktor 1
  OK    und die Anwendung hat in beiden Laeufen dasselbe getan: 1
== 11. die Gegenproben ==
  OK    mit 'nohit' meldet sich KEIN Widget
  OK    und das Kaestchen bleibt leer: 0
  OK    auch im Bild: kein Bildpunkt des Hakens: 0
  OK    obwohl der Klick beim Fenster ANGEKOMMEN ist: 1
  OK    mit 'nomouse' kommt gar kein Klick an
  OK    die Anwendung malt trotzdem -- nur bedienen kann man sie nicht
  OK    im Regellauf bekommt das Terminalfenster KEINE Taste: 0
  OK    mit 'nofocus' bekommt es sie alle: 3
  OK    ohne das Wort 'wig' wird keine Anwendung gestartet
  OK    und es meldet sich keine
  OK    statt dessen laeuft die Anwendung der Runde K10 wie vorher
  OK    und der Fensterserver sagt dasselbe wie vorher: 30
  OK    die Naht hat in diesem Lauf nichts hinuebergeschoben: 0
== 12. das Farbschema kommt aus einer Datei ==
  OK    Farben, die aus /etc/theme gelesen wurden: 12
  OK    mit btn=804020 in der Datei hat der Knopf DIESE Farbe (0 von 80 Bildpunkten falsch)
  OK    und die vorige hat er dann NICHT mehr
  OK    und der Text darauf ist gegen den neuen Grund gemischt (5 Zeichen, 253 Tintenpunkte geprueft, 0 falsch)
== 13. das Zeigerbild -- die einzige Stelle, an der Ring 3 dem Server etwas ueber den Zeiger sagt ==
  OK    ueber einem Textfeld wird der Zeiger zum Balken: 1
  OK    sonst bleibt er der Pfeil: 0
  OK    die Mitte des Balkens ist weiss (255 255 255)
  OK    und drei Bildpunkte weiter rechts ist nichts vom Zeiger
== 14. der Name, der zweite Name und die Auffindbarkeit ==
  OK    der Anzeigename steht NICHT im Code ('Datei-Explorer' steht nicht im Code von kernel/user/explorer.fi (wohl aber in einer Anmerkung))
  OK    und der des Starters auch nicht
  OK    eine Zeichenkette, die wirklich im Code steht, findet er (die Gegenprobe)
  OK    RUNDE I18N: 'Ausfuehren' steht nicht mehr im Quelltext des Starters
  OK    sondern in assets/apps/explorer.osp/INFO
  OK    und das Programm holt ihn aus dem Buendel
  OK    der Anzeigename steht bildpunktgenau in der Titelleiste (14 Zeichen, 587 Tintenpunkte geprueft, 0 falsch)
  OK    und ein anderer Name steht dort NICHT
  OK    /bin/explorer liegt auf der Platte
  OK    und /bin/files daneben
  OK    beide Namen geben dieselben 485392 Oktette
  OK    der Verweis spart 965 Bloecke gegen die Kopie (3095 frei statt 2130)
  OK    und er braucht eine Inode weniger: 1
== 14b. das Anwendungsverzeichnis und der Starter ==
  OK    der Kern beendet sich sauber: 21
  OK    der Starter kommt von der Platte
  OK    er findet so viele Programme, wie .osp-Buendel im Baum liegen: 5
  OK    und das Buendel fuehrt den Dateimanager mit Name UND Befehl
  OK    das Buendel traegt INFO
  OK    das Buendel traegt symbol
  OK    das Buendel traegt start
  OK    das Buendel traegt data/README
  OK    so viele Buendel liegen unter /apps: 5
  OK    und der alte Ort ist weg -- eine Beschreibung, zwei Orte, waeren einer zu viel
  OK    die erste Zeile des Starters, je Zeichen (39 Zeichen, 1746 Tintenpunkte geprueft, 0 falsch)
  OK    und die zweite (31 Zeichen, 1383 Tintenpunkte geprueft, 0 falsch)
  OK    das Symbol von explorer im Abbild ist die Zeichnung aus dem Quellbaum (symbol: 16x16, 256 Bildpunkte, alle gleich)
  OK    das Symbol von editor im Abbild ist die Zeichnung aus dem Quellbaum (symbol: 16x16, 256 Bildpunkte, alle gleich)
  OK    das Symbol des Dateimanagers steht Punkt fuer Punkt im Bild (169 deckende Bildpunkte, alle gleich)
  OK    und es ist NICHT das des Editors (die Gegenprobe) (falsch 161 von 169 deckenden)
  OK    in Zeile 1 steht dafuer das des Editors (169 deckende Bildpunkte, alle gleich)
== 14c. die Suche -- und dass wirklich die Schluesselwoerter greifen ==
  OK    'folder' steht in KEINEM Anzeigenamen und in KEINER Beschreibung
  OK    'files' steht in KEINEM Anzeigenamen und in KEINER Beschreibung
  OK    'manager' steht in KEINEM Anzeigenamen und in KEINER Beschreibung
  OK    'verzeichnis' steht in KEINEM Anzeigenamen und in KEINER Beschreibung
  OK    getippt 'folder': GENAU EIN Treffer, und es ist ein Programm
  OK    auch der Starter holt seinen eigenen Namen aus den Daten
  OK    der Treffer ist der Datei-Explorer
  OK    im Bild steht er in Zeile 0 der Trefferliste (39 Zeichen, 1746 Tintenpunkte geprueft, 0 falsch)
  OK    und in Zeile 1 steht nichts mehr
  OK    OHNE die Schluesselwoerter findet 'folder' NICHTS
  OK    obwohl dasselbe Verzeichnis mit denselben 5 Programmen gelesen wurde
  OK    und im Bild steht dann auch keine Zeile
  OK    ein Wort, das nirgends steht, findet NICHTS -- kein Programm und keine Datei
  OK    und 'quaste' steht wirklich in keiner INFO
  OK    ohne Suchbegriff stehen alle 5 Programme in der Liste
== 15. der Namensindex: das GANZE Dateisystem, und sofort ==
  OK    tools/k15/bigfs.py: gross: 4000 Dateien, 17 Ordner, 4018 Namen
  OK    das grosse Abbild: mkfs: /tmp/tmp.cOGfSe9Gu5/gross.img  blocks=4096 free=2300 inodes=4022/4096 data=1026 version=2 bmblocks=1 isize=128 dirent=32 namelen=24 maxfile=2134016
  OK    so viele Namen traegt das Abbild insgesamt: 4021
  OK    der Kern beendet sich sauber: 21
  OK    1. DER AUFBAU: so viele Namen aus der Inode-Tabelle: 4021
  OK    und kein Satz ist unterwegs verlorengegangen: 4021
  OK    abgeschnitten wurde nichts: 0
  OK    und das in so wenigen Systemaufrufen (63 Saetze je Aufruf): 65
  OK    Mikrosekunden fuer den ganzen Aufbau: 36830775
        -> 4021 Namen in 36830775 us, 65 Aufrufe; das ist 9159 us je Name
  OK    2. DIE SUCHE: sie ist um Groessenordnungen billiger als der Aufbau: 29115
        -> Aufbau 36830775 us, eine Suche 1264 us (zehn gemessen: 12648 us)
  OK    3. DIE GEGENPROBE: der Baumdurchlauf sieht dieselben Namen: 4021
  OK    und er findet GENAU DIESELBE ZAHL Treffer: 1
  OK    und DIESELBEN NAMEN -- sortiert, Oktett fuer Oktett verglichen
  OK    und der Index ist dabei um ein Vielfaches schneller: 72428
        -> Baumdurchlauf 91622558 us, Suche im Index 1264 us
  OK    und beide finden so viele, wie die Liste des Abbilds hergibt: 1
  OK    und der Treffer traegt seinen ganzen Pfad, aus den Elternnummern gebaut
  OK    ein Wort, das VIELE trifft: der Index findet so viele: 179
  OK    und der Baumdurchlauf genauso viele: 179
  OK    und wieder Name fuer Name dieselben
  OK    die Liste des Abbilds kennt 'quaste' so oft: 0
  OK    5. der Index findet 'quaste' NICHT
  OK    und der Baumdurchlauf auch nicht
  OK    obwohl er dabei alle 4021 Namen angesehen hat: 4021
== 15b. das Journal: anlegen, umbenennen, loeschen -- ohne Neuaufbau ==
  OK    der Kern beendet sich sauber: 21
  OK    nach dem Anlegen findet der Index die neue Datei
  OK    nach dem Umbenennen den NEUEN Namen und den alten nicht mehr
  OK    und nach dem Loeschen keinen von beiden
  OK    der Index hat dabei einen Namen mehr bekommen: 1
  OK    und am Ende wieder so viele wie am Anfang: 4021
  OK    und der Ring hat keinen Satz verworfen
  OK    genau EIN Aufbau im ganzen Lauf, und danach nur noch Journal: 1
  OK    OHNE das Journal weiss der Index von der neuen Datei nichts
  OK    und von den anderen beiden Schritten auch nicht
  OK    seine Namensliste hat sich kein einziges Mal geaendert: 4021
  OK    er hat null Saetze abgeholt: 0
  OK    der Lauf MIT Journal dagegen vier: 4
== 15c. der Starter sucht Dateien, nicht nur Programme ==
  OK    'blau' steht in KEINER INFO: was gefunden wird, kann nur eine Datei sein
  OK    getippt 'blau': ein Treffer, und er ist KEIN Programm, sondern eine Datei
  OK    und es ist die Datei, die wirklich dort liegt
  OK    was das Abbild an dieser Stelle auch wirklich fuehrt
  OK    und im Bild steht der Pfad in Zeile 0 der Trefferliste, je Zeichen (21 Zeichen, 913 Tintenpunkte geprueft, 0 falsch)
  OK    der Starter hat dafuer einen Index ueber so viele Namen gebaut: 66
  OK    OHNE den Namensindex findet 'blau' NICHTS
  OK    weil gar keiner gebaut wurde
  OK    obwohl dasselbe Anwendungsverzeichnis mit denselben 5 Buendeln gelesen wurde
  OK    und im Bild steht dann auch kein Pfad
== 15d. und die alten Abbilder sind Oktett fuer Oktett die alten ==
  OK    zweimal gebaut, zweimal dieselben Oktette
  OK    ohne --inodes faengt der Datenbereich weiter bei Block 34 an
  OK    und die Tabelle hat weiter 128 Inodes
  OK    mit --inodes=4096 rueckt er dagegen auf Block 1026
  OK    und derselbe Kernel haengt beide ein, ohne eine Zeile Unterschied

K15: 252 passed, 0 failed
