accel: kvm (/dev/kvm ist da)
== 1. der Assembler: aus dem .s von firnc unmittelbar ein Programm ==
  OK    fas ist gebaut (149208 Oktette)
  FAIL  fas scheitert an: bsec[fas: Zeile 30880: diesen Namen gibt es n '_F1.u_start'] bstore[fas: Zeile 79614: diesen Namen gibt es n '_F1.u_start'] chacha[fas: Zeile 13927: diesen Namen gibt es n '_F1.u_start'] msg[fas: Zeile 23228: diesen Namen gibt es n '_F1.u_start'] nv[fas: Zeile 14847: diesen Namen gibt es n '_F1.u_start'] qs[fas: Zeile 67444: diesen Namen gibt es n '_F1.u_start'] sha[fas: Zeile 18436: diesen Namen gibt es n '_F1.u_start']
  FAIL  Programme, die fas gebunden hat: 100, erwartet eq 107
  OK    16 von 16 Programmen: fas und as+ld sagen dasselbe und gehen mit demselben Code
  OK    GEGENPROBE: ein unbekannter Befehl bricht ab -- mit Zeilennummer und Wort
  OK    GEGENPROBE: ohne die Marke _start bricht fas ab
  OK    GEGENPROBE: ein Sprung auf einen unbekannten Namen bricht ab
  OK    und dieselbe Quelle ohne den Fehler laeuft und gibt 5 zurueck: 5
== 2. die Zahlen, aus denen die Kernaenderungen folgen ==
  OK    firnc1 braucht so viel Adressraum (MiB) -- Osum gibt 3 MiB Abbild und 6 MiB Arena: 3
  OK    firnc1 braucht so viel Stapel (KiB) -- Osum gibt jetzt 504: 104
  OK    GEGENPROBE: mit einem MiB weniger Adressraum geht es nicht: 0
  OK    GEGENPROBE: mit acht KiB weniger Stapel geht es nicht: 0
== 3. die Speicherkarte: der Bereich dieser Runde ueberschneidet keinen ==
  OK    64 Bereiche in 0x80000 Oktetten kdata, 7 Vektoren, 87 Modusnamen in 16 Woertern, 0 Kollisionen
  OK    der Bereich K16 steht in tools/kernel/memmap.py und wird mitgerechnet
  OK    GEGENPROBE: auf einer schon belegten Seite schlaegt der Kartenpruefer an (3 Kollisionen)
== 4. der Uebersetzer auf Osum ==
  OK    firnc ist fuer Osum gebunden (1618392 Oktette, Abbild ab 0x40100000)
  OK    ein Plattenabbild mit dem Uebersetzer darauf (free=130 Bloecke)
  OK    QEMU-Beendigungscode des Uebersetzerlaufs: 21
  OK    der Uebersetzer auf Osum ist zufrieden zurueckgekommen: UEB=0
  OK    der Assembler auf Osum ist zufrieden zurueckgekommen: BIN=0
  FAIL  DAS AUF OSUM UEBERSETZTE PROGRAMM LAEUFT AUF OSUM UND SAGT SEINEN SATZ -- 'osum hat mich uebersetzt' fehlt
  FAIL  und es geht mit genau dem Code, den seine Quelle nennt: 'LAUF=127', erwartet 'LAUF=42'
  OK    die .s von Osum ist nicht leer (Oktette): 14909
  OK    ZEICHENGLEICH: der Assemblertext von Osum ist Oktett fuer Oktett der vom Wirt (14909 Oktette)
  OK    ZEICHENGLEICH: die ausfuehrbare Datei von Osum ist Oktett fuer Oktett die vom Wirt (8192 Oktette)
  OK    GEGENPROBE: eine ANDERE Quelle kommt NICHT zeichengleich heraus
  OK    Stapelseiten, die waehrend des Laufs bei Bedarf entstanden sind: 41
  OK    GEGENPROBE nostackgrow: der Uebersetzer kommt NICHT durch ()
  OK    GEGENPROBE nostackgrow: er stirbt an einem Seitenfehler
  OK    GEGENPROBE nostackgrow: und nichts wird uebersetzt
  OK    GEGENPROBE nostackgrow: kein einziges Stapelfach ist entstanden: stackgrow=0
  OK    GEGENPROBE nobigmem: ohne die grosse Arena kommt der Uebersetzer nicht durch (UEB=101)
  OK    GEGENPROBE nobigmem: und nichts wird uebersetzt
  FAIL  DER DOPPELKLICK: fopen auf eine .fi uebersetzt sie und startet sie -- 'osum hat mich uebersetzt' fehlt
  FAIL  und der Beendigungscode des uebersetzten Programms kommt durch (42): 0, erwartet ge 1
  OK    GEGENPROBE: eine .fi, die NICHT uebersetzt, endet mit 70 statt mit 0: 1
  OK    GEGENPROBE: und der Nutzer LIEST, warum -- der Grund steht auf dem Schirm
  OK    GEGENPROBE: und zwar als Satz und nicht als nackte Zahl
== 5. womit man eine Datei oeffnet: die Tabelle und der Ausleger ==
  OK    ein Plattenabbild mit den sieben Faellen darauf
  OK    QEMU-Beendigungscode des Tabellenlaufs: 21
  OK    das Programm in Ring 3 ist durchgelaufen
  OK    eine ELF-Datei wird an ihrer magischen Zahl erkannt: elf
  OK    und ihre Wirkung ist: sie SELBST starten (A_EXEC): 1
  OK    die magische Zahl ist vier Oktette lang: 4
  OK    eine .fi wird an ihrer Endung erkannt: firn
  OK    und geoeffnet wird sie mit /bin/firun: /bin/firun
  OK    die Endung im Satz ist .fi: .fi
  OK    eine .txt wird mit dem Editor geoeffnet: /bin/edit
  OK    DER INHALT GEHT VOR: /tarn.fi heisst .fi und IST ein Programm: elf
  OK    GEGENPROBE: weder magische Zahl noch bekannte Endung: -ENOEXEC: -8
  OK    GEGENPROBE: eine Datei, die es nicht gibt: -ENOENT: -2
  OK    Eintraege in der Tabelle: 8
  OK    GEGENPROBE: hinter dem letzten Eintrag: -ENOENT: -2
  OK    freg hat einen Platz vergeben: 8
  OK    nach freg wird /fremd.zzz eingeordnet (Platz 8) -- die Tabelle wirkt wirklich
  OK    und zwar mit dem Programm, das Ring 3 eingetragen hat: /bin/cat
  OK    GEGENPROBE: ein Satz der falschen Laenge wird abgelehnt (-EINVAL): -22
  OK    fopen auf ein Programm gibt eine Prozessnummer: 5
  OK    GEGENPROBE: fopen auf einen Pfad, den es nicht gibt, startet NICHTS: -2
  OK    ein Skript mit #! startet ueber seinen Ausleger: 6
  OK    DER AUSLEGER BEKOMMT SEIN ARGUMENT UND DEN PFAD: 'ausleger /s1.sh'
  OK    GEGENPROBE: ein #! im Kreis endet mit -ELOOP und startet nichts: -40
  OK    GEGENPROBE: eine Datei ohne #! und ohne ELF-Kopf bleibt kein Programm: -8
  OK    wie oft execve einen Ausleger gefunden hat: 5

K16: 58 passed, 6 failed
