accel: kvm (/dev/kvm ist da)
== 1. die Nummern, die Vektoren und die Karte von kdata ==
  OK    die Aufrufnummer 1701 steht in kernel/sys.fi
  OK    die Aufrufnummer 1702 steht in kernel/sys.fi
  OK    die Nummer 1701 liegt im zugeteilten Vorrat 1701..1749
  OK    die Nummer 1702 liegt im zugeteilten Vorrat 1701..1749
  OK    andere Verwendungen der Nummern 1701/1702 im Baum: 0
  OK    der Meldevektor des Reglers ist 43 (kernel/arch/x86_64/trap.fi)
  OK    und dieselbe Zahl steht im Treiber
  OK    die Speicherkarte von kdata: 64 Bereiche in 0x80000 Oktetten kdata, 7 Vektoren, 87 Modusnamen in 16 Woertern, 0 Kollisionen
  OK    keine zwei Bereiche ueberschneiden sich
  OK    der Vorrat dieser Runde faengt bei 0x50000 an (0x50000)
  OK    und ist acht Seiten gross (0x8000)
  OK    KDATA_SIZE steht in kstate.fi und boot.s gleich (0x80000)
  OK    der Vorrat dieser Runde endet bei 0x58000, KDATA_SIZE ist 0x80000
  OK    M_USB liegt in Wort 6 des Modusvektors (Index 384)
  OK    M_NOUSB liegt in Wort 6 des Modusvektors (Index 385)
  OK    M_USBPOLL liegt in Wort 6 des Modusvektors (Index 386)
  OK    M_NOHID liegt in Wort 6 des Modusvektors (Index 387)
  OK    M_NOMSC liegt in Wort 6 des Modusvektors (Index 388)
  OK    M_UNPLUG liegt in Wort 6 des Modusvektors (Index 389)
  OK    M_NOUSBIRQ liegt in Wort 6 des Modusvektors (Index 390)
  OK    M_USBSTICK liegt in Wort 6 des Modusvektors (Index 391)
  OK    M_USBHOLD liegt in Wort 6 des Modusvektors (Index 392)
  OK    Stellen im Kernel, die den Modus noch als MASKE lesen: 0
  OK    GEGENPROBE: zwei Modusnamen auf einem Index -- der Pruefer schlaegt an
  OK    GEGENPROBE: eine vergessene Maske (1<<47) hinter dem Vektor -- der Pruefer schlaegt an
  OK    GEGENPROBE: ein Ring ausserhalb des Vorrats -- der Kartenpruefer schlaegt an
  OK    GEGENPROBE: zwei Stuecke des USB-Bereichs uebereinander -- der Pruefer schlaegt an
  OK    kernel/fs.fi ruft kein usb.* -- die Blockschicht traegt es
  OK    kernel/fat.fi ruft kein usb.* -- die Blockschicht traegt es
  OK    kernel/vfs.fi ruft kein usb.* -- die Blockschicht traegt es
  OK    kernel/ofs.fi ruft kein usb.* -- die Blockschicht traegt es
  OK    kernel/part.fi ruft kein usb.* -- die Blockschicht traegt es
== 2. bauen: der Kern und die Programme, aus beiden Uebersetzern ==
  OK    firnc0: der Kern (2833252 Oktette) und 16 Programme
  OK    firnc1: dasselbe aus dem Uebersetzer, der in Firn geschrieben ist
  OK    Zeilen Treiber, die diese Runde geschrieben hat: 2851
  OK    die Wurzelplatte steht: mkfs: /tmp/tmp.2ykWhihPnF/root.img  blocks=4096 free=2815 inodes=22/128 data=34 version=2 bmblocks=1 isize=128 dirent=32 namelen=24 maxfile=2134016
  OK    mkfs.vfat hat ein FAT32 fuer den Stick angelegt
  OK    mcopy hat host.txt hineingelegt (24 Oktette)
  OK    sfdisk hat eine MBR-Tafel geschrieben (Typ 0x0C, FAT32 LBA)
== 3. der Regler: ueber PCI gefunden, aufgesetzt, Meldungen ==
  OK    der Kern beendet sich selbst (21): 21
  OK    PCI findet den Regler an seiner KLASSE (0c:03:30 = xHCI)
  OK    der Regler ist aufgesetzt und meldet sich
  OK    Anschluesse, die der Regler SELBST meldet (HCSPARAMS1): 8
  OK    Steckplaetze, die er anbietet: 64
  OK    die Groesse eines Zusammenhangs, aus HCCPARAMS1 gelesen (32)
  OK    Meldungen des Reglers, wirklich auf Vektor 43 angekommen: 51
  OK    Ereignisse, die aus dem Ereignisring geholt wurden: 51
  OK    jede Meldung hat mindestens ein Ereignis gebracht (1)
  OK    Fehler des Reglers im ganzen Lauf: 0
  OK    Zusagen, die die Schicht ueber sich selbst macht: 8
  OK    ohne -device qemu-xhci beendet sich der Kern trotzdem sauber: 21
  OK    und sagt, dass keiner da ist
  OK    und setzt nichts auf
  OK    mit nousb beendet sich der Kern sauber: 21
  OK    die Gegenprobe sagt es
  OK    und KEIN Geraet wird aufgezaehlt
  OK    und es gibt keine Zahlen dieser Runde
  OK    ohne das Wort usb beendet sich der Kern sauber: 21
  OK    und meldet genau eine Zeile
  OK    und setzt den Regler NICHT auf
== 4. die Aufzaehlung: drei Geraete, an ihrer Klasse erkannt ==
  OK    die Tastatur, an Klasse 03:01:01 (HID/Boot/Tastatur)
  OK    die Maus, an Klasse 03:01:02 (HID/Boot/Maus)
  OK    der Stick, an Klasse 08:06:50 (Massenspeicher/SCSI/BOT)
  OK    aufgezaehlte Geraete: 3
  OK    Aufzaehlungen, die durchgelaufen sind: 3
  OK    verschiedene Steckplaetze fuer drei Geraete: 3
  OK    verschiedene Anschluesse: 3
  OK    Kommandos an den Regler (Steckplatz, Adresse, Endpunkte): 10
  OK    mit nohid beendet sich der Kern sauber: 21
  OK    GEGENPROBE nohid: keine Tastatur
  OK    GEGENPROBE nohid: keine Maus
  OK    aber der Stick wird weiter angenommen
  OK    mit nomsc beendet sich der Kern sauber: 21
  OK    GEGENPROBE nomsc: kein Blockgeraet
  OK    aber die Tastatur wird weiter angenommen
== 5. die Tastatur: derselbe Test ueber USB und ueber PS/2 ==
  OK    der USB-Lauf beendet sich selbst (21): 21
  OK    der PS/2-Lauf beendet sich selbst (21): 21
  OK    Tasten, die durch den USB-Weg gegangen sind: 25
  OK    im PS/2-Lauf gibt es diesen Weg gar nicht
  FAIL  DIESELBEN ZEICHEN: die key-Zeilen beider Laeufe -- eine Seite ist zu kurz (15 und 14 Zeilen, mindestens 24)
  FAIL  so viele key-Zeilen, wie der USB-Treiber Tasten gezaehlt hat
        soll: 15
        ist : 25
  FAIL  DIESELBE SHELL-SITZUNG, Oktett fuer Oktett -- eine Seite ist zu kurz (13 und 5 Zeilen, mindestens 8)
  OK    und darin steht wirklich, was getippt wurde ('hallo')
  FAIL  'zwei drei' fehlt
  OK    GEGENPROBE usbnoirq: der Kern beendet sich trotzdem: 21
  OK    GEGENPROBE usbnoirq: Tasten ueber den USB-Weg: 0
  OK    GEGENPROBE usbnoirq: die Shell bekommt kein Zeichen
  OK    GEGENPROBE usbpoll: der Kern beendet sich sauber: 21
  OK    GEGENPROBE usbpoll: Meldungen auf Vektor 43: 0
  OK    GEGENPROBE usbpoll: Ereignisse trotzdem geholt: 15
== 6. die Maus: zehn Bewegungen und ein Klick, auf den Punkt ==
  OK    der Mauslauf beendet sich selbst (21): 21
  OK    der Kern haelt still, bevor der Zeiger bewegt wird
  OK    der Zeiger steht danach auf x=200 (acht Anschlaege, dann 2 x 100) (200)
  OK    und auf y=120 (2 x 60) (120)
  OK    genau EIN Klick, gezaehlt an der Flanke im PS/2-Paketpfad (1)
  OK    Berichte, die die Maus geschickt hat: 12
  OK    so viele PS/2-Pakete wie Berichte -- jeder Bericht wird EIN Paket (12)
  OK    die Taste ist am Ende wieder losgelassen (0)
  OK    GEGENPROBE: der Lauf ohne USB-Maus beendet sich sauber: 21
  OK    GEGENPROBE: Berichte ohne Maus am Bus: 0
  OK    GEGENPROBE: PS/2-Pakete ohne Maus am Bus: 0
== 7. der Stick: eingehaengt, gelesen, beschrieben -- von aussen geprueft ==
  OK    der Sticklauf beendet sich selbst (21): 21
  OK    der Treiber hat READ CAPACITY gestellt
  OK    und INQUIRY liefert den Herstellernamen aus dem Geraet
  OK    die MBR-Tafel des Sticks wurde gelesen
  OK    und das FAT32 darauf ist eingehaengt
  OK    Ring 3 sieht den Baum (ready = 1)
  OK    Ring 3 sieht den Stick (msc = 1)
  OK    und seine Blockgroesse (bsize = 512)
  OK    und seine Groesse in Bloecken (64 MiB) (blocks = 131072)
  OK    die Datei des WIRTS ist 24 Oktette lang (hostlen = 24)
  OK    und ihr Inhalt stimmt Oktett fuer Oktett (hostok = 1)
  OK    Osum schreibt 14 Oktette auf den Stick (wrote = 14)
  OK    und liest sie unmittelbar danach wieder (reread = 14)
  OK    Stick und Wurzel haben zwei verschiedene st_dev (devdiff = 1)
  OK    kein einziger Fehler im Bulk-Only-Transport (mscerr = 0)
  OK    SCSI-Befehle ueber den Stick: 41
  OK    WAS OSUM SCHRIEB, LIEST MTOOLS AUF DEM WIRT WIEDER (1 Zeilen, Oktett fuer Oktett)
  OK    und host.txt liegt unveraendert daneben
  OK    fsck.fat: das Dateisystem ist nach Osums Schreibzugriff noch eines
  OK    der Lauf mit mount aus der Shell beendet sich selbst: 21
  OK    /bin/mount haengt /dev/usb0 ein und ls sieht die Datei
  OK    und cat liest sie
  OK    GEGENPROBE ohne Stick: der Kern beendet sich sauber: 21
  OK    GEGENPROBE: kein Massenspeicher
  OK    GEGENPROBE: /dev/usb steht NICHT im Verzeichnis (./ ../ null zero random urandom tty console fb hda hdb ram0 nvme0 )
  OK    der Lauf MIT Stick beendet sich sauber: 21
  OK    mit Stick steht /dev/usb im Verzeichnis (./ ../ null zero random urandom tty console fb hda hdb ram0 nvme0 usb )
== 8. abziehen im Betrieb: ENODEV, und der Kern laeuft weiter ==
  OK    vor dem Abziehen ist ein Deskriptor auf dem Stick offen (openfd = 1)
  OK    das Geraet wird abgezogen, WAEHREND er offen ist (pull = 1)
  OK    lesen auf dem OFFENEN Deskriptor: -ENODEV (19) (afterread = 19)
  OK    schreiben darauf: -ENODEV (afterwrite = 19)
  OK    und ein neues Oeffnen desselben Pfades: -ENODEV (afteropen = 19)
  OK    der Stick meldet sich nicht mehr als da (mscgone = 0)
  OK    der Kern hat genau EIN Abziehen verbucht (unplugs = 1)
  OK    danach schreibt derselbe Prozess auf der WURZEL weiter (rootwrite = 14)
  OK    und liest, was er geschrieben hat (rootread = 14)
  OK    und kommt bis zum Ende (done = 1)
  OK    kein einziger Ausnahmefehler in diesem Lauf
  OK    und kein Prozess ist gestorben
  OK    der Kern kommt an sein eigenes Ende
  OK    und sagt auf der Leitung, welcher Anschluss es war
  OK    GEGENPROBE ohne Abziehen: der Kern beendet sich sauber: 21
  OK    GEGENPROBE: ohne Abziehen liest derselbe Pfad die Datei
  OK    GEGENPROBE: und nichts wird abgezogen
  OK    Anstecken im Betrieb im Regellauf (darf nicht anschlagen): 0
  OK    der Zeitgeber sieht wirklich nach (kernel/arch/x86_64/trap.fi)
== 9. dasselbe aus dem Uebersetzer, der in Firn geschrieben ist ==
  OK    firnc1: der Sticklauf beendet sich selbst: 21
  OK    firnc1 misst dasselbe: ready = 1
  OK    firnc1 misst dasselbe: msc = 1
  OK    firnc1 misst dasselbe: bsize = 512
  OK    firnc1 misst dasselbe: blocks = 131072
  OK    firnc1 misst dasselbe: hostok = 1
  OK    firnc1 misst dasselbe: wrote = 14
  OK    firnc1 misst dasselbe: reread = 14
  OK    firnc1 misst dasselbe: afterread = 19
  OK    firnc1 misst dasselbe: afteropen = 19
  OK    firnc1 misst dasselbe: done = 1

K17: 154 passed, 4 failed
