accel: kvm (/dev/kvm ist da)
== 1. der Nummernvorrat, die Karte von kdata und die Register ==
  OK    SYS_OSUM_PWRGET = 1750 (der Block dieser Runde)
  OK    SYS_OSUM_PWRSET = 1751 (der Block dieser Runde)
  OK    SYS_OSUM_PWRSTR = 1752 (der Block dieser Runde)
  OK    SYS_OSUM_PWRGET liegt im Vorrat 1750..1799: 1750
  OK    SYS_OSUM_PWRSET liegt im Vorrat 1750..1799: 1751
  OK    SYS_OSUM_PWRSTR liegt im Vorrat 1750..1799: 1752
  OK    die Ring-3-Programmnummer P_PWR (45)
  OK    die Ring-3-Programmnummer P_PWRIDLE (46)
  OK    die Ring-3-Programmnummer P_PWRLOAD (47)
  OK    keine AUFRUFNUMMER aus 1750..1799 steht ausserhalb der Dateien dieser Runde
  OK    in kernel/sys.fi stehen genau drei Nummern aus dem Vorrat (3)
  OK    die kdata-Seite dieser Runde (0x58000)
  OK    die kdata-Seite des Akkus (0x59000)
  OK    KDATA_SIZE in kstate.fi und boot.s ist dieselbe Zahl (0x80000)
  OK    kdata reicht ueber den Vorrat dieser Runde hinaus: 0x80000
  OK    die Speicherkarte von kdata: 64 Bereiche in 0x80000 Oktetten kdata, 7 Vektoren, 87 Modusnamen in 16 Woertern, 0 Kollisionen
  OK    keine zwei Bereiche ueberschneiden sich
  OK    IA32_PERF_CTL (0x199)
  OK    IA32_MISC_ENABLE (0x1A0)
  OK    IA32_THERM_STATUS (0x19C)
  OK    IA32_TEMPERATURE_TARGET (0x1A2)
  OK    IA32_HWP_REQUEST (0x774)
  OK    IA32_PM_ENABLE (0x770)
  OK    IA32_HWP_CAPABILITIES (0x771)
  OK    MSR_PLATFORM_INFO (0xCE)
  OK    IA32_ENERGY_PERF_BIAS (0x1B0)
  OK    IA32_MISC_ENABLE Bit 38 (Turbo Mode Disable) (274877906944)
  OK    IA32_MISC_ENABLE Bit 16 (SpeedStep Enable) (65536)
== 2. der Kern und die Programme ==
  OK    der Kern und 5 Programme sind gebaut
  OK    firnc1 baut diese Runde auch (der Uebersetzer in Firn)
  OK    die Platte steht: mkfs: /tmp/tmp.hEjiu9u6eO/root.img  blocks=4096 free=3521 inodes=7/128 data=34 version=2 bmblocks=1 isize=128 dirent=32 namelen=24 maxfile=2134016
== 3. die ACPI-Tabellen, die dieser Testlauf vorgibt ==
  OK    SSDT 'akku' gebaut: oktette=157 prozent=75 minuten=396 grad=30 netz=0
  OK    SSDT 'laden' gebaut: oktette=158 prozent=50 minuten=120 grad=30 netz=1
  OK    SSDT 'heiss' gebaut: oktette=157 prozent=75 minuten=396 grad=90 netz=0
  OK    SSDT 'methode' gebaut: oktette=160 prozent=75 minuten=396 grad=30 netz=0
  OK    SSDT 'ohneakku' gebaut: oktette=51 prozent=-1 minuten=-1 grad=30 netz=0
  OK    SSDT 'anders' gebaut: oktette=157 prozent=20 minuten=240 grad=50 netz=0
== 4. die drei Profile: drei Schreibvorgaenge, drei Register ==
  OK    der Lauf endet sauber (21 = der Kernel hat sich selbst beendet): 21
  OK    CPUID hat etwas gefunden (caps): 768
  OK    die Taktstufen sind gesetzt: 1576968
  OK    das Profil 0 liess sich setzen (setrc0 = 0)
  OK    der Kernel steht danach wirklich auf Profil 0 (prof0 = 0)
  OK    IA32_PERF_CTL fuer Profil 0 (Handbuch: expect.py) (perfctl0 = 4294969344)
  OK    IA32_MISC_ENABLE fuer Profil 0 (Handbuch: expect.py) (misc0 = 274877972481)
  OK    IA32_MISC_ENABLE Profil 0 ZURUECKGELESEN (miscback0 = 274877972481)
  OK    das Profil 1 liess sich setzen (setrc1 = 0)
  OK    der Kernel steht danach wirklich auf Profil 1 (prof1 = 1)
  OK    IA32_PERF_CTL fuer Profil 1 (Handbuch: expect.py) (perfctl1 = 4096)
  OK    IA32_MISC_ENABLE fuer Profil 1 (Handbuch: expect.py) (misc1 = 65537)
  OK    IA32_MISC_ENABLE Profil 1 ZURUECKGELESEN (miscback1 = 65537)
  OK    das Profil 2 liess sich setzen (setrc2 = 0)
  OK    der Kernel steht danach wirklich auf Profil 2 (prof2 = 2)
  OK    IA32_PERF_CTL fuer Profil 2 (Handbuch: expect.py) (perfctl2 = 6144)
  OK    IA32_MISC_ENABLE fuer Profil 2 (Handbuch: expect.py) (misc2 = 1)
  OK    IA32_MISC_ENABLE Profil 2 ZURUECKGELESEN (miscback2 = 1)
  OK    dieselbe Stelle, dreimal gelesen, DREI VERSCHIEDENE Werte: 274877972481 / 65537 / 1
  OK    IA32_PERF_CTL bekommt drei verschiedene Woerter: 4294969344 / 4096 / 6144
  OK    Turbo ist bei Energiesparen GESPERRT (Bit 38) (1)
  OK    Turbo ist bei Profil 1 FREI (Bit 38 = 0) (0)
  OK    Turbo ist bei Profil 2 FREI (Bit 38 = 0) (0)
  OK    SpeedStep ist bei Profil 0 AN (1)
  OK    SpeedStep ist bei Profil 1 AN (1)
  OK    SpeedStep ist bei Hoechstleistung AUS (0)
  OK    IA32_PERF_CTL liest sich auf diesem Wirt als 0 zurueck (QEMU schluckt es) (0)
  OK    CPUID meldet KEIN HWP auf diesem Wirt (der Pfad bleibt unbetreten) (0)
  OK    und folglich wird IA32_HWP_REQUEST nie beschrieben (hwpreq0 = 0)
  OK    die HWP-Kodierung fuer Profil 0 ist berechenbar: 4278194184 (NUR die Kodierung, nicht die Wirkung)
  OK    die HWP-Kodierung fuer Profil 1 ist berechenbar: 2147489800 (NUR die Kodierung, nicht die Wirkung)
  OK    die HWP-Kodierung fuer Profil 2 ist berechenbar: 6160 (NUR die Kodierung, nicht die Wirkung)
== 5. der Ruhezustand: benutzt der Leerlaufpfad wirklich mwait? ==
  OK    waehrend ein Programm SCHLAEFT laeuft der Leerlaufpfad: 80
  FAIL  und er geht dabei wirklich in mwait: 0, erwartet gt 20
  FAIL  kein einziger Rueckfall auf hlt, solange mwait geht -- soll '0', ist '80'
  FAIL  jeder Durchlauf ging in mwait -- soll '80', ist '0'
  OK    waehrend ein Programm RECHNET laeuft er fast nie: 0
  OK    schlafend 80 Durchlaeufe gegen rechnend 0 -- der Unterschied kommt aus der Maschine
  OK    der mwait-Hinweis ist C1 (CPUID Blatt 5 EDX = 0: nichts Tieferes angeboten) (mwaithint = 0)
  OK    und der Kernel behauptet auch nichts Tieferes (cstate = 1)
  OK    der Gegenlauf nocstates endet sauber: 21
  OK    die MASCHINE kann es immer noch (dieselben caps) (768)
  OK    aber es wird kein einziges mwait mehr ausgefuehrt (0)
  OK    stattdessen faellt jeder Durchlauf auf hlt zurueck: 80
  OK    und zwar JEDER (80)
  OK    der Gegenlauf mit -cpu qemu64 endet sauber: 21
  OK    qemu64 meldet KEIN MONITOR (CPUID.01H:ECX Bit 3) (0)
  OK    und dann geht der Kernel auch nicht hinein (0)
  OK    sondern faellt auf hlt zurueck: 80
== 6. der Akku: die Zahlen kommen aus der Tabelle, nicht aus dem Programm ==
  OK    der Akku aus der SSDT wird gefunden (batpresent = 1)
  OK    und ohne Beanstandung gelesen (batwhy = 0)
  OK    der Ladestand ist der aus der Tabelle (percent = 75)
  OK    die Restzeit ebenso (minutes = 396)
  OK    die Restkapazitaet ist die aus _BST (batremain = 3300)
  OK    die letzte volle Ladung ist die aus _BIF (batfull = 4400)
  OK    der Strom ist der aus _BST (batrate = 500)
  OK    der Zustand ist der aus _BST (1 = entlaedt) (batstate = 1)
  OK    das Netzteilgeraet wird gefunden (acok = 1)
  OK    und es sagt: Akkubetrieb (ac = 0)
  OK    es wurden mehrere ACPI-Tabellen durchsucht: 6
  OK    geladener Akku: der Ladestand folgt der Tabelle (percent = 50)
  OK    und die Zeit BIS VOLL statt bis leer (minutes = 120)
  OK    der Zustand sagt 'laedt' (batstate = 2)
  OK    und das Netzteil ist angesteckt (ac = 1)
  OK    zwei Tabellen, zwei Ladestaende: 75% gegen 50%
  OK    eine dritte Tabelle, ein dritter Ladestand (percent = 20)
  OK    und eine dritte Restzeit (minutes = 240)
  OK    GEGENPROBE: ohne SSDT wird kein Akku gemeldet (batpresent = 0)
  OK    und der Ladestand ist -ENODEV, keine Null (percent = -19)
  OK    auch kein Netzteilgeraet (acok = 0)
  OK    GEGENPROBE: _BST als Methode wird NICHT gelesen (batpresent = 0)
  OK    und es wird auch keine Zahl geraten (percent = -19)
  OK    das konstante _PSR daneben wird weiterhin gefunden (acok = 1)
  OK    GEGENPROBE: SSDT ohne Akku -> kein Akku (batpresent = 0)
  OK    aber das Netzteil steht drin und wird gefunden (acok = 1)
  OK    und die Thermalzone auch (tempok = 1)
== 7. die Temperatur und die Drosselung ==
  OK    es gibt eine Temperatur (tempok = 1)
  OK    und zwar die rohe Zahl aus _TMP (Zehntelkelvin) (tzraw = 3032)
  OK    in Grad Celsius umgerechnet (temp = 30)
  OK    bei 30 Grad wird nicht gedrosselt (throttles = 0)
  OK    und nichts ist gedeckelt (throttled = 0)
  OK    die heisse Tabelle wird gelesen (temp = 90)
  OK    und sie loest die Drosselung aus: 1
  OK    der Kernel steht danach auf gedrosselt (throttled = 1)
  OK    die Drosselung meldet sich mit der Temperatur
  OK    GEDROSSELT: 'Hoechstleistung' wird auf Energiesparen gedeckelt (prof2 = 0)
  OK    auch 'Ausgeglichen' kommt nicht durch (prof1 = 0)
  OK    der Aufruf selbst schlaegt dabei NICHT fehl (er wird gedeckelt, nicht abgelehnt) (setrc2 = 0)
  OK    GEGENPROBE kalt: dort geht Hoechstleistung durch (prof2 = 2)
  OK    IA32_TEMPERATURE_TARGET ist auf diesem Wirt 0 (keine Schwelle im Prozessor) (tjmax = 0)
  OK    und CPUID meldet auch keinen digitalen Temperatursensor (0)
== 8. der Bildschirm, im BILD gemessen und an einer ausgerechneten Stelle ==
  OK    der Kernel malt 200/100/50 und liest es zurueck (px_a = 0xc86432)
  OK    bei 50 Prozent steht dort genau die Haelfte (px_b = 0x643219)
  OK    und beim Zurueckregeln auf 100 wieder der alte Wert (px_c = 0xc86432)
  OK    abgeschaltet ist der Bildpunkt schwarz (px_d = 0x0)
  OK    und der Zaehler der Abschaltungen steht auf eins (px_e = 1)
  OK    im BILD bei (120,120): das Pruefbild steht da (200 100 50)
  OK    im BILD bei (120,120) mit pwrdim: genau die Haelfte (100 50 25)
  OK    im BILD bei (120,120) mit pwrblank: schwarz (0 0 0)
  OK    die linke obere Ecke des Pruefbildes (100,100) traegt die Farbe (200 100 50)
  OK    die rechte untere (163,163) auch (200 100 50)
  OK    und einen Bildpunkt DANEBEN (164,164) ist nichts (0 0 0)
  OK    und daneben (99,99) auch nicht (0 0 0)
  OK    dasselbe Pruefbild, ein Wort Unterschied, zwei Farben: '200 100 50' gegen '100 50 25'
== 9. /bin/power: dieselben Zahlen, aus Ring 3 ueber die Platte ==
  OK    der Lauf mit /bin/power endet sauber: 21
  OK    das Programm ist gestartet
  OK    percent: Kernelmeldung und /bin/power sagen dasselbe (75)
  OK    minutes: Kernelmeldung und /bin/power sagen dasselbe (396)
  OK    batremain: Kernelmeldung und /bin/power sagen dasselbe (3300)
  OK    batfull: Kernelmeldung und /bin/power sagen dasselbe (4400)
  OK    batrate: Kernelmeldung und /bin/power sagen dasselbe (500)
  OK    temp: Kernelmeldung und /bin/power sagen dasselbe (30)
  OK    tzraw: Kernelmeldung und /bin/power sagen dasselbe (3032)
  OK    caps: Kernelmeldung und /bin/power sagen dasselbe (768)
  OK    ratios: Kernelmeldung und /bin/power sagen dasselbe (1576968)
  OK    die Uebersicht nennt das Profil
  OK    und zwar beim Namen
  OK    sie nennt den Akku
  OK    und den Modellnamen aus _BIF
  OK    sie nennt das Netzteil
  OK    sie nennt die Temperatur
  OK    sie nennt den Ruhezustand
  OK    das Umschalten meldet sich
  OK    und danach steht wirklich Hoechstleistung da
  OK    der Ladestand steht als Zahl da (75%)
  OK    und als Balken
  OK    GEGENPROBE nopwr: /bin/power sagt es und rechnet nicht weiter
  OK    und zeigt kein Profil
  OK    und keinen Akku
  OK    der Kernel sagt es ebenfalls
== 10. die Schnittstelle weist ab, was sie abweisen muss ==
  OK    die Zahl der Anwendungen wird gefuehrt (applies = 5)
  OK    es wurde mehr als einmal ein Profil angewandt: 5
  OK    und mehr als einmal wirklich gewechselt: 5

K18: 167 passed, 3 failed
