accel: kvm (/dev/kvm ist da)
== 1. build: the kernel, and a userland that is NOT in it ==
  OK    crt.s assembles (_start, osum_panic -- the four instructions of a user program)
  OK    firnc0: kernel linked and turned into a multiboot image
  OK    firnc0: 7 programs linked as standalone ELF64 files
  OK    firnc1: kernel linked and turned into a multiboot image
  OK    firnc1: 7 programs linked as standalone ELF64 files
== 2. what a program on the disk says about itself ==
  OK    all programs are ET_EXEC (a static executable, no interpreter, no relocation)
  OK    no program has a single undefined symbol (no libc, no kernel, no runtime)
  OK    no libc name and no collector in any of the symbol tables
  OK    every program carries at least one syscall instruction
  OK    sh: PT_LOAD segments: 3
  OK    hello: PT_LOAD segments (it has a .bss, so it has three): 3
  OK    misaligned segment starts in hello: 0
  OK    hello: read+execute segments: 1
  OK    hello: read+write segments: 1
  OK    hello: the .bss is NOBITS -- not one of its octets is in the file
  OK    the biggest program on the disk, against the 2135552 octets a file may hold: 283192
== 3. the disk image, built on the host and read back ==
  OK    mkfs.py built an OFS image of 2048 blocks
  OK    the host can read its own image back: /bin/sh is in it
  OK    programs in /bin according to the host: 7
  OK    the image carries the magic number of the kernel's file system
  OK    image size in octets: 1048576
== 4. the full run: a shell that came off the disk ==
  OK    the kernel shut down on its own (exit 21)
  OK    the kernel mounted the image the HOST wrote
  OK    the kernel sees exactly the seven programs the host put in /bin
  OK    /bin/sh started -- an ELF file, loaded from a drive
  OK    der Stapelzeiger zeigt AUF den Argumentblock -- die Uebergabe von Linux (Runde K16)
  OK    the code segment was mapped read+execute and NOT writable
  OK    the data segment was mapped writable and NOT executable
  OK    the constants were mapped read only and NOT executable
  OK    'ls' lists the root of the image, directories with a slash
  OK    'ls /bin' lists the programs
  OK    'cat' read a file off the disk
  OK    'echo one two three' -- argc/argv arrived unchanged
  OK    'hello a b' got three arguments (argv[0] is its own name)
  OK    argv[0] is the name of the program
  OK    argv[1] arrived
  OK    argv[2] arrived
  OK    the .bss of the program is zero -- the loader zeroed it
  OK    the .data of the program arrived unchanged
  OK    the .rodata of the program is readable
  OK    wait() delivered the exit code of the program (40 + argc)
  OK    wait() delivered the exit code of ls
  OK    wait() delivered the exit code of cat
  OK    wait() delivered the exit code of echo
  OK    'rm' deleted the name and said so with 0
  OK    after 'rm' the file is gone from the listing
  OK    an unknown command gives -ENOENT out of exec
  OK    and the kernel names the reason
  OK    'exit' ends the shell
  OK    the kernel got to the end
  OK    programs loaded off the disk in this one run: 8
  OK    every frame of every image came back (31340 free, as before)
  OK    the deepest kernel stack of the run (octets): 18992
  OK    and it is deeper than the two frames of round 62: 18992
  OK    the host sees that 'rm' really took the file off the disk
  OK    and nothing else on the image was harmed
== 5. counter-check: the loader stops zeroing ==
  OK    the nobss run gets to the end as well (exit 21)
  OK    with the zeroing switched off the .bss holds the poison pattern (0xAA..)
  OK    and the zero of the normal run is gone
  OK    what the FILE fills is filled either way
== 6. the rights of a page, measured in faults ==
  OK    four dead processes later the kernel still ends the machine itself (exit 21)
  OK    writing into its own code page: #PF err=0x7 (page there, write, ring 3) -- the text is read only
  OK    executing its own stack: #PF err=0x15 (page there, instruction fetch, ring 3) -- the no-execute bit works
  OK    reading kernel memory: #PF err=0x5 (page there, ring 3) -- the kernel stays closed
  OK    touching an unmapped page of its own region: #PF err=0x4 (not there, ring 3)
  OK    the store into the code page did NOT go through
  OK    the stack did NOT execute
  OK    the process never saw an octet of the kernel
  OK    faults in this run: 4
  OK    times the shell was told its child died of vector 14 (128 + 14): 4
  OK    the shell survived all four of them
  OK    and so did the kernel
  OK    four killed processes gave every frame back (31340 free)
== 7. twenty-one files with exactly one thing wrong ==
  OK    break.py produced 19 files, each with one field changed
  OK    an image with the twenty-one candidates on it
  OK    after twenty-one refusals the kernel ends the machine itself (exit 21)
  OK    the four octets 0x7F E L F changed -> reason 4
  OK    ELFCLASS32 instead of 64 -> reason 5
  OK    the endianness field turned around -> reason 6
  OK    e_ident version 0 -> reason 7
  OK    ET_DYN instead of ET_EXEC -> reason 8
  OK    e_machine says i386 -> reason 9
  OK    e_phentsize 32 instead of 56 -> reason 10
  OK    e_phnum 99 -> reason 11
  OK    e_phoff 0xFFFFFFFFFFFFFF00 -> reason 12
  OK    a file of 32 octets -> reason 3
  OK    every PT_LOAD turned into PT_NOTE -> reason 21
  OK    a segment moved past the end of the file -> reason 13
  OK    p_offset 0xFFFFFFFFFFFFF000 -> reason 13
  OK    p_filesz one octet bigger than p_memsz -> reason 14
  OK    a segment at 0x50000000 -> reason 15
  OK    p_memsz 0xFFFFFFFFFFFF0000 -> reason 15
  OK    p_vaddr eight octets off a page -> reason 16
  OK    two segments onto the same page -> reason 17
  OK    the entry segment without PF_X -> reason 19
  OK    a DIRECTORY handed to exec -> reason 2
  OK    a plain text file handed to exec -> reason 3
  OK    refusals in one run: 21
  OK    no checked-arithmetic panic on the three huge fields
  OK    the shell survived twenty-one refusals
  OK    and the kernel got to the end
  OK    times the shell was told the file is not a program: 21
  OK    not one exception in the whole run
== 8. THE counter-check: another file at the same path ==
  OK    an image whose /bin/ls holds the octets of /bin/echo
  OK    the swapped run gets to the end (exit 21)
  OK    'ls one two' ECHOED its arguments -- the file decides, not the name
  OK    and it did not list a directory, because it is not ls any more
  OK    and /bin/cat holds the octets of /bin/hello
  OK    even the exit code is hello's (40 + argc), not cat's 0
  OK    the SAME kernel with the honest image lists the directory
== 9. the keyboard reaches the shell ==
  OK    the interactive run ends by itself (exit 21) -- a quiet console is the end of the input
  OK    keys that arrived over IRQ1: 3
  OK    the shell read the line 'ls' out of the keyboard
  OK    AND IT LISTED THE FILE SYSTEM -- typed in, loaded off the disk, printed back
  OK    the typed command started a program off the disk
  OK    and the shell ended when the keyboard went quiet
== 10. what happens when there is nothing to boot from ==
  OK    without a drive the kernel gets to the end (exit 21)
  OK    and it says so instead of reading a device that is not there
  OK    with an unformatted drive the kernel gets to the end (exit 21)
  OK    an unformatted drive is refused, not interpreted
  OK    and no shell is started off it
  OK    an image without /bin/sh: the kernel gets to the end (exit 21)
  OK    it says the shell is missing
  OK    with the reason
== 11. the same system out of the other compiler ==
  OK    firnc1: the kernel and the userland it built shut down on their own (exit 21)
  OK    firnc1: every line the measurement depends on is there as well
  OK    the two compilers produce a system that says the same thing
== 12. and the old measurements still hold ==
  OK    the same kernel image still runs round 62 to the end (exit 21)
  OK    round 62: tasks, processes, file system and the excursion of round 59 are all still there
  OK    without 'osum' on the command line nothing of round K1 runs

OSUM: 130 passed, 0 failed
