accel: kvm (/dev/kvm ist da)
== 1. build the kernel with both compilers ==
  OK    boot.s assembles
  OK    isr.s assembles
  OK    switch.s assembles
  OK    smp.s assembles
  OK    hv.s assembles
  OK    firnc0: kernel with pci.fi, apic.fi, nvme.fi linked
  OK    firnc1: kernel with pci.fi, apic.fi, nvme.fi linked
  OK    k0.o: no undefined name other than osum_panic and kdata
  OK    k0.o: no syscall in the kernel's own code
  OK    k1.o: no undefined name other than osum_panic and kdata
  OK    k1.o: no syscall in the kernel's own code
  OK    k0.o: 32-bit port accesses (the configuration space): 8
  OK    k0.o: MSR accesses (the APIC base register): 6
== 2. the device list against the '-device' arguments of QEMU ==
  OK    plain machine: the kernel gets to the end (exit 21)
  OK    the host bridge, read out of the configuration space
  OK    the ISA bridge (PIIX3)
  OK    the IDE controller -- the disk of round 62 has a place on the bus
  OK    devices found on the plain machine: 6
  OK    counter-check: no NVMe controller was given, so none is listed
  OK    counter-check: no AHCI controller was given, so none is listed
  OK    '-device nvme' shows up as class 01:08:02 with the right vendor
  OK    one device more than on the plain machine: 7
  OK    the BAR of the NVMe controller is 16 KiB, determined by sizing
  OK    the capability list says MSI-X (that is why this controller was chosen)
  OK    with both controllers: the NVMe one is found
  OK    with both controllers: the AHCI one is found
  OK    AHCI still decodes a port range (bar4) -- the legacy this round leaves
  OK    NVMe has exactly one BAR and no port range
  OK    two devices more than on the plain machine: 8
== 3. counter-check: without the scan the kernel knows nothing ==
  OK    without the scan the kernel still gets to the end
  OK    the scan was really left out
  OK    no list without a scan
  OK    counter-check: without the scan there is no NVMe controller for the driver
== 4. the local APIC is the clock now ==
  OK    the local APIC answered with its identity
  OK    the measured frequency of the local timer: 62557900
  OK    the measured frequency of the local timer (upper bound): 62557900
  OK    redirection entries the I/O APIC reports: 24
  OK    the keyboard line was entered into the I/O APIC
  OK    device memory blocks aliased into the shared page directory: 2
  OK    timer interrupts on the local APIC timer: 20
  OK    ticks during the spin loop: 11
== 5. counter-check: the same clock, switched off ==
  OK    with the local timer masked the kernel gets to the end
  OK    counter-check: with the local timer masked the spin loop counts 0 ticks
== 6. counter-check: the old controller keeps the machine ==
  OK    with 'noapic' the kernel gets to the end
  OK    the switch really was left out
  OK    no local APIC was set up
  OK    on the PIT the ticks arrive as they did in round 62: 25
  OK    ticks during the spin loop, on the PIT: 11
== 7. the keyboard through the I/O APIC, and without an entry ==
  OK    keyboard run: the kernel shut down on its own (exit 21)
  OK    IRQ1 through the I/O APIC: the four keys arrived as 'firn'
  OK    IRQ1 through the I/O APIC: exactly 4 key events
  OK    counter-check run: the kernel gets to the end anyway
  OK    the entry was really left out
  OK    COUNTER-CHECK: PIC masked and no I/O APIC entry -- not one key arrives
  OK    the kernel says it saw nothing
== 8. the disk that fetches its own commands ==
  OK    NVMe run: the kernel gets to the end (exit 21)
  OK    identify: 16384 blocks of 512 octets, read out of the controller
  OK    the completion is signalled by message (MSI-X)
  OK    the bus master bit is set
  FAIL  the same file system formats and mounts on the NVMe disk -- 'nvme: format 1  mount=1' is missing
  FAIL  written over DMA, read back over DMA, identical -- 'nvme: wrote=30  read=30  same=1' is missing
  FAIL  nvme.txt is missing in the listing
        nvme: list 
  FAIL  the image on the host does not contain the text
  OK    the image on the host starts with the magic number of the file system
  FAIL  the file name is not in the image
== 9. COUNTER-CHECK: no bus master bit, no DMA ==
  OK    without the master bit the kernel gets to the end instead of hanging
  OK    the bus master bit really is off
  OK    COUNTER-CHECK: the file system cannot be written without the master bit
  OK    COUNTER-CHECK: not one block goes through
  OK    COUNTER-CHECK: the image on the host stays empty
== 10. COUNTER-CHECK: the transfer without the interrupt ==
  OK    with the vector masked the kernel gets to the end
  OK    the message vector really is masked
  OK    COUNTER-CHECK: the read that waits for the interrupt fails
  OK    COUNTER-CHECK: completions that were lying in the queue unannounced: 1
  OK    the same read succeeds the moment the driver looks instead of waiting
  OK    COUNTER-CHECK: interrupts in the whole run: 0
== 11. the same completion over the interrupt pin ==
  OK    over the interrupt pin the kernel gets to the end
  OK    the driver used the pin and not the message
  FAIL  the file system works over the pin as well -- 'nvme: format 1  mount=1' is missing
  FAIL  the same 30 octets, over the pin -- 'nvme: wrote=30  read=30  same=1' is missing
  OK    completion interrupts over pin and I/O APIC: 3
== 12. ATA PIO against DMA, the same data over the same interface ==
  OK    the measurement run gets to the end
  OK    the calibrated frequency of the cycle counter: 2201346400
  OK    blocks read over ATA PIO: 256
  OK    blocks read over NVMe, one command each: 256
  OK    blocks read over NVMe, sixteen per command: 256
  OK    words ATA PIO carried through the processor: 65536
  OK    words the DMA path carried through the processor: 0
  OK    DMA against PIO, same interface, in thousandths: 29386
  OK    DMA with sixteen blocks per command, in thousandths: 547689
  OK    times the processor halted while the controller worked: 129
  OK    times it halted during the PIO run: 0
        --- the measurement itself ---
        bench: tsc=2201346400
        bench: ata blocks=256  cycles=2427184320  us=1102590  KiB_s=116  inwords=65536  halts=0  ok=256
        bench: nvme blocks=256  cycles=82595766  us=37520  KiB_s=3411  inwords=0  halts=129  ok=256
        bench: nvme16 blocks=256  cycles=4431680  us=2013  KiB_s=63581  inwords=0  halts=0  ok=256
        bench: faster=29386 permil
== 13. the same run out of firnc1 ==
  OK    firnc1: the kernel gets to the end
  OK    firnc1: the same device list
  OK    firnc1: the same local APIC
  OK    firnc1: the same controller answer
  FAIL  firnc1: the same transfer over DMA -- 'nvme: wrote=30  read=30  same=1' is missing
  OK    both compilers produce the same kernel output apart from numbers

PCI: 90 passed, 8 failed
