== 1. build the kernel with the trampoline of the other processors ==
  OK    boot.s assembles
  OK    isr.s assembles
  OK    switch.s assembles
  OK    smp.s assembles
  OK    hv.s assembles
  OK    smp.s: the trampoline blob is this many octets long: 182
  OK    firnc0: kernel with acpi.fi, cpu.fi, atomic.fi, smp.fi linked
  OK    firnc1: kernel with acpi.fi, cpu.fi, atomic.fi, smp.fi linked
  OK    firnc0: 'lock cmpxchg' in the image (the lock itself): 1
  OK    firnc0: 'lock xadd' in the image (every counter): 4
  OK    firnc1: 'lock cmpxchg' in the image (the lock itself): 1
  OK    firnc1: 'lock xadd' in the image (every counter): 4
== 2. the machine is counted, not guessed (ACPI MADT) ==
  OK    -smp 1: the MADT reports 1 processors
  OK    -smp 1: the firmware tables were really read: 1
  OK    -smp 1: processors online: 1
  OK    -smp 1: processors that did not come up: 0
  OK    -smp 2: the MADT reports 2 processors
  OK    -smp 2: the firmware tables were really read: 1
  OK    -smp 2: processors online: 2
  OK    -smp 2: processors that did not come up: 0
  OK    -smp 4: the MADT reports 4 processors
  OK    -smp 4: the firmware tables were really read: 1
  OK    -smp 4: processors online: 4
  OK    -smp 4: processors that did not come up: 0
== 3. counter-check for the bring-up: nosmp leaves them asleep ==
  OK    nosmp: the kernel shut down on its own (exit 21)
  OK    nosmp: the MADT still reports four processors: 4
  OK    nosmp: but only this many are online: 1
== 4. THE MEASUREMENT: the same work on one core and on four ==
        one core:   3730698906 cycles, 1706 ms
        four cores: 974507798 cycles, 445 ms
        speed-up:   3.828
  OK    four cores against one, in thousandths: 3828
  OK    one core: units of work done in total: 12
  OK    four cores: units of work done in total: 12
  OK    cores that took a share of the work: 4
== 5. counter-check for the measurement: one QEMU thread cannot be faster ==
        one host thread, four guest cores: 2103132922 cycles (1.773 against one core)
  FAIL  single-threaded emulation stays near 1.0, in thousandths: 1773, expected lt 1300
== 5b. the second measurement: the same work THROUGH THE SCHEDULER ==
        eight tasks on one core: 1148 ms   on four: 271 ms
        speed-up:   4.236
  OK    eight tasks on four cores against one, in thousandths: 4236
== 6. the lock, and the run in which it is not there ==
  OK    with the lock: increments wanted: 6000
  OK    with the lock: increments counted: 6000
  OK    with the lock: increments lost: 0
  OK    with the lock: turns spent waiting for it: 72441
  OK    nolock: the kernel still reaches the end (exit 21)
        with the lock: 6000 of 6000   without it: 2142 of 6000
  OK    WITHOUT the lock: increments lost: 3858
  OK    WITHOUT the lock the counter comes out too small: 2142 instead of 6000
== 7. the frame allocator, and the run in which it is not locked ==
  OK    with the lock: frames handed out: 64
  OK    with the lock: frames handed out TWICE: 0
  OK    WITHOUT the lock: the same frame in two cores' hands: 7
== 8. the scheduler across the cores ==
  OK    kernel tasks put into the run queue: 8
  OK    kernel tasks that ran to the end: 8
  OK    DIFFERENT cores that took work out of the queue: 4
  OK    cores with at least one task of their own: 4
  OK    one core: tasks finished: 8
  OK    one core: cores that took work: 1
== 9. the rest of the kernel is unchanged on four cores ==
  OK    c4: 'sched: done'
  OK    c4: 'proc: done'
  OK    c4: 'fs: done'
  OK    c4: 'ring3: back in ring 0'
  OK    c4: 'kernel: done'
  OK    c1: 'sched: done'
  OK    c1: 'proc: done'
  OK    c1: 'fs: done'
  OK    c1: 'ring3: back in ring 0'
  OK    c1: 'kernel: done'

SMP: 58 passed, 1 failed
