accel: kvm (/dev/kvm ist da)
== 1. bauen
  OK    Kernel und Programme gebaut (12 Stueck)

== 2. keine Farbe im Zeichencode
  OK    rohe Farbwerte im Zeichencode: 0
  OK    Marken, die statt dessen benutzt werden: 131
  OK    derselbe Pruefer auf dem Stand vor der Runde: 18

== 3. die sRGB-Kennlinie, drei Mal gerechnet
  OK    der Kernel meldet 256 Werte: 256
  OK    alle 256 stimmen mit tools/theme/model.py ueberein
  OK    groesster Abstand zur WCAG-Formel: 0.0000004901 (bei c=248)

== 4. die drei Ebenen, fuenf Schemata, hell und dunkel
  OK    day/light: 41 Komponentenmarken und ihre Rollen stimmen
  OK    day/light: 23 Rollen stimmen
  OK    day/dark: 41 Komponentenmarken und ihre Rollen stimmen
  OK    day/dark: 23 Rollen stimmen
  OK    paper/light: 41 Komponentenmarken und ihre Rollen stimmen
  OK    paper/light: 23 Rollen stimmen
  OK    paper/dark: 41 Komponentenmarken und ihre Rollen stimmen
  OK    paper/dark: 23 Rollen stimmen
  OK    night/light: 41 Komponentenmarken und ihre Rollen stimmen
  OK    night/light: 23 Rollen stimmen
  OK    night/dark: 41 Komponentenmarken und ihre Rollen stimmen
  OK    night/dark: 23 Rollen stimmen
  OK    midnight/light: 41 Komponentenmarken und ihre Rollen stimmen
  OK    midnight/light: 23 Rollen stimmen
  OK    midnight/dark: 41 Komponentenmarken und ihre Rollen stimmen
  OK    midnight/dark: 23 Rollen stimmen
  OK    contrast/light: 41 Komponentenmarken und ihre Rollen stimmen
  OK    contrast/light: 23 Rollen stimmen
  OK    contrast/dark: 41 Komponentenmarken und ihre Rollen stimmen
  OK    contrast/dark: 23 Rollen stimmen

== 5. die Kontrasttabelle
  OK    day/light: 21 Kontrastverhaeltnisse stimmen mit dem Modell
  OK    day/light: jede Paarung erfuellt WCAG, schlechteste 461
  OK    day/dark: 21 Kontrastverhaeltnisse stimmen mit dem Modell
  OK    day/dark: jede Paarung erfuellt WCAG, schlechteste 570
  OK    paper/light: 21 Kontrastverhaeltnisse stimmen mit dem Modell
  OK    paper/light: jede Paarung erfuellt WCAG, schlechteste 471
  OK    paper/dark: 21 Kontrastverhaeltnisse stimmen mit dem Modell
  OK    paper/dark: jede Paarung erfuellt WCAG, schlechteste 534
  OK    night/light: 21 Kontrastverhaeltnisse stimmen mit dem Modell
  OK    night/light: jede Paarung erfuellt WCAG, schlechteste 461
  OK    night/dark: 21 Kontrastverhaeltnisse stimmen mit dem Modell
  OK    night/dark: jede Paarung erfuellt WCAG, schlechteste 570
  OK    midnight/light: 21 Kontrastverhaeltnisse stimmen mit dem Modell
  OK    midnight/light: jede Paarung erfuellt WCAG, schlechteste 462
  OK    midnight/dark: 21 Kontrastverhaeltnisse stimmen mit dem Modell
  OK    midnight/dark: jede Paarung erfuellt WCAG, schlechteste 581
  OK    contrast/light: 21 Kontrastverhaeltnisse stimmen mit dem Modell
  OK    contrast/light: jede Paarung erfuellt WCAG, schlechteste 788
  OK    contrast/dark: 21 Kontrastverhaeltnisse stimmen mit dem Modell
  OK    contrast/dark: jede Paarung erfuellt WCAG, schlechteste 905

== 6. die Akzentfarbe und was die Oberflaeche darueber sagt
  OK    #2563eb hell: unveraendert uebernommen, Text 516, Flaeche 493
  OK    #7c3aed hell: unveraendert uebernommen, Text 569, Flaeche 544
  OK    #a16207 hell: unveraendert uebernommen, Text 492, Flaeche 470
  OK    #ffff00 hell: verschoben auf #7f7f00 (3 Stufen), danach 493 / 406
  OK      ... Text auf #7f7f00: 493
  OK      ... #7f7f00 auf der Flaeche: 406
  OK    #22c55e hell: verschoben auf #1ca54e (1 Stufen), danach 654 / 306
  OK      ... Text auf #1ca54e: 654
  OK      ... #1ca54e auf der Flaeche: 306
  OK    #ffffff hell: verschoben auf #7f7f7f (3 Stufen), danach 524 / 382
  OK      ... Text auf #7f7f7f: 524
  OK      ... #7f7f7f auf der Flaeche: 382

== 7. kein Fenster halb hell und halb dunkel
  OK    die Farbe bleibt im laufenden Bild dieselbe (f8fafc)
  OK    GEGENPROBE: die lebende Bank hat sich sehr wohl geaendert (0f172a)
  OK    das Bild meldet sich danach als veraltet: 1
  OK    das naechste Bild rastet frisch ein (0f172a, nicht veraltet)

== 8. die Zeiten
  OK    aufloesen (Rampen, Bindung, Kontrastsuche, veroeffentlichen): 121 us
  OK    nachsehen im Ruhezustand (eine Datei lesen und vergleichen): 203144 us
  OK    vollstaendig neu laden (drei Dateien und aufloesen): 1156182 us
  OK    aufloesen bleibt unter einer Millisekunde: 121248
  OK    Umschaltvorgaenge im laufenden Schreibtisch: 20
  OK    erkennen, schnellster Lauf: 1980751 us
  OK    neu malen, schnellster Lauf: 12803 us fuer 228096 von 480000 Bildpunkten
  OK    GEGENPROBE: ein gewoehnliches Vollbild ohne Themenwechsel: 14328 us
  OK    das Umschalten liegt in der Groessenordnung eines Vollbilds

== 9. sieben Bildschirme, drei Zeilen Unterschied
  OK    light: surface (#f8fafc) ist unter den drei haeufigsten (f8fafc:38.5% f1f5f9:24.3% ffffff:19.9%)
  OK    dark: surface (#0f172a) ist unter den drei haeufigsten (0f172a:44.8% 020617:21.8% 1e293b:18.4%)
  OK    green: surface (#f8fafc) ist unter den drei haeufigsten (f8fafc:44.8% f1f5f9:22.1% ffffff:18.0%)
  OK    violet: surface (#f8fafc) ist unter den drei haeufigsten (f8fafc:44.8% f1f5f9:22.1% ffffff:18.1%)
  OK    gold: surface (#fafaf9) ist unter den drei haeufigsten (fafaf9:44.8% f5f5f4:21.6% ffffff:19.1%)
  OK    contrast: surface (#ffffff) ist unter den drei haeufigsten (ffffff:84.8% 01497c:5.5% 000000:4.4%)
  OK    midnight: surface (#18181b) ist unter den drei haeufigsten (18181b:44.7% 09090b:21.2% 27272a:19.5%)
  OK    light: die aufgeloeste Akzentmarke #2563eb steht im Bild
  OK    green: die aufgeloeste Akzentmarke #1ca54e steht im Bild
  OK    violet: die aufgeloeste Akzentmarke #7c3aed steht im Bild
  OK    dark: die aufgeloeste Akzentmarke #779ef2 steht im Bild
  OK    gold: die aufgeloeste Akzentmarke #a16207 steht im Bild
  OK    midnight: die aufgeloeste Akzentmarke #ad84f3 steht im Bild

== 10. die Gegenproben
  OK    ohne /etc/theme.conf werden 0 Schemaschluessel gelesen: 0
  OK    und die eingebaute Rampe steht (neutral0 = ffffff)
  OK    aus der kaputten Datei werden 3 Schluessel gelesen: 3
  OK    und 4 werden als unverstanden GEZAEHLT: 4
  OK    was die Datei nicht setzt, behaelt den eingebauten Wert
  OK    Nachsehen im laufenden Betrieb (ohne Aenderung ohne Wirkung): 38

==================================================================
THEME: 91 bestanden, 0 durchgefallen
