accel: kvm (/dev/kvm ist da)
== 1. bauen: derselbe Kernel aus beiden Uebersetzern ==
  OK    firnc0: Kernel gebaut (2833252 Oktette)
  OK    firnc1: Kernel gebaut (6688192 Oktette)
== 2. die Speicherkarte: vier Seiten fuer den Fensterbaum ==
  OK    die Speicherkarte von kdata: 64 Bereiche in 0x80000 Oktetten kdata, 7 Vektoren, 87 Modusnamen in 16 Woertern, 0 Kollisionen
  OK    der Bereich TILE steht in der Karte
  OK    mit TILE_OFF auf 0x58000 findet der Pruefer die Kollision mit K18
== die Abbilder: mit und ohne Tastenbelegung ==
  OK    die Programme fuer das Terminalfenster gebaut
  OK    assets/tiling.conf liegt im Baum (21 Zeilen mit bind)
  OK    mkfs.py baut ein Abbild mit den Schriften und der Tastenbelegung
  OK    und ein zweites OHNE die Datei, fuer die Gegenprobe
== 3. der Baum: vierundzwanzig Zusagen ueber sich selbst ==
  OK    der Kern beendet sich sauber: 21
  OK    die Zusagen des Fensterbaums ueber sich selbst: 24
  OK    und KEINE davon ist gefallen (0x0)
  OK    die Obergrenze ist benannt: 96 Knoten tragen 48 Fenster
== 4. die Zeiten: eine Neuberechnung fuer 2, 8 und 32 Fenster ==
  OK    Neuberechnung fuer 2 Fenster (ns): 422
  OK    Neuberechnung fuer 8 Fenster (ns): 1980
  OK    Neuberechnung fuer 32 Fenster (ns): 7106
  OK    und die Pruefung der Invariante fuer 32 Fenster (ns): 25568
  OK    der Aufwand waechst linear: 32 Fenster kosten das 16,8-fache von zwei
== 5. der Zufallstest: zehntausend Operationen, null Verletzungen ==
  OK    zufaellige Operationen auf dem Baum: 10000
  OK    Verletzungen der Invariante: 0
  OK    und nach JEDER Operation wurde nachgerechnet: 10000
  OK    die meisten Knoten, die dabei gleichzeitig belegt waren: 85
== 6. die Bereichsverfolgung: nur der betroffene Teilbaum ==
  OK    der Kern beendet sich sauber: 21
  OK    der ganze Schirm sind: 480000
  OK    ein Teilen faerbt weniger als den ganzen Schirm: 240000
  OK    GEGENPROBE notiledirty: dasselbe Teilen faerbt den ganzen Schirm: 480000
  OK    und das spart die Teilbaumverfolgung (in Prozent der Flaeche): 200
== 7. die Fotos: Teilung, Reiter, Drehung ==
  OK    der Kern beendet sich sauber: 21
  OK    der Kern haelt fuer das Foto still
  OK    das Foto ist 800x600 (800 600)
  OK    Fenster 1 liegt oben links (400x300)
  OK    Fenster 2 oben rechts
  OK    Fenster 3 unten rechts
  OK    Fenster 4 unten links
  OK    und im Bild ist Fenster 1 wirklich rot (0 von 109296 Bildpunkten falsch)
  OK    Fenster 2 gruen (0 von 109296 Bildpunkten falsch)
  OK    Fenster 3 blau (0 von 109296 Bildpunkten falsch)
  OK    Fenster 4 gelb (0 von 109296 Bildpunkten falsch)
  OK    an der Naht der vier Kacheln liegt keine Luecke (0 0 0)
  OK    der Kern beendet sich sauber: 21
  OK    vier Reiter, drei davon verdeckt -- genau EINER ist zu sehen
  OK    und alle vier haben dasselbe Rechteck unter der Reiterzeile
  OK    der sichtbare Reiter fuellt die Flaeche unter der Zeile (0 von 159200 Bildpunkten falsch)
  OK    der vierte Reiter ist der aktive (helle Leiste rechts oben) (0 von 720 Bildpunkten falsch)
  OK    der erste ist es nicht (dunkle Leiste links oben, DK_TITLE) (0 von 720 Bildpunkten falsch)
  OK    und in der Reiterzeile steht Text, nicht nur Farbe (156 von 640 Bildpunkten falsch)
  OK    der Kern beendet sich sauber: 21
  OK    nach der Drehung liegt Fenster 4 oben links
  OK    und Fenster 1 oben rechts
  OK    im Bild ist oben links jetzt gelb (0 von 109296 Bildpunkten falsch)
  OK    und oben rechts rot (0 von 109296 Bildpunkten falsch)
  OK    die Farben sind also WIRKLICH gewandert (109296 von 109296 Bildpunkten falsch)
== 8. die Tastenbelegung: eine Datei, kein Quelltext ==
  OK    Eintraege, die aus /users/osum/config/tiling.conf gelesen wurden: 21
  OK    GEGENPROBE: ohne die Datei hat der Kernel KEINE Tastenbelegung
== 9. /bin/tiling: die Bedienung liegt in Ring 3 ==
  OK    der Lauf mit /bin/tiling endet sauber: 21
  OK    das Programm sieht den Kachelbetrieb
  OK    es nennt die Zahl der Fenster und die Obergrenze
  OK    es nennt den Modus des Containers
  OK    und es laesst den Kern die Invariante NACHRECHNEN
  OK    es liest /users/osum/config/tiling.conf und schiebt sie in den Kern
  OK    es liest die Belegung wieder heraus
  OK    mit Modifikatoren
  OK    und mit Tasten, die kein Zeichen sind
  OK    Kern und Ring 3 zaehlen dieselben Eintraege (21)
== 10. die Gegenprobe zur ganzen Runde: ohne 'tile' wie vorher ==
  OK    die Zusagen des Fensterservers ueber sich selbst, unveraendert: 30
  OK    der Server kennt die Flaeche wie vorher
  OK    das Terminalfenster entsteht wie vorher
  OK    und KEIN Fenster geht in den Baum
TILING: 68 passed, 0 failed
