accel: kvm (/dev/kvm ist da)
== 1. bauen: der Kern, die Programme, die Speicherkarte ==
  OK    firnc0 baut den Kern mit hwid
  OK    firnc0 baut 10 Programme in Ring 3
  OK    kein neues Programm hat ein undefiniertes Symbol
  OK    64 Bereiche in 0x80000 Oktetten kdata, 7 Vektoren, 87 Modusnamen in 16 Woertern, 0 Kollisionen
  OK    der Bereich dieser Runde (0x5A000..0x5C000) steht in der Karte
  OK    GEGENPROBE: HWID auf 0x59000 kollidiert mit BATT und faellt auf
== 2. SHA-256 in Ring 3 gegen Pythons hashlib ==
  OK    mkfs.py baut das Abbild fuer die Hashmessung
  OK    der Hashlauf endet ordentlich: 21
  OK    SHA-256 Fall 1 stimmt mit hashlib ueberein
  OK    SHA-256 Fall 2 stimmt mit hashlib ueberein
  OK    SHA-256 Fall 3 stimmt mit hashlib ueberein
  OK    SHA-256 Fall 4 stimmt mit hashlib ueberein
  OK    SHA-256 Fall 5 stimmt mit hashlib ueberein
  OK    1000 Oktette am Stueck und in sieben ungleichen Stuecken: derselbe Hash
== 3. SMBIOS: der Kernel gegen eine zweite, unabhaengige Umsetzung ==
  OK    der Wirt holt sich 0x0..0x100000 ueber den QEMU-Monitor
  OK    die zweite Umsetzung entschluesselt die Tabelle
  OK    der Lauf ohne Platte endet ordentlich: 21
  OK    SMBIOS entry: Kernel und Python sagen 0xf59f0
  OK    SMBIOS table: Kernel und Python sagen 0xf5a10
  OK    SMBIOS tlen: Kernel und Python sagen 388
  OK    SMBIOS count: Kernel und Python sagen 9
  OK    SMBIOS sys_man: beide lesen 'QEMU'
  OK    SMBIOS sys_prod: beide lesen 'Standard PC (i440FX + PIIX, 1996)'
  OK    SMBIOS sys_ver: beide lesen 'pc-i440fx-7.2'
  OK    bei 0xF1031 steht '_SM3_' aus dem Zeichenvorrat von SeaBIOS
  OK    und seine Pruefsumme stimmt NICHT
  OK    der Kernel hat GENAU EINEN Einstiegspunkt angenommen: 1
== 4. dieselbe Maschine, zwei Firmwares: was SMBIOS wirklich wert ist ==
  OK    ohne -smbios ist die Seriennummer LEER: (empty)
  OK    ohne -smbios ist die UUID sechzehn Nulloktette: 00000000000000000000000000000000
  OK    und der Kernel sagt selbst, dass das keine UUID ist: 0
  OK    ohne -smbios gibt es keine Baseboard-Struktur: (empty)
  OK    der Lauf mit gesetzter Firmware endet ordentlich: 21
  OK    die Seriennummer ist genau die von der Kommandozeile: SN-JUSTIN-0001
  OK    die Baseboard-Seriennummer auch: BOARD-9999
  OK    die UUID auch: 11111111222233334444555555555555
  OK    und jetzt IST es eine UUID: 1
  OK    der NVMe-Lauf endet ordentlich: 21
  OK    die Seriennummer des Laufwerks kommt aus IDENTIFY CONTROLLER: NVME-SER-4242
  OK    und das Modell dazu: QEMU NVMe Ctrl
  OK    GEGENPROBE: ohne das Wort nvme gibt es keine Laufwerksnummer: 0
  OK    die MAC-Adresse kommt aus dem Treiber: 525400123456
  OK    GEGENPROBE: ohne Karte gibt es keine MAC: 0
== 5. der EFI-Weg, gegen eine von Hand gebaute Systemtafel ==
  OK    der EFI-Lauf endet ordentlich: 21
  OK    from_efi nimmt denselben Einstiegspunkt wie der Suchlauf: 1
  OK    und liest dieselbe Zeichenkette: Flei
  OK    GEGENPROBE: der Zeiger 0 wird abgewiesen: 1
  OK    GEGENPROBE: eine Tafel ohne Signatur wird abgewiesen: 1
  OK    GEGENPROBE: eine Tafel mit nur einem FREMDEN GUID gibt nichts her: 1
  OK    GEGENPROBE: ohne das Wort hwidefi wird der Pfad nie betreten
== 6. /proc/hwid, der Fingerabdruck und was ihn NICHT aendert ==
  OK    mkfs.py baut das Abbild fuer /proc/hwid
  OK    der /proc/hwid-Lauf endet ordentlich: 21
  OK    /proc/hwid traegt die Seriennummer
  OK    /proc/hwid schreibt die UUID in der gewohnten Form 8-4-4-4-12
  OK    und sagt, dass sie eine ist
  OK    hwid -f gibt 64 Hexziffern
  OK    der Fingerabdruck ist auf dem Wirt nachrechenbar: 04941095936fd19884ac0e2ac8ab0a79517f0adbf4c2869082849d452317c9c1
  OK    eine NEUE PLATTE aendert den Fingerabdruck nicht: 04941095936fd19884ac0e2ac8ab0a79517f0adbf4c2869082849d452317c9c1
  OK    eine ANDERE Maschine hat einen anderen Fingerabdruck
  OK    ohne -smbios bleibt die Seriennummer leer
  OK    und der Fingerabdruck stuetzt sich auf hoechstens zwei Quellen (2)
== 7. die Sicherung: doppelt, inkrementell, und Oktett fuer Oktett zurueck ==
  OK    mkfs.py baut den Quellbaum
  OK    der Sicherungslauf endet ordentlich: 21
  OK    der erste Lauf sieht 9 Bloecke: 9
  OK    und speichert davon 5 -- der Rest ist doppelt: 5
  OK    gelesen: 25491 Oktette: 25491
  OK    geschrieben: 11155 Oktette: 11155
  OK    DER ZWEITE LAUF SCHREIBT NULL NEUE BLOECKE: 0
  OK    und null Oktette: 0
  OK    obwohl er denselben Baum GANZ gelesen hat: 25491
  OK    Zeit: erster Lauf 900 ms, zweiter Lauf 800 ms (Zeitgeber 100 Hz, also 10 ms Aufloesung)
  OK    verify prueft 9 Bloecke: 9
  OK    und findet nichts Kaputtes: 0
  OK    und nichts Fehlendes: 0
  OK    wiederhergestellt: 3 Verzeichnisse: 3
  OK    wiederhergestellt: 5 Dateien: 5
  OK    wiederhergestellt: 25491 Oktette: 25491
  OK    backup list nennt s1
  OK    backup list nennt s2
  OK    backup get auf einen Pfad, den es nicht gibt, ist ein FEHLER
  OK    der wiederhergestellte Baum ist OKTETT FUER OKTETT der alte (6 Eintraege): verglichen=6 gleich=6
== 8. die ehrliche Grenze: dieselben acht Oktette, hinten und vorne ==
  OK    mkfs.py baut die drei Fassungen derselben Datei
  OK    der Verschiebungslauf endet ordentlich: 21
  OK    die Ausgangsdatei belegt 3 Bloecke: 3
  OK    ACHT OKTETTE HINTEN: EIN neuer Block: 1
  OK    das sind 2056 von 10248 Oktetten: 2056
  OK    ACHT OKTETTE VORNE: DREI neue Bloecke -- alle: 3
  OK    das sind 10248 von 10248 Oktetten, also alles: 10248
== 9. ein gekipptes Oktett in der Packdatei, von aussen ==
  OK    kaputt: /sa/PACK[100] 0x5d -> 0xa2
  OK    genau EIN Oktett im Abbild ist anders: 1
  OK    der Pruefungslauf endet ordentlich: 21
  OK    im beschaedigten Speicher findet verify GENAU EINEN kaputten Block: 1
  OK    GEGENPROBE: im heilen Speicher desselben Laufs findet es keinen: 0
== 10. die Schluesselverwaltung: PBKDF2 gegen hashlib, und der Rundlauf ==
  OK    mkfs.py baut das Abbild fuer die Schluesselmessung
  OK    der Schluessellauf endet ordentlich: 21
  OK    PBKDF2-HMAC-SHA256 Fall 1 (64 Oktette, zwei Bloecke) stimmt mit hashlib
  OK    PBKDF2-HMAC-SHA256 Fall 2 (64 Oktette, zwei Bloecke) stimmt mit hashlib
  OK    PBKDF2-HMAC-SHA256 Fall 3 (64 Oktette, zwei Bloecke) stimmt mit hashlib
  OK    init erzeugt einen Schluessel und nennt seinen Fingerabdruck
  OK    open mit dem richtigen Passwort gibt DENSELBEN Schluessel zurueck: 5a8d6b3ced5fdf1573261ee22754b44236e517ff883f09bff6b02e17dd884131
  OK    ein falsches Passwort wird abgewiesen (die Marke wird VOR dem Auspacken geprueft)
  OK    und dabei kommt KEIN Schluessel heraus
  OK    crypto erase gemessen: 40 ms
  OK    nach erase ist der Schluessel weg -- open findet nichts mehr
  OK    GEGENPROBE: der Schluessel selbst steht nirgends in der Ausgabe
== 11. verwaiste Pakete: sichern, Baum wegwerfen, wiederherstellen ==
  OK    mkfs.py baut den Baum mit einem verwaisten und einem erreichbaren Paket
  OK    der Verwaisten-Lauf endet ordentlich: 21
  OK    OHNE Liste sichert backup NULL verwaiste Eintraege: 0
  OK    und schreibt dafuer auch null verwaiste Oktette: 0
  OK    MIT Liste sichert backup GENAU EINEN verwaisten Eintrag: 1
  OK    eine LEERE Liste ist kein Fehler und sichert nichts: 0
  OK    die Differenz ist genau das, was die verwaisten Oktette ausmachen: 37320
  OK    PREIS DER AUSNAHME: 43092 -> 80412 Oktette, +37320 (+86.6 %)
        (ohne Verwaiste 43092, mit 80412, Aufschlag 37320 Oktette = 86.6 %)
  OK    der Schnappschuss nennt das VERWAISTE Paket
  OK    GEGENPROBE: das ERREICHBARE Paket steht NICHT im Schnappschuss
  OK    GEGENPROBE: cache steht NICHT im Schnappschuss
  OK    die Benutzerdaten stehen drin -- Regel 1
  OK    eine Zeile, die kein Speichername ist, ist ein LAUTER Fehler (kein Pfad-Ausbruch)
  OK    ein verwaister Eintrag, den es nicht gibt, ist ein LAUTER Fehler
  OK    der Wirt holt PACK, INDEX und den Schnappschuss aus dem Abbild
  OK    der zweite Rechner hat NUR den Speicher -- keinen Baum, kein Paket
  OK    der Wiederherstellungs-Lauf endet ordentlich: 21
  OK    der Speicher des zweiten Rechners ist heil (corrupt: 0)
  OK    DAS WIEDERHERGESTELLTE PAKET LAEUFT -- also sind die Rechtebits mitgekommen
        original=37296 wieder=37296 gleich=True
  OK    das verwaiste Paket ist OKTETT FUER OKTETT wieder da, aus dem Abbild gelesen
== 12. Deduplizierung, Zuwachs und der Rueckweg ==
20000 16384 8000
  OK    mkfs.py baut den Messbaum
  OK    der Messlauf endet ordentlich: 21
  OK    drei Ordner, dieselbe Datei: 6 Bloecke gesehen: 6
  OK    aber nur ZWEI davon sind neu: 2
  OK    gelesen wurden alle 24576 Oktette: 24576
  OK    GESCHRIEBEN nur 8192 -- die Datei liegt EINMAL im Speicher: 8192
  OK    erster Lauf schreibt den ganzen Baum: 44384
  OK    und das ist genau, was er gelesen hat -- ein letzter Block wird NICHT auf 4096 aufgefuellt: 44384
  OK    ZWEITER LAUF SCHREIBT NULL OKTETTE: 0
  OK    und liest dabei trotzdem alles wieder: 44384
  OK    ZAHLEN: 1. Lauf 44384 Oktette in 970 ms, 2. Lauf 0 Oktette in 740 ms
        (der Faktor ist kein Verhaeltnis, sondern eine Null:
         44384 -> 0 Oktette bei gleichem Lesen von 44384)
  OK    EIN Oktett in b.bin geaendert: genau EIN neuer Block: 1
  OK    das sind 4096 Oktette von 44384 gelesenen: 4096
  OK    FAKTOR der kleinen Aenderung: 44384 -> 4096 Oktette, 11x weniger
  OK    backup get holt die einzelne Datei ohne Fehler (die Oktette werden unten verglichen)
  OK    der ganze Baum kommt zurueck: die Wurzel und sub: 2
  OK    und 3 Dateien: 3
  OK    und 44384 Oktette: 44384
  OK    backup list nennt die drei Sicherungen
  OK    aus dem Abbild geprueft: jede Datei OKTETT FUER OKTETT (3 Dateien + 1 einzeln): verglichen=4 gleich=4
  OK    ein Lauf, der scheitert, sagt es
  OK    danach steht KEINE Sicherung im Speicher -- kein halbes Backup
  OK    und wiederherstellen laesst sich daraus auch nichts
  OK    GEGENPROBE im Abbild: /st4 hat keine S-Datei
  OK    GEGENPROBE im Abbild: die halbfertige T-Datei ist weggeraeumt
== 13a. ChaCha20 und die Ableitung gegen RFC 8439 und hashlib ==
