accel: kvm (/dev/kvm ist da)
== 1. die Nummern, und die Karte, wer welchen Bereich hat ==
  OK    SYS_RT_SIGACTION = 13 (Linux' Nummer)
  OK    SYS_RT_SIGPROCMASK = 14 (Linux' Nummer)
  OK    SYS_RT_SIGRETURN = 15 (Linux' Nummer)
  OK    SYS_IOCTL = 16 (Linux' Nummer)
  OK    SYS_PAUSE = 34 (Linux' Nummer)
  OK    SYS_ALARM = 37 (Linux' Nummer)
  OK    SYS_KILL = 62 (Linux' Nummer)
  OK    SYS_GETTIMEOFDAY = 96 (Linux' Nummer)
  OK    SYS_SETPGID = 109 (Linux' Nummer)
  OK    SYS_GETPGRP = 111 (Linux' Nummer)
  OK    SYS_SETSID = 112 (Linux' Nummer)
  OK    SYS_GETPGID = 121 (Linux' Nummer)
  OK    SYS_RT_SIGPENDING = 127 (Linux' Nummer)
  OK    SYS_TIME = 201 (Linux' Nummer)
  OK    SYS_CLOCK_GETTIME = 228 (Linux' Nummer)
  OK    SYS_GETRANDOM = 318 (Linux' Nummer)
  OK    die kleinste Nummer, die Runde K9 selbst erfunden hat: 1100
  OK    und die groesste: 1102
  OK    die Bereichskarte steht oben in sys.fi
  OK    Nummern von K9, die im Socket-Block 41..55 von K8 liegen: 0
== 2. bauen: der Kernel, das Userland und das messende Programm ==
  OK    crt.s assembliert (mit den Behandlungsroutinen von Runde K9)
  OK    crt.s stellt osum_sighandler bereit -- die Adresse, die Firn nicht nennen kann
  OK    firnc0: der Kernel ist gebunden und ein Multiboot-Abbild
  OK    firnc0: 5 Programme als eigenstaendige ELF64-Dateien
  OK    /bin/unix hat kein undefiniertes Symbol
  OK    mkfs.py hat ein OFS-Abbild von 4096 Bloecken gebaut
== 3. der Lauf: achtundfuenfzig Messungen aus Ring 3 ==
  OK    der Kernel hat sich selbst beendet (exit 21)
   -- Signale: abfangen, blockieren, ueberhoeren
  OK    sigaction nimmt eine Routine an (sigact = 0)
  OK    ein Signal an sich selbst landet in der Routine (caught = 1)
  OK    sechs Signale, sechsmal gezaehlt (count = 6)
  OK    und die Routine bekam die richtige Nummer (SIGUSR1) (last = 10)
  OK    sigprocmask nimmt eine Maske an (blocked ok = 0)
  OK    ein blockiertes Signal WARTET -- es geht nicht verloren (pending = 1)
  OK    und kommt in dem Augenblick an, in dem es freigegeben wird (after unblock = 1)
  OK    ein ueberhoertes Signal kommt nie an (ignore = 0)
   -- und jede Art, falsch zu liegen
  OK    SIGKILL laesst sich nicht abfangen: -EINVAL (act kill = -22)
  OK    Signal 0 gibt es nicht: -EINVAL (act zero = -22)
  OK    Signal 64 gibt es nicht: -EINVAL (act big = -22)
  OK    ein Prozess, den es nicht gibt: -ESRCH (kill srch = -3)
  OK    kill(pid, 0) schickt nichts und sagt, dass es ihn gibt (kill probe = 0)
   -- das Standardverhalten, und SIGCHLD
  OK    ein Kind stirbt an SIGTERM mit 128 + 15 (term code = 143)
  OK    SIGKILL laesst sich auch mit Routine nicht abfangen: 128 + 9 (kill code = 137)
  OK    der Elternteil bekommt SIGCHLD, wenn ein Kind endet (chld = 1)
   -- anhalten und fortsetzen
  OK    SIGSTOP macht S_STOP aus dem Prozess (stop state = 7)
  OK    angehaltene Prozesse, die der Kern zaehlt: 1
  OK    und SEINE RECHENZEIT STEHT STILL -- ein Schlaefer taete das nicht (stop frozen = 1)
  OK    SIGCONT holt ihn zurueck (cont state = 1)
  OK    und die Rechenzeit laeuft weiter (cont moves = 1)
   -- eine Ausnahme des Prozessors ist ein Signal
  OK    ein Zugriff auf die Null wird SIGSEGV und landet in Ring 3 (40 + 11) (segv caught = 51)
  OK    ohne Routine bleibt der Code von Runde 62: 128 + Vektor 14 (segv code = 142)
  OK    geteilt durch null wird SIGFPE (40 + 8) (fpe caught = 48)
   -- das Terminal
  OK    ioctl(TCGETS) beantwortet die Zeilendisziplin (tcgets = 0)
  OK    die Konsole ist kanonisch und hoert auf Steuerzeichen (canon = 1)
  OK    ihr Echo ist aus (kbd.fi und die Shell schreiben schon selbst) (echo off = 0)
  OK    und der Schalter dafuer wirkt (echo on = 1)
  OK    die Fenstergroesse hat Zeilen (rows = 24)
  OK    und Spalten (cols = 80)
  OK    wer sie aendert, schickt der Vordergrundgruppe SIGWINCH (winch = 1)
  OK    und die neue Groesse kommt zurueck (winsize = 1)
  OK    was kein Terminal ist, antwortet -ENOTTY (notty = -25)
   -- das Pseudoterminal
  OK    ein Paar aus Steuer- und Nutzerseite (pty = 0)
  OK    was auf der Steuerseite hineingeht, kommt auf der Nutzerseite heraus (pty to slave = 6)
  OK    und das Terminal echot es zurueck (mit dem Wagenruecklauf von ONLCR) (pty echo = 7)
  OK    und in der anderen Richtung ebenso (pty to master = 6)
  OK    im rohen Modus kommt ein einzelnes Zeichen ohne Zeilenende durch (pty raw = 1)
  OK    ein Oktett 3 auf der Steuerseite ist ein SIGINT, kein Zeichen (pty ctlc = 1)
   -- STRG-C, STRG-Z und der Hintergrund: die Auftragssteuerung
  OK    setpgid(0,0) macht aus dem Kind seine eigene Prozessgruppe (job grp = 0)
  OK    STRG-C BEENDET DEN VORDERGRUNDPROZESS WIRKLICH: 128 + SIGINT (job ctlc = 130)
  OK    STRG-Z haelt ihn an statt ihn zu beenden (job tstp = 7)
  OK    und SIGCONT setzt ihn fort (job cont = 1)
  OK    wer aus dem Hintergrund lesen will, bekommt SIGTTIN und steht (job ttin = 7)
   -- die Uhr
  OK    die monotone Uhr laeuft vorwaerts (mono runs = 1)
  OK    UND SIE LAEUFT NIE RUECKWAERTS (mono backward = 0)
  OK    Messungen, ueber die das geprueft wurde: 20000
  OK    das Jahr, das die Echtzeituhr meldet: 2026
  OK    ein Schlaf von 50 ms dauert wirklich so lange (ms) (sleep 50ms = 42)
  OK    eine Uhr, die es nicht gibt: -EINVAL (clock 99 = -22)
  OK    gettimeofday und time sagen dasselbe (tod agree = 1)
  OK    die Koernung ist feiner als eine Zeitgebermarke (Zyklenzaehler statt Marken) (res fine = 1)
   -- der Zufall
  OK    getrandom fuellt, worum es gebeten wird (random got = 1024)
  OK    die Verteilung ueber 256 Faecher, Chi-Quadrat (255 +- 23 waere ideal) (random chi = 160)
  OK    und die Verteilung der Bits in Zehntelprozent (500 = die Haelfte) (random bits = 501)
  OK    verschiedene Oktette zwischen zwei Puffern von 1024: 1024
  OK    getrandom(0) ist 0 und kein Fehler (random zero = 0)
  OK    ein Zeiger in den Kernel: -EFAULT (random fault = -14)
  OK    Messungen, die das Programm gezaehlt hat: 58
  OK    jede gezaehlte Zeile ist wirklich ueber die serielle Leitung gekommen (59)
  OK    die Shell hat das Programm von der Platte gestartet, auf es gewartet und danach selbst geendet
  OK    keine unbehandelte Ausnahme -- die drei provozierten wurden zu Signalen
  OK    der Kernel ist nach alldem bis zum Ende gekommen
== 4. GEGENPROBE 'nosig': ohne Zustellung bleibt der Zaehler bei null ==
  OK    der Lauf ohne Zustellung endet von selbst (exit 21)
  OK    ohne Zustellung faengt niemand etwas ab (caught = 0)
  OK    und sechs abgeschickte Signale zaehlen null (count = 0)
  OK    auch die Freigabe holt nichts nach (after unblock = 0)
  OK    ABER DAS BIT STEHT -- abgeschickt wurde sehr wohl etwas (pending = 1)
  OK    derselbe Code, ein Wort auf der Kommandozeile: 6 gegen 0
== 5. GEGENPROBE 'fixedrand': die statistische Pruefung MUSS durchfallen ==
  OK    der Lauf mit festverdrahtetem Zufall endet von selbst (exit 21)
  OK    Chi-Quadrat mit festverdrahtetem Oktett (die Pruefung muss durchfallen): 2088960
  OK    und zwei Puffer hintereinander sind Oktett fuer Oktett gleich (random diff = 0)
  OK    geliefert wird trotzdem, worum gebeten wurde -- nur eben Unsinn (random got = 1024)
  OK    und die Bitverteilung allein haette ihn durchgewinkt (500) -- deshalb gibt es zwei Pruefungen
== 6. drei Neustarts, drei verschiedene Saaten ==
  OK    Saaten, die drei Neustarts gemeldet haben: 3
  OK    davon verschieden: 3
  OK    Ereignisse, die bis zum Saeen in den Sammler gingen: 52
  OK    ohne RDSEED/RDRAND auf dieser Maschine -- die Entropie kommt allein aus dem Flattern (hw=0)
  OK    die gemessene Taktfrequenz des Zyklenzaehlers (kHz): 2200686
  OK    die Wandzeit aus der CMOS-Uhr (Sekunden seit 1970): 1787918982

UNIX: 107 passed, 0 failed
