== 1. der festgenagelte Uebersetzer (vendor/firn/COMMIT) ==
   Firn a751b3db, firnc0 + firnc1 gebaut, lib/std daneben,
   lib/net/ mit den drei Blob-Hashes aus vendor/net/BLOBS (9 Zusagen)
== 2. freistehend uebersetzen: profile kernel, Inline-Assembler, MMIO, iretq (tools/freestanding/run.sh) ==
   FREESTANDING: 41 passed, 0 failed
   [tcg  40,463 s  freestanding]
== 3. std.core im Kernel: die Bibliothek ohne Allokator (tools/core/run.sh, Runde 73) ==
   CORE: 46 proofs, 0 failures
   [tcg  62,570 s  core]
== 4. der Kern laeuft: Aufgaben, Adressraeume, Systemaufrufe, Dateien (tools/kernel/run.sh, Runden 59/62) ==
   KERNEL: 176 passed, 0 failed
   [tcg  94,761 s  kernel]
== 5. ein Programm von der Platte: ELF-Lader, exec, /bin/sh (tools/osum/run.sh, Runde K1) ==
   OK    the biggest program on the disk, against the 2135552 octets a file may hold: 283192
   OK    the deepest kernel stack of the run (octets): 18992
   OK    refusals in one run: 21
   OSUM: 130 passed, 0 failed
   [tcg  71,352 s  osum]
== 6. der Kernel liest seine Maschine: PCI, APIC, NVMe ueber DMA (tools/pci/run.sh, Runde K2) ==
   bench: tsc=2187853800
   bench: ata blocks=256  cycles=56858406  us=25988  KiB_s=4925  inwords=65536  halts=0  ok=256
   bench: nvme blocks=256  cycles=32021528  us=14636  KiB_s=8745  inwords=0  halts=256  ok=256
   bench: nvme16 blocks=256  cycles=2379124  us=1087  KiB_s=117709  inwords=0  halts=0  ok=256
   bench: faster=1775 permil
   PCI: 98 passed, 0 failed
   [tcg  93,580 s  pci]
== 7. die POSIX-Schicht und die libc (tools/posix/run.sh, Runde K4) ==
   -- open, write, read, close
   -- lseek, stat, fstat
   -- mkdir, getdents64
   -- dup, dup2
   -- brk, mmap, munmap and the allocator on top of them
   -- pipe
   -- fork, execve, wait4
   -- and every way to be wrong
   POSIX: 134 passed, 0 failed
   [tcg  52,225 s  posix]
== 8. vier Prozessoren, und die Sperre, die einen Kernel daraus macht (tools/smp/run.sh, Runde K5) ==
   one core:   1751390960 cycles, 800 ms
   four cores: 531814492 cycles, 243 ms
   speed-up:   3.293
   one host thread, four guest cores: 1761235608 cycles (0.994 against one core)
   speed-up:   3.721
   with the lock: 6000 of 6000   without it: 1811 of 6000
   SMP: 59 passed, 0 failed
   [  77,515 s  smp]
== 9. ein Userland: eine Shell, 25 Werkzeuge, Roehren und Umlenkung (tools/userland/run.sh, Runde K6) ==
   OK    the biggest program, against the 2135552 octets a file may hold: 283192
   OK    the whole userland in octets, against the 4194304 of the drive: 2086184
   OK    programs loaded off the disk in the first case alone: 17
   OK    programs loaded off the disk in the pipe case: 27
   USERLAND: 91 passed, 0 failed
   [tcg  109,700 s  userland]
== 10. Handles statt Umgebungsautoritaet: die Capability-Schicht aus OrientOS (tools/caps/run.sh) ==
   (.utext: 14 Seiten, 1 2-MiB-Kachel(n))
   (.utext: 61 Seiten, 1 2-MiB-Kachel(n))
   CAPS: 67 passed, 0 failed
   [tcg  46,723 s  caps]
== 11. der Multiboot-Kopf verlangt einen Bildschirm -- der UEFI-Pfad (tools/boot/run.sh) ==
   BOOT: 20 passed, 0 failed
   [tcg  43,032 s  boot]
== 12. der Bildschirm: Rahmenpuffer, Textkonsole, /dev/fb (tools/gfx/run.sh, Runde K7) ==
   fbbench: direct    fill=1483 us  scroll=1256 us  line=912 us
   fbbench: buffered  fill=1628 us  scroll=1488 us  flush=1204 us  line=1087 us
   GFX: 76 passed, 0 failed
   [tcg  93,206 s  gfx]
== 13. was jedes Unix-Programm voraussetzt: Signale, Terminal, Uhr, Zufall (tools/unix/run.sh, Runde K9) ==
   -- Signale: abfangen, blockieren, ueberhoeren
   -- und jede Art, falsch zu liegen
   -- das Standardverhalten, und SIGCHLD
   -- anhalten und fortsetzen
   -- eine Ausnahme des Prozessors ist ein Signal
   -- das Terminal
   -- das Pseudoterminal
   -- STRG-C, STRG-Z und der Hintergrund: die Auftragssteuerung
   -- die Uhr
   -- der Zufall
   UNIX: 107 passed, 0 failed
   [tcg  20,538 s  unix]
== 14. das Netz: virtio-net, der Stack aus K3, Steckdosen -- gegen den Linux-Kern (tools/net/run.sh) ==
   OK    round trip, average: 4.348 ms (QEMU without KVM, netd at 100 Hz)
   OK    throughput Linux -> Osum: 5724 KiB/s (1 MiB in 178878 us, QEMU/TCG, no KVM)
   OK    what came back is what went in, octet for octet (md5 32573af648bd25b39bc09f65c8919fff)
   OK    throughput through the echo: 2337 KiB/s (every frame handled twice)
   OK    throughput through 20 % loss: 0 KiB/s (clean wire: 5724 KiB/s)
   NET: 73 passed, 2 failed
  FEHLER  tools/net/run.sh ist fehlgeschlagen (siehe .test-work/net.log)
       FAIL  through 20 % loss: octets that arrived, all of them in order: 0, expected eq 262144
       FAIL  and all of them arrived: 64240, expected eq 65536
   [tcg  318,797 s  net]
== 15. die Schutzbits und das Boot-Modul: SMEP, SMAP, CRC32 (tools/guard/run.sh, Runde K10) ==
   OK    das SMAP-Fenster wurde 312x geoeffnet -- der Kernel liest wirklich Nutzerspeicher
   OK    und alle drei weiteren tragen die Bits WIRKLICH in ihrem CR4
   OK    nach einem Lauf mit Prozessen, Seiten und Halde ist das Abbild unveraendert
   GUARD: 55 passed, 0 failed
   [tcg  74,718 s  guard]
== 16. man kann darauf arbeiten: ein Editor, zwanzig Werkzeuge, eine Shell mit Sprache (tools/k11/run.sh, Runde K11) ==
   OK    GNU tar packt aus, was Osum gepackt hat
   OK    GNU tar liest die Rechte 0755 des Verzeichniseintrags
   OK    GNU gunzip packt aus, was Osums gzip gepackt hat
   OK    GNU patch spielt ein, was Osums diff erzeugt hat
   OK    DIE GESICHERTE DATEI, Oktett fuer Oktett aus dem Plattenabbild
   OK    AUF DEM BILDSCHIRM steht dieselbe Zeile -- aus dem Foto gelesen
   OK    EINE DATEI, DIE VORHER NICHT DA WAR, mit der Tastatur geschrieben
   K11: 85 passed, 0 failed
   [tcg  168,839 s  k11]
== 17. die Oberflaeche: Maus, Fensterserver, TrueType (tools/wm/run.sh, Runde K10) ==
   wmbench: compose full=6186 us  small=218 us  factor=2837
   wmbench: glyph cold=70449 us  warm=117 us  factor=60212 (je 95 Zn)
   ohne Bereichsverfolgung: full=6166 us  small=6388 us
   im Regellauf: irqs=31  davon leer=16  abgefragt=45
   WM: 103 passed, 0 failed
   [tcg  129,074 s  wm]
== 18. ein Wirt fuer fremde Prozessoren: AMD-V, verschachtelte Seitentabellen, Gaeste (tools/hv/run.sh, Runde K12) ==
   bench: bench rounds=512 cycles=34249754 per-exit=66894 in-guest=53101 in-host=13792 
   exits: exits total=612 cpuid=2 ioio=16 msr=0 hlt=0 vmmcall=525 npf=1 intr=64 shutdown=1 exc=0 crwr=3 err=0 other=0 
   cpu:   cpu host-rflags=0x202 rev=1 asids=16 feat=0x10010001 np=yes nrip=no decode=no clean=no 
   bench: bench rounds=512 cycles=37553604 per-exit=73346 in-guest=54251 in-host=19095 
   exits: exits total=612 cpuid=2 ioio=16 msr=0 hlt=0 vmmcall=525 npf=1 intr=64 shutdown=1 exc=0 crwr=3 err=0 other=0 
   cpu:   cpu host-rflags=0x202 rev=1 asids=16 feat=0x10010001 np=yes nrip=no decode=no clean=no 
   HV: 114 passed, 0 failed
   [  113,349 s  hv]
== 19. Benutzer, Rechte und der erste Prozess: uid/gid, chmod/chown, login, init (tools/k13/run.sh, Runde K13) ==
   OK    GEGENPROBE: K13 auf 0x40000 kollidiert mit HV und faellt auf
   OK    GEGENPROBE: setuid(0) danach ist -EPERM und nicht 0: -1
   OK    DIE KENNUNG UEBERLEBT fork (das Kind meldet sie im Beendigungscode): 7
   OK    GEGENPROBE ZU init: ohne Prozess 1 bleibt die Waise als Leiche stehen: k13: zombies=0 after=1
   OK    die Maschine schaltet sich ueber ACPI ab (0), nicht ueber den Pruefstand (21): 0
   OK    GEGENPROBE: ein FALSCHES Passwort wird abgelehnt: 0
   OK    GEGENPROBE noperm: justin darf jetzt die Datei mit 0o000 lesen: 1
   OK    GEGENPROBE noperm: justin liest jetzt auch /etc/shadow: 1
   OK    GEGENPROBE nosuid: ohne das setuid-Bit kommt su nicht an /etc/shadow
   OK    GEGENPROBE ofsv2raw: dasselbe Abbild mit den Regeln der Fassung 2 bricht zusammen
   OK    die Maschine faehrt ueber ACPI herunter (QEMU beendet sich mit 0): 0
   OK    DIE WAISE FAELLT AN DEN PROZESS 1 und wird eingesammelt: 1
   OK    GEGENPROBE noacpi: derselbe Lauf endet ueber den Pruefstand (21) statt ueber ACPI (0): 21
   OK    DER NOTWEG: mit initsh endet der Lauf wie vor dieser Runde: 21
   OK    GEGENPROBE: ein falsches Passwort wird abgelehnt
   OK    das Passwort steht NICHT im Klartext in /etc/shadow
   OK    PYTHON rechnet denselben Wert aus dem NEUEN Passwort -- es ist PBKDF2-HMAC-SHA256
   OK    GEGENPROBE: aus dem ALTEN Passwort kommt ein anderer Wert
   K13: 99 passed, 0 failed
   [tcg  161,670 s  k13]
== 20. die VFS-Schicht und die fremden Dateisysteme: /proc, /dev, FAT32, MBR und GPT (tools/k14/run.sh, Runde K14) ==
   OK    vier Dateisysteme sind eingehaengt (mount_count = 4)
   OK    blob.bin: 5000 Oktette Zufall, Oktett fuer Oktett
   OK    kopie.bin: was Osum schrieb, liest mcopy Oktett fuer Oktett
   OK    fsck.fat auf dem von Osum beschriebenen Dateisystem (0 = sauber): 0
   OK    GEGENPROBE nopart: nur drei Einhaengungen
   OK    GEGENPROBE nopart: ohne Partitionstafel wird kein FAT32 gefunden
   OK    GEGENPROBE novfs: nur die Wurzel steht
   OK    dieselbe Arbeit auf OFS, beide Wege, Oktett fuer Oktett
   K14: 151 passed, 1 failed
  FEHLER  tools/k14/run.sh ist fehlgeschlagen (siehe .test-work/k14.log)
       FAIL  und die Wurzelplatte danach, Oktett fuer Oktett
   [tcg  127,326 s  k14]
== 21. der Uebersetzer laeuft auf dem System selbst, und eine Datei weiss, womit man sie oeffnet (tools/k16/run.sh, Runde K16) ==
   OK    16 von 16 Programmen: fas und as+ld sagen dasselbe und gehen mit demselben Code
   OK    ZEICHENGLEICH: der Assemblertext von Osum ist Oktett fuer Oktett der vom Wirt (14909 Oktette)
   OK    ZEICHENGLEICH: die ausfuehrbare Datei von Osum ist Oktett fuer Oktett die vom Wirt (8192 Oktette)
   OK    DER INHALT GEHT VOR: /tarn.fi heisst .fi und IST ein Programm: elf
   OK    DER AUSLEGER BEKOMMT SEIN ARGUMENT UND DEN PFAD: 'ausleger /s1.sh'
   K16: 58 passed, 6 failed
  FEHLER  tools/k16/run.sh ist fehlgeschlagen (siehe .test-work/k16.log)
       FAIL  fas scheitert an: bsec[fas: Zeile 30880: diesen Namen gibt es n '_F1.u_start'] bstore[fas: Zeile 79614: diesen Namen gibt es n '_F1.u_start'] chacha[fas: Zeile 13927: diesen Namen gibt es n '_F1.u_start'] msg[fas: Zeile 23228: diesen Namen gibt es n '_F1.u_start'] nv[fas: Zeile 14847: diesen Namen gibt es n '_F1.u_start'] qs[fas: Zeile 67444: diesen Namen gibt es n '_F1.u_start'] sha[fas: Zeile 18436: diesen Namen gibt es n '_F1.u_start']
       FAIL  Programme, die fas gebunden hat: 100, erwartet eq 107
       FAIL  DAS AUF OSUM UEBERSETZTE PROGRAMM LAEUFT AUF OSUM UND SAGT SEINEN SATZ -- 'osum hat mich uebersetzt' fehlt
       FAIL  und es geht mit genau dem Code, den seine Quelle nennt: 'LAUF=127', erwartet 'LAUF=42'
       FAIL  DER DOPPELKLICK: fopen auf eine .fi uebersetzt sie und startet sie -- 'osum hat mich uebersetzt' fehlt
       FAIL  und der Beendigungscode des uebersetzten Programms kommt durch (42): 0, erwartet ge 1
   [tcg  83,219 s  k16]
== 22. Widgets und der Dateimanager: eine Bibliothek in Ring 3 (tools/k15/run.sh, Runde K15) ==
   OK    die Anordnung: 12 Rechtecke, alle im Fenster 480x400, keine Ueberschneidung, Reihenfolge in 5 Spalten richtig
   OK    die Anordnung des Dateimanagers: 9 Rechtecke, alle im Fenster 660x430, keine Ueberschneidung, Reihenfolge in 7 Spalten richtig
   OK    und /data/neu steht WIRKLICH im Plattenabbild
   OK    ein Klick auf das Kaestchen kostet 18184 Bildpunkte statt 192000 -- Faktor 10
   OK    mit Bereichsverfolgung setzt der Server 18966648 Bildpunkte zusammen, ohne sie 38880000 -- Faktor 2
   OK    der Verweis spart 965 Bloecke gegen die Kopie (3095 frei statt 2130)
   OK    das Symbol des Dateimanagers steht Punkt fuer Punkt im Bild (169 deckende Bildpunkte, alle gleich)
   OK    getippt 'folder': GENAU EIN Treffer, und es ist ein Programm
   OK    OHNE die Schluesselwoerter findet 'folder' NICHTS
   OK    1. DER AUFBAU: so viele Namen aus der Inode-Tabelle: 4021
   -> 4021 Namen in 958153 us, 65 Aufrufe; das ist 238 us je Name
   OK    2. DIE SUCHE: sie ist um Groessenordnungen billiger als der Aufbau: 112
   -> Aufbau 958153 us, eine Suche 8538 us (zehn gemessen: 85385 us)
   OK    3. DIE GEGENPROBE: der Baumdurchlauf sieht dieselben Namen: 4021
   OK    und DIESELBEN NAMEN -- sortiert, Oktett fuer Oktett verglichen
   -> Baumdurchlauf 2697788 us, Suche im Index 8538 us
   OK    5. der Index findet 'quaste' NICHT
   OK    nach dem Anlegen findet der Index die neue Datei
   OK    nach dem Umbenennen den NEUEN Namen und den alten nicht mehr
   OK    OHNE das Journal weiss der Index von der neuen Datei nichts
   OK    getippt 'blau': ein Treffer, und er ist KEIN Programm, sondern eine Datei
   OK    OHNE den Namensindex findet 'blau' NICHTS
   K15: 252 passed, 0 failed
   [tcg  843,316 s  k15]
== 25. der Fensterbaum: Kacheln, Reiter, Drehen -- und die Invariante nach jeder Operation (tools/tiling/run.sh, Runde TILING) ==
   OK    die Zusagen des Fensterbaums ueber sich selbst: 24
   OK    und KEINE davon ist gefallen (0x0)
   OK    der Aufwand waechst linear: 32 Fenster kosten das 14,8-fache von zwei
   OK    Verletzungen der Invariante: 0
   OK    und nach JEDER Operation wurde nachgerechnet: 10000
   OK    GEGENPROBE notiledirty: dasselbe Teilen faerbt den ganzen Schirm: 480000
   OK    und das spart die Teilbaumverfolgung (in Prozent der Flaeche): 200
   OK    Fenster 1 liegt oben links (400x300)
   OK    Fenster 2 oben rechts
   OK    Fenster 3 unten rechts
   OK    Fenster 4 unten links
   OK    und im Bild ist Fenster 1 wirklich rot (0 von 109296 Bildpunkten falsch)
   OK    Fenster 2 gruen (0 von 109296 Bildpunkten falsch)
   OK    Fenster 3 blau (0 von 109296 Bildpunkten falsch)
   OK    Fenster 4 gelb (0 von 109296 Bildpunkten falsch)
   OK    vier Reiter, drei davon verdeckt -- genau EINER ist zu sehen
   OK    nach der Drehung liegt Fenster 4 oben links
   OK    GEGENPROBE: ohne die Datei hat der Kernel KEINE Tastenbelegung
   OK    Kern und Ring 3 zaehlen dieselben Eintraege (21)
   TILING: 68 passed, 0 failed
   [tcg  93,929 s  tiling]
== 24. Energie und Leistung: drei Profile, Ruhezustand, Waerme, Akku (tools/k18/run.sh, Runde K18) ==
   OK    keine AUFRUFNUMMER aus 1750..1799 steht ausserhalb der Dateien dieser Runde
   OK    dieselbe Stelle, dreimal gelesen, DREI VERSCHIEDENE Werte: 274878234625 / 327681 / 262145
   OK    IA32_PERF_CTL bekommt drei verschiedene Woerter: 4294969344 / 4096 / 6144
   OK    Turbo ist bei Energiesparen GESPERRT (Bit 38) (1)
   OK    Turbo ist bei Profil 1 FREI (Bit 38 = 0) (0)
   OK    Turbo ist bei Profil 2 FREI (Bit 38 = 0) (0)
   OK    SpeedStep ist bei Profil 0 AN (1)
   OK    SpeedStep ist bei Profil 1 AN (1)
   OK    SpeedStep ist bei Hoechstleistung AUS (0)
   OK    jeder Durchlauf ging in mwait (80)
   OK    schlafend 80 Durchlaeufe gegen rechnend 0 -- der Unterschied kommt aus der Maschine
   OK    aber es wird kein einziges mwait mehr ausgefuehrt (0)
   OK    zwei Tabellen, zwei Ladestaende: 75% gegen 50%
   OK    GEGENPROBE: ohne SSDT wird kein Akku gemeldet (batpresent = 0)
   OK    GEGENPROBE: _BST als Methode wird NICHT gelesen (batpresent = 0)
   OK    GEGENPROBE: SSDT ohne Akku -> kein Akku (batpresent = 0)
   OK    GEDROSSELT: 'Hoechstleistung' wird auf Energiesparen gedeckelt (prof2 = 0)
   OK    GEGENPROBE kalt: dort geht Hoechstleistung durch (prof2 = 2)
   OK    im BILD bei (120,120): das Pruefbild steht da (200 100 50)
   OK    im BILD bei (120,120) mit pwrdim: genau die Haelfte (100 50 25)
   OK    im BILD bei (120,120) mit pwrblank: schwarz (0 0 0)
   OK    und einen Bildpunkt DANEBEN (164,164) ist nichts (0 0 0)
   OK    dasselbe Pruefbild, ein Wort Unterschied, zwei Farben: '200 100 50' gegen '100 50 25'
   OK    GEGENPROBE nopwr: /bin/power sagt es und rechnet nicht weiter
   K18: 170 passed, 0 failed
   [tcg  111,154 s  k18]
== 25. die zweite Maschine: AArch64 auf qemu -M virt (tools/arm/run.sh, Runde ARM) ==
   OK    the first line arrived on the PL011, before the MMU and the GIC
   OK    SCTLR_EL1.M is set, read back out of the processor
   OK    a page mapped by hand at 0x0000000080000000 through three levels, written and read back
   OK    the same octet through TTBR0 and through TTBR1 (0xffffff8040080000)
   OK    CNTFRQ_EL0 = 62500000 Hz, stated by the machine and not calibrated
   OK    100 virtual timer interrupts arrived through the GIC (INTID 27)
   OK    arch_switch from Firn: ABABABABABABABABABAB -- twenty handovers, in order
   OK    32 virtio-mmio slots answer with the magic number 0x74726976
   OK    with a disk and a net card attached, 2 slots name a device
   OK    nomm: SCTLR_EL1.M reads back 0 -- the switch really was skipped
   OK    nomm: and neither the page proof nor the TTBR1 proof is printed, so neither can pass by accident
   OK    noaf: the access flag left clear stops the machine dead the moment translation is switched on -- no line after 'svc=', no fault report, nothing
   OK    notimer: without INTID 27 enabled in the distributor the tick count is never reached -- the run gets to 'freq=' and sleeps
   OK    noeoi: one interrupt is taken, GICC_EOIR is never written, and the controller never delivers another
   first octet on the PL011: 53.4 ms (median of 5, 49.6..54.9)
   to the last line:         1067.9 ms (median of 5, 1065.0..1068.1)
   ARM: 48 passed, 0 failed
   [  47,866 s  arm]
== 23. USB: xHCI, Aufzaehlung, Tastatur, Maus und ein Stick (tools/k17/run.sh, Runde K17) ==
   OK    die Tastatur, an Klasse 03:01:01 (HID/Boot/Tastatur)
   OK    die Maus, an Klasse 03:01:02 (HID/Boot/Maus)
   OK    der Stick, an Klasse 08:06:50 (Massenspeicher/SCSI/BOT)
   OK    DIESELBEN ZEICHEN: die key-Zeilen beider Laeufe (31 Zeilen, Oktett fuer Oktett)
   OK    DIESELBE SHELL-SITZUNG, Oktett fuer Oktett (40 Zeilen, Oktett fuer Oktett)
   OK    GEGENPROBE usbnoirq: der Kern beendet sich trotzdem: 21
   OK    GEGENPROBE usbnoirq: Tasten ueber den USB-Weg: 0
   OK    GEGENPROBE usbnoirq: die Shell bekommt kein Zeichen
   OK    der Zeiger steht danach auf x=200 (acht Anschlaege, dann 2 x 100) (200)
   OK    WAS OSUM SCHRIEB, LIEST MTOOLS AUF DEM WIRT WIEDER (1 Zeilen, Oktett fuer Oktett)
   OK    lesen auf dem OFFENEN Deskriptor: -ENODEV (19) (afterread = 19)
   K17: 158 passed, 0 failed
   [tcg  134,488 s  k17]
== 26. Der Bildschirm, zum zweiten Mal: Modusliste, Wechsel im Betrieb, EDID, Gamma (tools/display/run.sh, Runde DISPLAY) ==
   OK    gefragt 22 · aufgenommen 18 · Register abgelehnt 2 · zu gross fuer den Bildspeicher 0 · nicht abbildbar 2
   OK    die native Aufloesung aus dem ersten Zeitlagensatz: 1280x800
   OK    der rohe Block rechnet nach: RHT 1280x800 version 1.4
   OK    VORHER: das Foto ist 800x600 (800 600)
   OK    VORHER: Feld 1 ist reines Rot (0 von 10000 Bildpunkten falsch)
   OK    VORHER: die Textzeile steht bildpunktgenau (3200 Bildpunkte geprueft, 0 falsch)
   OK    er hat 10514 Mikrosekunden gedauert (Registersatz, Neuabbildung, Zweitpuffer, Neuzeichnen)
   OK    NACHHER: das Foto ist 1024x768 -- der Modus wurde WIRKLICH gewechselt (1024 768)
   OK    NACHHER: das Pruefbild ist neu gezeichnet, Feld 1 ist wieder rot (0 von 10000 Bildpunkten falsch)
   OK    NACHHER: Feld 4 ist weiss (0 von 10000 Bildpunkten falsch)
   OK    NACHHER: die Textzeile steht bildpunktgenau im NEUEN Modus (3200 Bildpunkte geprueft, 0 falsch)
   OK    NACHHER: die Ecke bei (1023,767) gibt es jetzt und sie ist schwarz (0 0 0)
   OK    VORHER gab es diese Ecke NICHT (ausserhalb des Bildes)
   OK    ZURUECK: das Foto ist wieder 800x600 (800 600)
   OK    ZURUECK: und das Pruefbild steht wieder da (3200 Bildpunkte geprueft, 0 falsch)
   OK    das Foto ist 800x600 -- der Bildmodus steht noch (800 600)
   OK    Feld 1 ist rot -- der Bildschirm ist NICHT schwarz (0 von 10000 Bildpunkten falsch)
   OK    und der Kernel hat von SELBST zurueckgeschaltet (1)
   OK    gemessen: disp: bench 2560x1080  px=2764800  flush=7953 us  lut=427570 us  lutline=5942 us  sat=1253781 us  rot90=518637 us
   OK    je Bildpunkt: flush 2 ns · Tabelle 154 ns · Drehung 187 ns (QEMU/TCG, kein KVM)
   OK    die Aufrufnummern dieser Runde (1810..) liegen hinter dem Block der Widgets (1800..1809)
   OK    ein Programm in Ring 3 hat die Tafel umgestellt (1024)
   DISPLAY: 145 passed, 0 failed
   [tcg  119,423 s  display]
== 27. Marken statt Farben: hell, dunkel, automatisch, und der Kontrast nachgerechnet (tests/theme/run.sh, Runde THEME) ==
   OK    rohe Farbwerte im Zeichencode: 0
   OK    derselbe Pruefer auf dem Stand vor der Runde: 18
   OK    alle 256 stimmen mit tools/theme/model.py ueberein
   OK    groesster Abstand zur WCAG-Formel: 0.0000004901 (bei c=248)
   OK    day/light: 41 Komponentenmarken und ihre Rollen stimmen
   OK    day/light: 23 Rollen stimmen
   OK    day/dark: 41 Komponentenmarken und ihre Rollen stimmen
   OK    day/dark: 23 Rollen stimmen
   OK    paper/light: 41 Komponentenmarken und ihre Rollen stimmen
   OK    paper/light: 23 Rollen stimmen
   OK    paper/dark: 41 Komponentenmarken und ihre Rollen stimmen
   OK    paper/dark: 23 Rollen stimmen
   OK    night/light: 41 Komponentenmarken und ihre Rollen stimmen
   OK    night/light: 23 Rollen stimmen
   OK    night/dark: 41 Komponentenmarken und ihre Rollen stimmen
   OK    night/dark: 23 Rollen stimmen
   OK    midnight/light: 41 Komponentenmarken und ihre Rollen stimmen
   OK    midnight/light: 23 Rollen stimmen
   OK    midnight/dark: 41 Komponentenmarken und ihre Rollen stimmen
   OK    midnight/dark: 23 Rollen stimmen
   OK    contrast/light: 41 Komponentenmarken und ihre Rollen stimmen
   OK    contrast/light: 23 Rollen stimmen
   OK    contrast/dark: 41 Komponentenmarken und ihre Rollen stimmen
   OK    contrast/dark: 23 Rollen stimmen
   OK    day/light: 21 Kontrastverhaeltnisse stimmen mit dem Modell
   OK    day/light: jede Paarung erfuellt WCAG, schlechteste 461
   OK    day/dark: 21 Kontrastverhaeltnisse stimmen mit dem Modell
   OK    day/dark: jede Paarung erfuellt WCAG, schlechteste 570
   OK    paper/light: 21 Kontrastverhaeltnisse stimmen mit dem Modell
   OK    paper/light: jede Paarung erfuellt WCAG, schlechteste 471
   OK    paper/dark: 21 Kontrastverhaeltnisse stimmen mit dem Modell
   OK    paper/dark: jede Paarung erfuellt WCAG, schlechteste 534
   OK    night/light: 21 Kontrastverhaeltnisse stimmen mit dem Modell
   OK    night/light: jede Paarung erfuellt WCAG, schlechteste 461
   OK    night/dark: 21 Kontrastverhaeltnisse stimmen mit dem Modell
   OK    night/dark: jede Paarung erfuellt WCAG, schlechteste 570
   OK    midnight/light: 21 Kontrastverhaeltnisse stimmen mit dem Modell
   OK    midnight/light: jede Paarung erfuellt WCAG, schlechteste 462
   OK    midnight/dark: 21 Kontrastverhaeltnisse stimmen mit dem Modell
   OK    midnight/dark: jede Paarung erfuellt WCAG, schlechteste 581
   OK    contrast/light: 21 Kontrastverhaeltnisse stimmen mit dem Modell
   OK    contrast/light: jede Paarung erfuellt WCAG, schlechteste 788
   OK    contrast/dark: 21 Kontrastverhaeltnisse stimmen mit dem Modell
   OK    contrast/dark: jede Paarung erfuellt WCAG, schlechteste 905
   OK    #2563eb hell: unveraendert uebernommen, Text 516, Flaeche 493
   OK    #7c3aed hell: unveraendert uebernommen, Text 569, Flaeche 544
   OK    #a16207 hell: unveraendert uebernommen, Text 492, Flaeche 470
   OK    #ffff00 hell: verschoben auf #7f7f00 (3 Stufen), danach 493 / 406
   OK    #22c55e hell: verschoben auf #1ca54e (1 Stufen), danach 654 / 306
   OK    #ffffff hell: verschoben auf #7f7f7f (3 Stufen), danach 524 / 382
   OK    die Farbe bleibt im laufenden Bild dieselbe (f8fafc)
   OK    GEGENPROBE: die lebende Bank hat sich sehr wohl geaendert (0f172a)
   OK    aufloesen (Rampen, Bindung, Kontrastsuche, veroeffentlichen): 252 us
   OK    nachsehen im Ruhezustand (eine Datei lesen und vergleichen): 5670 us
   OK    vollstaendig neu laden (drei Dateien und aufloesen): 34150 us
   OK    aufloesen bleibt unter einer Millisekunde: 252954
   OK    erkennen, schnellster Lauf: 35582 us
   OK    neu malen, schnellster Lauf: 106187 us fuer 228096 von 480000 Bildpunkten
   OK    GEGENPROBE: ein gewoehnliches Vollbild ohne Themenwechsel: 100065 us
   OK    das Umschalten liegt in der Groessenordnung eines Vollbilds
   OK    light: die aufgeloeste Akzentmarke #2563eb steht im Bild
   OK    green: die aufgeloeste Akzentmarke #1ca54e steht im Bild
   OK    violet: die aufgeloeste Akzentmarke #7c3aed steht im Bild
   OK    dark: die aufgeloeste Akzentmarke #779ef2 steht im Bild
   OK    gold: die aufgeloeste Akzentmarke #a16207 steht im Bild
   OK    midnight: die aufgeloeste Akzentmarke #ad84f3 steht im Bild
   OK    ohne /etc/theme.conf werden 0 Schemaschluessel gelesen: 0
   OK    und die eingebaute Rampe steht (neutral0 = ffffff)
   OK    aus der kaputten Datei werden 3 Schluessel gelesen: 3
   OK    und 4 werden als unverstanden GEZAEHLT: 4
   OK    was die Datei nicht setzt, behaelt den eingebauten Wert
   THEME: 91 bestanden, 0 durchgefallen
   [tcg  210,817 s  theme]
== 25. das Symbolsystem: eine Schrift fuer die Oberflaeche, Bitmaps fuer die Anwendungen (tools/icons/run.sh, Runde ICONS) ==
   OK    assets/osum-icons.ttf is reproduced octet for octet
   OK    raw code points in the drawing code: 0
   OK    counterproof: a planted code point is found: 1
   OK    assertions passed in Ring 3: 8
   OK    assertions failed in Ring 3: 0
   OK    the kernel loaded /lib/icons.ttf into the third slot
   one icon cold 3470745 ns, warm 62669 ns, one OSYM bitmap 64257 ns
   in memory: glyph 224 octets, OSYM 1036 octets
   both mix the same 127 pixels -- the bitmap was made out of the glyph, so the two draw identical work
   per mixed pixel: icon 493 ns, OSYM 505 ns   (QEMU without KVM, TCG)
   OK    an icon in memory is smaller than the same OSYM picture: 224
   OK    the kernel says the icon font is missing instead of dying
   OK    and Ring 3 sees no icon font (0 = none): 0
   OK    screenshot docs/icons/files.png
   OK    screenshot docs/icons/filesnone.png
   icons: 24 ok, 1 failed
  FEHLER  tools/icons/run.sh ist fehlgeschlagen (siehe .test-work/icons.log)
       FAIL  lib/icons.fi does not match the map -- run the builder
   [tcg  111,418 s  icons]
== 25. eine Netzsicht je Prozess: real, filtered, faked, none (tools/netview/run.sh, Runde NETVIEW) ==
   OK    real: connect took 15142 us over the veth
   OK    none: connect said -ENETUNREACH: 1000101
   OK    none: and it said so IN MICROSECONDS, not after a timeout: 303
   OK    faked: connect SUCCEEDED: 0
   OK    faked: and the reachability check got 204 No Content: 204
   OK    faked: the BODY is EMPTY -- nothing was loaded: 0
   OK    faked: a name resolved to 198.51.100.80: 3325256784
   OK    faked: connect, in microseconds: 438
   OK    faked: reading the answer, in microseconds: 922
   OK    faked: the WHOLE exchange, in microseconds: 3824
   OK    OCTETS THAT LEFT THE MACHINE (virtio.tx_frame): 0
   OK    and the python server, which counts, saw EXACTLY ONE of the two: 1
   OK    kernel/netmark.fi is the drawing, octet for octet -- one source, two places
   OK    nocarrier: the icon is on the screen at 538,578 -- ok 62 von 62 gleich
   OK    noip: the icon is on the screen at 538,578 -- ok 52 von 52 gleich
   OK    noroute: the icon is on the screen at 561,578 -- ok 68 von 68 gleich
   OK    online: the icon is on the screen at 561,578 -- ok 82 von 82 gleich
   OK    faking: the machine really is online: 3
   OK    faking: the bar read the preference as 'always': 2
   OK    faking: the sys-faking sign is on the screen at 547,580 -- ok 61 von 61 gleich
   OK    faking: and 'online' is still there beside it -- ok 82 von 82 gleich
   OK    faking: the faking sign comes FIRST (further left): 547
   OK    dark: button 1 carries mark-filtered at 172,580 -- ok 54 von 54 gleich
   OK    dark: button 3 carries mark-faked at 366,580 -- ok 49 von 49 gleich
   OK    dark: button 4 carries mark-none at 463,580 -- ok 52 von 52 gleich
   OK    dark: buttons whose process sees the REAL network (no mark): 2
   OK    dark: buttons marked filtered: 1
   OK    dark: buttons marked faked: 1
   OK    dark: buttons marked none: 1
   OK    dark: and the REAL one carries nothing -- ok nicht da: 49 von 49 anders
   OK    light: button 1 carries mark-filtered at 172,580 -- ok 54 von 54 gleich
   OK    light: button 3 carries mark-faked at 366,580 -- ok 49 von 49 gleich
   OK    light: button 4 carries mark-none at 463,580 -- ok 52 von 52 gleich
   OK    light: buttons whose process sees the REAL network (no mark): 2
   OK    light: buttons marked filtered: 1
   OK    light: buttons marked faked: 1
   OK    light: buttons marked none: 1
   OK    light: and the REAL one carries nothing -- ok nicht da: 49 von 49 anders
   OK    8a: the machine reports no carrier: 0
   OK    8a: the preference is off: 0
   OK    8a: so a new program gets the REAL view: 0
   OK    8a: and the program did get it: 0
   OK    8a: connect FAILED, as it must on a machine with no network: 1000019
   OK    8a: nothing was loaded: 0
   OK    8a: and it failed FAST, not into a timeout (us): 0
   OK    8b: the machine still reports no carrier: 0
   OK    8b: the preference is when-offline: 1
   OK    8b: so a new program gets FAKED: 2
   OK    8b: and the program did get it: 2
   OK    8b: connect SUCCEEDED on a machine with no network: 0
   OK    8b: the reachability check got 204 No Content: 204
   OK    8b: the body is EMPTY -- nothing was loaded: 0
   OK    8b: a name still resolved: 3325256784
   OK    8b: and it took microseconds: 12982
   OK    8b: OCTETS THAT LEFT THE MACHINE: 0
   OK    8b: and /bin/netview says so in words
   OK    8c: the preference is always: 2
   OK    8c: a program with NO setting gets faked: 2
   OK    8c: and reads a 204: 204
   OK    8c: EXPLICIT real STAYS REAL under 'always': 0
   OK    8c: and really reached the python server: 200
   OK    8c: with the real page (46 octets): 46
   OK    8c: EXPLICIT none STAYS NONE under 'always': 3
   OK    8c: and got -ENETUNREACH, not a faked 204: 1000101
   OK    8c: it loaded nothing: 0
   OK    8d: the machine reports itself online: 3
   OK    8d: the preference is still when-offline: 1
   OK    8d: but a new program now gets REAL: 0
   OK    8d: and the program did get it: 0
   OK    8d: it reached the python server: 200
   OK    8d: and got the real page: 46
   OK    8e: every running process kept its view across the change [real real real real real]
   OK    8e: and none of them was faked to begin with
   OK    8e: the preference ends up at always: 2
   OK    8e: while the NEXT program to start is faked: 2
   OK    8e: and reads a 204 instead of the page: 204
   OK    8e: /bin/netview reported the change
   OK    8f: /etc/netview.conf holds the word, not a number
   OK    8f: the first boot ends at always: 2
   OK    8f: the second boot ends at always, read out of the file alone: 2
   OK    8f: and 'netview boot' read the file back
   NETVIEW: 195 passed, 0 failed
   [tcg  652,112 s  netview]
== 26. wer wieviel verbraucht, und die Verbindung weiterreichen (tools/netmon/run.sh, Runde NETMON) ==
   OK    what the KERNEL counted for the program wget, payload in: 65691
   OK    wget/ping ratio -- the split, not just the total: 340
   OK    one frame, cache hit (every frame of a transfer): 4651 cycles
   OK    the counting is 0.7% of the time the transfer took
   OK    and the SECOND roll wrote nothing -- no double counting: 1
   OK    addresses in the history file (there must be NONE): 0
   OK    the client got an OFFER out of the pool -- from Osum's DHCP SERVER
   OK    echo replies from 10.9.0.1 -- through the NAT, from the far side: 2
   OK    files fetched over HTTP through the NAT: 3
   OK    NAT records made (two pings and three fetches): 4
   NETMON: 76 passed, 0 failed
   [tcg  878,994 s  netmon]
