== 1. der festgenagelte Uebersetzer (vendor/firn/COMMIT) ==
   Firn a751b3db, firnc0 + firnc1 gebaut, lib/std daneben,
   lib/net/ mit den drei Blob-Hashes aus vendor/net/BLOBS (9 Zusagen)
== 25. der Tunnel: WireGuard, AmneziaWG, SOCKS5 und Tor (tools/tunnel/run.sh, Runde TUNNEL) ==
   OK    1522 vectors, all passed
   AEAD refusals               9 vectors  all passed
   AEAD vs OpenSSL           172 vectors  all passed
   BLAKE2s KAT (keyed)       256 vectors  all passed
   BLAKE2s digest lengths     64 vectors  all passed
   BLAKE2s key lengths        33 vectors  all passed
   BLAKE2s length sweep      207 vectors  all passed
   BLAKE2s refusals            4 vectors  all passed
   ChaCha20 vs OpenSSL       136 vectors  all passed
   HMAC-BLAKE2s              100 vectors  all passed
   RFC 7693 App. B             1 vectors  all passed
   RFC 7748 5.2                2 vectors  all passed
   RFC 7748 5.2 iterated       2 vectors  all passed
   RFC 7748 6.1                4 vectors  all passed
   RFC 8439 2.3.2 block        1 vectors  all passed
   RFC 8439 2.4.2              1 vectors  all passed
   RFC 8439 2.5.2              1 vectors  all passed
   RFC 8439 2.8.2 seal         1 vectors  all passed
   RFC 8439 A.1 blocks         5 vectors  all passed
   RFC 8439 A.2 encrypt        2 vectors  all passed
   RFC 8439 A.3 Poly1305      11 vectors  all passed
   RFC 8439 A.5 open           1 vectors  all passed
   X25519 top bit ignored     20 vectors  all passed
   X25519 vs libsodium       400 vectors  all passed
   XChaCha20 vs libsodium     88 vectors  all passed
   draft-xchacha A.3.1         1 vectors  all passed
   OK    all 29 checks against the Linux kernel passed
   Linux's ping goes through our tunnel           ok   3 of 3 replies, rtt min/avg/max/mdev = 0.974/1.180/1.412/0.179 ms
   we decrypted every packet Linux sent us        ok   410 of 400 packets
   Linux's ping goes through our tunnel (with psk) ok   3 of 3 replies, rtt min/avg/max/mdev = 0.881/0.904/0.926/0.018 ms
   we decrypted every packet Linux sent us (with psk) ok   410 of 400 packets
   OK    all 18 AmneziaWG checks passed
   OK    all 19 proxy checks passed
   OK    X25519 in the kernel agrees with libsodium: b1316700eb52caed...
   OK    the Linux kernel completed a handshake with Osum
   OK    Linux pinged Osum THROUGH the tunnel: 4 of 4, rtt min/avg/max/mdev = 7.909/9.923/13.360/2.075 ms
   OK    counter-check: WITHOUT wgkill the same kernel put 44 IP octets on the wire
   OK    KILL SWITCH: 0 IP octets on the wire, counted by tcpdump outside the kernel
   [tcg  263,017 s  tunnel]
== 26. der Tunnel als PAKET: was er kostet, wenn keiner laeuft (tools/tunnel/kosten.sh, Nachtrag TUNNEL) ==
   OK    der Tunnel kostet 203436 Oktette Abbild (6.9 %) -- und --ohne-tunnel nimmt sie ganz weg
   OK    ein EINGERICHTETER Tunnel belegt 6 Seiten (24576 Oktette); ein nicht eingerichteter 0
   OK    der Haken ist ein Vergleich gegen Null je Rahmen -- gemessen +0.0 %
   [tcg  632,291 s  tunnelkosten]
== 27. installieren, benutzen, entfernen -- und nichts bleibt (tools/tunnel/pakete.sh, Nachtrag TUNNEL) ==
   OK    zweimal gebaut, Oktett fuer Oktett dasselbe Paket
   OK    GEGENPROBE: opk entfernen OHNE --behalte-daten loescht die privaten Schluessel mit
   OK    SPURLOS: 33 Eintraege verglichen (Pfad, Art, Groesse, SHA-256), kein Unterschied
   OK    mit --behalte-daten haben Schluessel und Profile das Entfernen ueberlebt
  FEHLER  tools/tunnel/pakete.sh ist fehlgeschlagen (siehe .test-work/tunnelpakete.log)
       FAIL  /apps/vpn.osp/start fehlt nach der Installation
       FAIL  /apps/proxy.osp/start fehlt nach der Installation
       FAIL  das Entfernen der anderen hat 'bleibt' angefasst:  -> 
   [  276,405 s  tunnelpakete]
== 25. Diebstahl: Geraeteidentitaet, Sicherung, Schluesselverwaltung (tools/tresor/run.sh, Runde TRESOR) ==
   OK    GEGENPROBE: HWID auf 0x59000 kollidiert mit BATT und faellt auf
   OK    SHA-256 Fall 1 stimmt mit hashlib ueberein
   OK    SHA-256 Fall 2 stimmt mit hashlib ueberein
   OK    SHA-256 Fall 3 stimmt mit hashlib ueberein
   OK    SHA-256 Fall 4 stimmt mit hashlib ueberein
   OK    SHA-256 Fall 5 stimmt mit hashlib ueberein
   OK    1000 Oktette am Stueck und in sieben ungleichen Stuecken: derselbe Hash
   OK    SMBIOS entry: Kernel und Python sagen 0xf59f0
   OK    SMBIOS table: Kernel und Python sagen 0xf5a10
   OK    SMBIOS tlen: Kernel und Python sagen 388
   OK    SMBIOS count: Kernel und Python sagen 9
   OK    SMBIOS sys_man: beide lesen 'QEMU'
   OK    SMBIOS sys_prod: beide lesen 'Standard PC (i440FX + PIIX, 1996)'
   OK    SMBIOS sys_ver: beide lesen 'pc-i440fx-7.2'
   OK    bei 0xF1031 steht '_SM3_' aus dem Zeichenvorrat von SeaBIOS
   OK    und seine Pruefsumme stimmt NICHT
   OK    die Seriennummer des Laufwerks kommt aus IDENTIFY CONTROLLER: NVME-SER-4242
   OK    GEGENPROBE: ohne das Wort nvme gibt es keine Laufwerksnummer: 0
   OK    GEGENPROBE: ohne Karte gibt es keine MAC: 0
   OK    GEGENPROBE: der Zeiger 0 wird abgewiesen: 1
   OK    GEGENPROBE: eine Tafel ohne Signatur wird abgewiesen: 1
   OK    GEGENPROBE: eine Tafel mit nur einem FREMDEN GUID gibt nichts her: 1
   OK    GEGENPROBE: ohne das Wort hwidefi wird der Pfad nie betreten
   OK    der Fingerabdruck ist auf dem Wirt nachrechenbar: 04941095936fd19884ac0e2ac8ab0a79517f0adbf4c2869082849d452317c9c1
   OK    eine NEUE PLATTE aendert den Fingerabdruck nicht: 04941095936fd19884ac0e2ac8ab0a79517f0adbf4c2869082849d452317c9c1
   OK    eine ANDERE Maschine hat einen anderen Fingerabdruck
   OK    DER ZWEITE LAUF SCHREIBT NULL NEUE BLOECKE: 0
   OK    der wiederhergestellte Baum ist OKTETT FUER OKTETT der alte (6 Eintraege): verglichen=6 gleich=6
   OK    ACHT OKTETTE HINTEN: EIN neuer Block: 1
   OK    ACHT OKTETTE VORNE: DREI neue Bloecke -- alle: 3
   OK    im beschaedigten Speicher findet verify GENAU EINEN kaputten Block: 1
   OK    GEGENPROBE: im heilen Speicher desselben Laufs findet es keinen: 0
   OK    PBKDF2-HMAC-SHA256 Fall 1 (64 Oktette, zwei Bloecke) stimmt mit hashlib
   OK    PBKDF2-HMAC-SHA256 Fall 2 (64 Oktette, zwei Bloecke) stimmt mit hashlib
   OK    PBKDF2-HMAC-SHA256 Fall 3 (64 Oktette, zwei Bloecke) stimmt mit hashlib
   OK    open mit dem richtigen Passwort gibt DENSELBEN Schluessel zurueck: c3db572df5758db6f7d8a49232def46f6464a7846e9de07edc9820b1bea39229
   OK    crypto erase gemessen: 30 ms
   OK    GEGENPROBE: der Schluessel selbst steht nirgends in der Ausgabe
   OK    MIT Liste sichert backup GENAU EINEN verwaisten Eintrag: 1
   OK    PREIS DER AUSNAHME: 43092 -> 80412 Oktette, +37320 (+86.6 %)
   OK    GEGENPROBE: das ERREICHBARE Paket steht NICHT im Schnappschuss
   OK    GEGENPROBE: cache steht NICHT im Schnappschuss
   OK    DAS WIEDERHERGESTELLTE PAKET LAEUFT -- also sind die Rechtebits mitgekommen
   OK    das verwaiste Paket ist OKTETT FUER OKTETT wieder da, aus dem Abbild gelesen
   OK    GESCHRIEBEN nur 8192 -- die Datei liegt EINMAL im Speicher: 8192
   OK    ZWEITER LAUF SCHREIBT NULL OKTETTE: 0
   OK    FAKTOR der kleinen Aenderung: 44384 -> 4096 Oktette, 11x weniger
   OK    GEGENPROBE im Abbild: /st4 hat keine S-Datei
   OK    GEGENPROBE im Abbild: die halbfertige T-Datei ist weggeraeumt
   OK    GEGENPROBE: keine Zeile sprengt das Argumentlimit der Schale: 0
   OK    GEGENPROBE: gewoehnliche Daten stehen in A im KLARTEXT im Speicher: 1
   OK    GEGENPROBE: derselbe Klartext, zwei Speicher, ZWEI verschiedene Geheimtexte: verschieden
   TRESOR: 220 passed, 0 failed
   [tcg  119,828 s  tresor]
== 25. Akkuanalyse je Programm: die gemessene Gesamtleistung, anteilig zugeordnet (tools/powermon/run.sh, Runde POWERMON) ==
   OK    another table, another rate -- the number is not in the kernel (rate = 7700)
   OK    GEGENPROBE without a battery: nothing was measured (rateok = 0)
   OK    GEGENPROBE pmonnofloor: no floor was measured (baseok = 0)
   OK    the two displays differ by 7700 mW on the same machine -- the mistake, measured
   OK    the same energy, booked differently: programs 0 -> 277200, system 1386000 -> 1108800 mW-ticks
   OK    GEGENPROBE: no row for burn in the run in which it never started
   OK    the shares add up to a hundred exactly (sumshare = 100)
   rows=3 rowenergy=669900 proce=669900 rowticks=87 progticks=87
   EQUAL
   OK    the sum of the program rows IS the kernel's own total, to the last mW-tick
   kernelrows=4 rowenergy=669900 proce=669900
   EQUAL
   OK    and the kernel's own rows add up to the same number
   OK    the ageing of the battery: 3000 of 6000 mWh is fifty percent (health = 50)
   OK    GEGENPROBE: a battery at its design charge reads a hundred percent (health = 100)
   OK    runtime left at 7700 mW: 25 minutes (minutes = 25)
   OK    GEGENPROBE nopowermon: the accounting really is off (on = 0)
   OK    one sample costs 729969 cycles, measured over 23 of them (16789300 in total)
   OK    at 10 samples a second that is about 7299 parts per million of a 1 GHz processor
   OK    counted and uncounted, burn computed exactly the same thing (burn: sum=1679050356470528532 loops=60000000)
   OK    the file stays far under the 2 MiB ceiling of a volume: 568
   OK    AND THE SENTENCE THAT SAYS WHAT THE NUMBERS ARE, on the page and not in a footnote
   OK    the ageing of the battery is on the page
   OK    ON THIS HOST THE PAGE SAYS SO ITSELF: nothing could be attributed
   OK    wigapp= really started THIS program and not the default
   OK    GEGENPROBE: it did not start the built-in default
   OK    the window server counts the window /bin/powermon opened
   OK    distinct colours inside the window rectangle in the screenshot: 20
   POWERMON: 121 passed, 0 failed
   [tcg  164,661 s  powermon]

==================================================================
gelaufen mit OSUM_JOBS=1, accel=tcg
ACHTUNG: DIESER LAUF IST UNVOLLSTAENDIG -- OSUM_NUR='^(tunnel|tunnelkosten|tunnelpakete|tresor|powermon)$' hat
         30 Abschnitte gar nicht erst angemeldet. Die Zahlen
         unten gelten NICHT als Abnahme.
5 Abschnitte bestanden, 1 FEHLGESCHLAGEN (350 Zusagen)

  tools/tunnel/pakete.sh ist fehlgeschlagen (siehe .test-work/tunnelpakete.log)
