== 1. der festgenagelte Uebersetzer (vendor/firn/COMMIT) ==
   Firn a751b3db, firnc0 + firnc1 gebaut, lib/std daneben,
   lib/net/ mit den drei Blob-Hashes aus vendor/net/BLOBS (9 Zusagen)
== 26. wer wieviel verbraucht, und die Verbindung weiterreichen (tools/netmon/run.sh, Runde NETMON) ==
   OK    addresses in the history file (there must be NONE): 0
   NETMON: 11 passed, 49 failed
  FEHLER  tools/netmon/run.sh ist fehlgeschlagen (siehe .test-work/netmon.log)
       FAIL  /bin/wget fetched the file -- 'wget: status 200' is missing
       FAIL  what wget itself says it read, octets: no number found (expected eq 65536)
       FAIL  the program table has no line for wget
       FAIL  frames the classifier placed on a process: no number found (expected gt 40)
       FAIL  not one exception in the run -- '*** EXCEPTION' should not be there
       FAIL  /bin/ping got its answers -- '0% packet loss' is missing
       FAIL  and /bin/wget its file -- 'wget: status 200' is missing
       FAIL  the program table does not have BOTH programs on it
       FAIL  octets through with the counting on: no number found (expected ge 1048576)
       FAIL  octets through with the counting off: no number found (expected ge 1048576)
       FAIL  frames classified during the megaoctet: no number found (expected gt 500)
       FAIL  and placed on the process that owns the connection: no number found (expected gt 500)
   [kvm  403,429 s  netmon]
== 25. der Tunnel: WireGuard, AmneziaWG, SOCKS5 und Tor (tools/tunnel/run.sh, Runde TUNNEL) ==
   OK    1522 vectors, all passed
   AEAD refusals               9 vectors  all passed
   AEAD vs OpenSSL           172 vectors  all passed
   BLAKE2s KAT (keyed)       256 vectors  all passed
   BLAKE2s digest lengths     64 vectors  all passed
   BLAKE2s key lengths        33 vectors  all passed
   BLAKE2s length sweep      207 vectors  all passed
   BLAKE2s refusals            4 vectors  all passed
   ChaCha20 vs OpenSSL       136 vectors  all passed
   HMAC-BLAKE2s              100 vectors  all passed
   RFC 7693 App. B             1 vectors  all passed
   RFC 7748 5.2                2 vectors  all passed
   RFC 7748 5.2 iterated       2 vectors  all passed
   RFC 7748 6.1                4 vectors  all passed
   RFC 8439 2.3.2 block        1 vectors  all passed
   RFC 8439 2.4.2              1 vectors  all passed
   RFC 8439 2.5.2              1 vectors  all passed
   RFC 8439 2.8.2 seal         1 vectors  all passed
   RFC 8439 A.1 blocks         5 vectors  all passed
   RFC 8439 A.2 encrypt        2 vectors  all passed
   RFC 8439 A.3 Poly1305      11 vectors  all passed
   RFC 8439 A.5 open           1 vectors  all passed
   X25519 top bit ignored     20 vectors  all passed
   X25519 vs libsodium       400 vectors  all passed
   XChaCha20 vs libsodium     88 vectors  all passed
   draft-xchacha A.3.1         1 vectors  all passed
   OK    all 29 checks against the Linux kernel passed
   Linux's ping goes through our tunnel           ok   3 of 3 replies, rtt min/avg/max/mdev = 0.825/0.946/1.158/0.150 ms
   we decrypted every packet Linux sent us        ok   410 of 400 packets
   Linux's ping goes through our tunnel (with psk) ok   3 of 3 replies, rtt min/avg/max/mdev = 1.002/1.111/1.185/0.078 ms
   we decrypted every packet Linux sent us (with psk) ok   410 of 400 packets
   OK    all 18 AmneziaWG checks passed
   OK    all 19 proxy checks passed
   OK    KILL SWITCH: 0 IP octets on the wire, counted by tcpdump outside the kernel
  FEHLER  tools/tunnel/run.sh ist fehlgeschlagen (siehe .test-work/tunnel.log)
       FAIL  the kernel's public key is , expected e1c846e05bbf1fe461fae930fb061705209840816eaa312ff53884abb25eca18
       FAIL  no 'wg:' line -- the tunnel did not start
       FAIL  no handshake: wg show says '0'
       FAIL  Linux received nothing from the tunnel
       FAIL  the ping through the tunnel got 0 of 4 replies
       FAIL  the counter-check leaked nothing (0) -- the measurement below is meaningless
   [kvm  766,226 s  tunnel]
== 26. der Tunnel als PAKET: was er kostet, wenn keiner laeuft (tools/tunnel/kosten.sh, Nachtrag TUNNEL) ==
   OK    der Tunnel kostet 203436 Oktette Abbild (6.9 %) -- und --ohne-tunnel nimmt sie ganz weg
  FEHLER  tools/tunnel/kosten.sh ist fehlgeschlagen (siehe .test-work/tunnelkosten.log)
       FAIL  die Zeile mm: frei_f= fehlt
       FAIL  kein Durchlaufwert gemessen
   [kvm  493,255 s  tunnelkosten]
== 27. installieren, benutzen, entfernen -- und nichts bleibt (tools/tunnel/pakete.sh, Nachtrag TUNNEL) ==
   OK    zweimal gebaut, Oktett fuer Oktett dasselbe Paket
   OK    GEGENPROBE: opk entfernen OHNE --behalte-daten loescht die privaten Schluessel mit
   OK    SPURLOS: 33 Eintraege verglichen (Pfad, Art, Groesse, SHA-256), kein Unterschied
   OK    mit --behalte-daten haben Schluessel und Profile das Entfernen ueberlebt
  FEHLER  tools/tunnel/pakete.sh ist fehlgeschlagen (siehe .test-work/tunnelpakete.log)
       FAIL  /apps/vpn.osp/start fehlt nach der Installation
       FAIL  /apps/proxy.osp/start fehlt nach der Installation
       FAIL  das Entfernen der anderen hat 'bleibt' angefasst:  -> 
   [  1,669 s  tunnelpakete]
== 25. Diebstahl: Geraeteidentitaet, Sicherung, Schluesselverwaltung (tools/tresor/run.sh, Runde TRESOR) ==
   OK    GEGENPROBE: HWID auf 0x59000 kollidiert mit BATT und faellt auf
   OK    bei 0xF1031 steht '_SM3_' aus dem Zeichenvorrat von SeaBIOS
   OK    und seine Pruefsumme stimmt NICHT
   OK    GEGENPROBE: ohne das Wort hwidefi wird der Pfad nie betreten
   OK    eine NEUE PLATTE aendert den Fingerabdruck nicht: 
   OK    open mit dem richtigen Passwort gibt DENSELBEN Schluessel zurueck: 
   OK    GEGENPROBE: der Schluessel selbst steht nirgends in der Ausgabe
   OK    GEGENPROBE: das ERREICHBARE Paket steht NICHT im Schnappschuss
   OK    GEGENPROBE: cache steht NICHT im Schnappschuss
   OK    GEGENPROBE im Abbild: /st4 hat keine S-Datei
   OK    GEGENPROBE im Abbild: die halbfertige T-Datei ist weggeraeumt
   OK    GEGENPROBE: keine Zeile sprengt das Argumentlimit der Schale: 0
   TRESOR: 62 passed, 158 failed
  FEHLER  tools/tresor/run.sh ist fehlgeschlagen (siehe .test-work/tresor.log)
       FAIL  der Hashlauf endet ordentlich: '63', erwartet '21'
       FAIL  SHA-256 Fall 1: '', hashlib sagt 'ba7816bf8f01cfea414140de5dae2223b00361a396177a9cb410ff61f20015ad'
       FAIL  SHA-256 Fall 2: '', hashlib sagt 'e3b0c44298fc1c149afbf4c8996fb92427ae41e4649b934ca495991b7852b855'
       FAIL  SHA-256 Fall 3: '', hashlib sagt '248d6a61d20638b8e5c026930c3e6039a33ce45964ff2167f6ecedd419db06c1'
       FAIL  SHA-256 Fall 4: '', hashlib sagt '41edece42d63e8d9bf515a9ba6932e1c20cbc9f5a5d134645adb5db1b9737ea3'
       FAIL  SHA-256 Fall 5: '', hashlib sagt '41edece42d63e8d9bf515a9ba6932e1c20cbc9f5a5d134645adb5db1b9737ea3'
       FAIL  der Strom liefert einen anderen Hash als der Einzelaufruf
       FAIL  der Lauf ohne Platte endet ordentlich: '63', erwartet '21'
       FAIL  SMBIOS entry: Kernel '', Python '0xf59f0'
       FAIL  SMBIOS table: Kernel '', Python '0xf5a10'
       FAIL  SMBIOS tlen: Kernel '', Python '388'
       FAIL  SMBIOS count: Kernel '', Python '9'
   [kvm  39,897 s  tresor]
== 25. Akkuanalyse je Programm: die gemessene Gesamtleistung, anteilig zugeordnet (tools/powermon/run.sh, Runde POWERMON) ==
   OK    GEGENPROBE: no row for burn in the run in which it never started
   rows=0 rowenergy=0 proce=-1 rowticks=0 progticks=-1
   DIFFERENT
   kernelrows=0 rowenergy=0 proce=-1
   DIFFERENT
   OK    GEGENPROBE: it did not start the built-in default
   POWERMON: 30 passed, 86 failed
  FEHLER  tools/powermon/run.sh ist fehlgeschlagen (siehe .test-work/powermon.log)
       FAIL  the run with the 1200 mW battery ends cleanly: 63, wanted eq 21
       FAIL  ring 3 reports the rate that stands in the table -- the line 'powermon: rate=' is missing entirely
       FAIL  and says that it really read it -- the line 'powermon: rateok=' is missing entirely
       FAIL  the run with the 7700 mW battery ends cleanly: 63, wanted eq 21
       FAIL  another table, another rate -- the number is not in the kernel -- the line 'powermon: rate=' is missing entirely
       FAIL  the run without a battery ends cleanly: 63, wanted eq 21
       FAIL  GEGENPROBE without a battery: nothing was measured -- the line 'powermon: rateok=' is missing entirely
       FAIL  and the rate stays zero instead of being invented -- the line 'powermon: rate=' is missing entirely
       FAIL  and the page shows a dash and not a zero -- 'Power now          --' is missing
       FAIL  rate: one of the two sides did not report at all (kernel='' ring3='')
       FAIL  rateok: one of the two sides did not report at all (kernel='' ring3='')
       FAIL  health: one of the two sides did not report at all (kernel='' ring3='')
   [kvm  96,039 s  powermon]

==================================================================
gelaufen mit OSUM_JOBS=1, accel=kvm
ACHTUNG: DIESER LAUF IST UNVOLLSTAENDIG -- OSUM_NUR='^(netmon|tunnel|tunnelkosten|tunnelpakete|tresor|powermon)$' hat
         29 Abschnitte gar nicht erst angemeldet. Die Zahlen
         unten gelten NICHT als Abnahme.
1 Abschnitte bestanden, 6 FEHLGESCHLAGEN (112 Zusagen)

  tools/netmon/run.sh ist fehlgeschlagen (siehe .test-work/netmon.log)
  tools/tunnel/run.sh ist fehlgeschlagen (siehe .test-work/tunnel.log)
  tools/tunnel/kosten.sh ist fehlgeschlagen (siehe .test-work/tunnelkosten.log)
  tools/tunnel/pakete.sh ist fehlgeschlagen (siehe .test-work/tunnelpakete.log)
  tools/tresor/run.sh ist fehlgeschlagen (siehe .test-work/tresor.log)
  tools/powermon/run.sh ist fehlgeschlagen (siehe .test-work/powermon.log)
