== 1. der festgenagelte Uebersetzer (vendor/firn/COMMIT) ==
   Firn a751b3db, firnc0 + firnc1 gebaut, lib/std daneben,
   lib/net/ mit den drei Blob-Hashes aus vendor/net/BLOBS (9 Zusagen)
== 2. freistehend uebersetzen: profile kernel, Inline-Assembler, MMIO, iretq (tools/freestanding/run.sh) ==
   FREESTANDING: 41 passed, 0 failed
   [kvm  40,470 s  freestanding]
== 3. std.core im Kernel: die Bibliothek ohne Allokator (tools/core/run.sh, Runde 73) ==
   CORE: 46 proofs, 0 failures
   [kvm  62,547 s  core]
== 4. der Kern laeuft: Aufgaben, Adressraeume, Systemaufrufe, Dateien (tools/kernel/run.sh, Runden 59/62) ==
   KERNEL: 117 passed, 65 failed
  FEHLER  tools/kernel/run.sh ist fehlgeschlagen (siehe .test-work/kernel.log)
       FAIL  firnc0: QEMU exit code 63, expected 21
       FAIL  firnc0: the line 'fs: done' is missing
       FAIL  firnc0: the line 'ring3: syscall 1 arg 59' is missing
       FAIL  firnc0: the line 'ring3: back in ring 0' is missing
       FAIL  firnc0: the line 'kernel: done' is missing
       FAIL  firnc1: QEMU exit code 63, expected 21
       FAIL  firnc1: the line 'fs: done' is missing
       FAIL  firnc1: the line 'ring3: syscall 1 arg 59' is missing
       FAIL  firnc1: the line 'ring3: back in ring 0' is missing
       FAIL  firnc1: the line 'kernel: done' is missing
       FAIL  firnc0: file contents read back unchanged: 0, expected ge 2
       FAIL  firnc1: file contents read back unchanged: 0, expected ge 2
   [kvm  65,907 s  kernel]
== 5. ein Programm von der Platte: ELF-Lader, exec, /bin/sh (tools/osum/run.sh, Runde K1) ==
   OK    the biggest program on the disk, against the 2135552 octets a file may hold: 283192
   FAIL  the deepest kernel stack of the run (octets): no number found (expected lt 0)
   FAIL  refusals in one run: 0, expected eq 21
   OSUM: 38 passed, 96 failed
  FEHLER  tools/osum/run.sh ist fehlgeschlagen (siehe .test-work/osum.log)
       FAIL  QEMU exit code 63, expected 21
       FAIL  the kernel mounted the image the HOST wrote -- 'osum: mount=1' is missing
       FAIL  the kernel sees exactly the seven programs the host put in /bin -- 'osum: bin .:2 ..:2 sh:1 ls:1 cat:1 echo:1 rm:1 hurt:1 hello:1' is missing
       FAIL  /bin/sh started -- an ELF file, loaded from a drive -- 'sh: ready, osum' is missing
       FAIL  der Stapelzeiger zeigt AUF den Argumentblock -- die Uebergabe von Linux (Runde K16) -- 'ustack=0x4007f000' is missing
       FAIL  no read+execute code segment in the report
       FAIL  no writable non-executable data segment
       FAIL  no read-only segment in the report
       FAIL  'ls' says something else
       FAIL  'ls /bin' is wrong
       FAIL  'cat' read a file off the disk -- 'firn round K1: this file lies on a real disk' is missing
       FAIL  'hello a b' got three arguments (argv[0] is its own name) -- 'hello: argc3' is missing
   [kvm  90,750 s  osum]
== 6. der Kernel liest seine Maschine: PCI, APIC, NVMe ueber DMA (tools/pci/run.sh, Runde K2) ==
   PCI: 52 passed, 45 failed
  FEHLER  tools/pci/run.sh ist fehlgeschlagen (siehe .test-work/pci.log)
       FAIL  plain machine: exit code 63, expected 21
       FAIL  nopci: exit code 63, expected 21
       FAIL  counter-check: without the scan there is no NVMe controller for the driver -- 'nvme: no device' is missing
       FAIL  notimer: exit code 63, expected 21
       FAIL  noapic: exit code 63, expected 21
       FAIL  keyboard run: exit code 63, expected 21
       FAIL  noioapic: exit code 63, expected 21
       FAIL  NVMe run: exit code 63, expected 21
       FAIL  identify: 16384 blocks of 512 octets, read out of the controller -- 'nvme: blocks=16384  lbasz=512' is missing
       FAIL  the completion is signalled by message (MSI-X) -- 'irq=msix' is missing
       FAIL  the bus master bit is set -- 'master=1' is missing
       FAIL  the same file system formats and mounts on the NVMe disk -- 'nvme: format 1  mount=1' is missing
   [kvm  58,599 s  pci]
== 7. die POSIX-Schicht und die libc (tools/posix/run.sh, Runde K4) ==
   -- open, write, read, close
   -- lseek, stat, fstat
   -- mkdir, getdents64
   -- dup, dup2
   -- brk, mmap, munmap and the allocator on top of them
   -- pipe
   -- fork, execve, wait4
   -- and every way to be wrong
   POSIX: 54 passed, 80 failed
  FEHLER  tools/posix/run.sh ist fehlgeschlagen (siehe .test-work/posix.log)
       FAIL  QEMU exit code 63, expected 21
       FAIL  open gave the lowest free descriptor -- no line 'posix: open ='
       FAIL  write wrote every octet it was given -- no line 'posix: write ='
       FAIL  close said nothing went wrong -- no line 'posix: close ='
       FAIL  read gave back exactly what was written -- no line 'posix: read ='
       FAIL  a read at the end of the file is 0, not an error -- no line 'posix: read again ='
       FAIL  and the octets are the same ones -- no line 'posix: same ='
       FAIL  lseek SEEK_SET answers with the new position -- no line 'posix: seek ='
       FAIL  and the next octet read is really the fifth one -- no line 'posix: seek char ='
       FAIL  lseek SEEK_CUR counts from where it stood -- no line 'posix: seek cur ='
       FAIL  lseek SEEK_END lands on the size of the file -- no line 'posix: seek end ='
       FAIL  fstat knows the size behind an open descriptor -- no line 'posix: fstat size ='
   [kvm  45,090 s  posix]
== 8. vier Prozessoren, und die Sperre, die einen Kernel daraus macht (tools/smp/run.sh, Runde K5) ==
   one core:   1777844376 cycles, 812 ms
   four cores: 471306462 cycles, 215 ms
   speed-up:   3.772
   one host thread, four guest cores: 1751524126 cycles (1.015 against one core)
   speed-up:   3.673
   with the lock: 6000 of 6000   without it: 1849 of 6000
   SMP: 59 passed, 0 failed
   [  79,376 s  smp]
== 9. ein Userland: eine Shell, 25 Werkzeuge, Roehren und Umlenkung (tools/userland/run.sh, Runde K6) ==
   OK    the biggest program, against the 2135552 octets a file may hold: 283192
   OK    the whole userland in octets, against the 4194304 of the drive: 2086184
   FAIL  programs loaded off the disk in the first case alone: 0, expected ge 13
   FAIL  programs loaded off the disk in the pipe case: 0, expected ge 18
   USERLAND: 15 passed, 52 failed
  FEHLER  tools/userland/run.sh ist fehlgeschlagen (siehe .test-work/userland.log)
       FAIL  t1: QEMU exit code 63, expected 21
       FAIL  t2: QEMU exit code 63, expected 21
       FAIL  t3: QEMU exit code 63, expected 21
       FAIL  t4: QEMU exit code 63, expected 21
       FAIL  t5: QEMU exit code 63, expected 21
       FAIL  t6: QEMU exit code 63, expected 21
       FAIL  t8: QEMU exit code 63, expected 21
       FAIL  programs loaded off the disk in the first case alone: 0, expected ge 13
       FAIL  programs loaded off the disk in the pipe case: 0, expected ge 18
       FAIL  the file 'cp' wrote into the new directory is in the image -- '/w/nums.txt' is missing
       FAIL  a file the shell wrote with '>' is in the image -- '/keep.txt' is missing
       FAIL  the file of the redirection case is on the disk -- '/out.txt' is missing
   [kvm  98,792 s  userland]
== 10. Handles statt Umgebungsautoritaet: die Capability-Schicht aus OrientOS (tools/caps/run.sh) ==
   (.utext: 14 Seiten, 1 2-MiB-Kachel(n))
   (.utext: 61 Seiten, 1 2-MiB-Kachel(n))
   CAPS: 36 passed, 31 failed
  FEHLER  tools/caps/run.sh ist fehlgeschlagen (siehe .test-work/caps.log)
       FAIL  firnc0: Beendigungscode 63, erwartet 21
       FAIL  firnc0: die Kopie darf sich NICHT selbst vervielfaeltigen (dup-nodup)
       FAIL  firnc0: schliessen (close)
       FAIL  firnc0: nach dem Schliessen trifft das Handle nichts mehr (after-close)
       FAIL  firnc0: zweimal schliessen ist ein Fehler, kein Absturz (close-twice)
       FAIL  firnc0: eine volle Tabelle sagt Exhausted (exhausted)
       FAIL  firnc0: und der Kernel lebt danach (alive)
       FAIL  firnc0: 0 Laeufe mit 18/18, erwartet 2
       FAIL  firnc0: 0 Laeufe mit exit=0, erwartet 2
       FAIL  firnc0: verschiedene Plaetze ( / ) -- die Zusage misst nichts
       FAIL  firnc0: der Vorgaenger liess  Handles stehen, erwartet 16
       FAIL  firnc0: die Handles zweier Prozesse sind gleich
   [kvm  42,278 s  caps]
== 11. der Multiboot-Kopf verlangt einen Bildschirm -- der UEFI-Pfad (tools/boot/run.sh) ==
   BOOT: 18 passed, 2 failed
  FEHLER  tools/boot/run.sh ist fehlgeschlagen (siehe .test-work/boot.log)
       FAIL  firnc0: -kernel endet mit 63, erwartet 21
       FAIL  firnc1: -kernel endet mit 63, erwartet 21
   [kvm  42,542 s  boot]
== 12. der Bildschirm: Rahmenpuffer, Textkonsole, /dev/fb (tools/gfx/run.sh, Runde K7) ==
   fbbench: direct    fill=100 us  scroll=179 us  line=128 us
   fbbench: buffered  fill=100 us  scroll=172 us  flush=128 us  line=133 us
   GFX: 39 passed, 37 failed
  FEHLER  tools/gfx/run.sh ist fehlgeschlagen (siehe .test-work/gfx.log)
       FAIL  der Kern beendet sich sauber: 63, erwartet eq 21
       FAIL  der Kern beendet sich sauber: 63, erwartet eq 21
       FAIL  der Kern haelt fuer das Foto still -- 'fb: hold' fehlt
       FAIL  das Foto ist 800x600 -- der Bildmodus wurde wirklich gesetzt -- FEHLER: [Errno 2] No such file or directory: '/tmp/tmp.O9PimOgAQB/pat.ppm'
       FAIL  Feld 1: reines Rot, 100x100 Bildpunkte -- FEHLER: [Errno 2] No such file or directory: '/tmp/tmp.O9PimOgAQB/pat.ppm'
       FAIL  Feld 2: reines Gruen -- FEHLER: [Errno 2] No such file or directory: '/tmp/tmp.O9PimOgAQB/pat.ppm'
       FAIL  Feld 3: reines Blau -- FEHLER: [Errno 2] No such file or directory: '/tmp/tmp.O9PimOgAQB/pat.ppm'
       FAIL  Feld 4: Weiss -- FEHLER: [Errno 2] No such file or directory: '/tmp/tmp.O9PimOgAQB/pat.ppm'
       FAIL  und daneben ist nichts -- FEHLER: [Errno 2] No such file or directory: '/tmp/tmp.O9PimOgAQB/pat.ppm'
       FAIL  die Linie trifft ihren Anfang -- FEHLER: [Errno 2] No such file or directory: '/tmp/tmp.O9PimOgAQB/pat.ppm'
       FAIL  die Linie trifft ihr Ende -- FEHLER: [Errno 2] No such file or directory: '/tmp/tmp.O9PimOgAQB/pat.ppm'
       FAIL  Zeile 14 bildpunktgenau: 'OSUM K7 FRAMEBUFFER 01234' -- FEHLER: [Errno 2] No such file or directory: '/tmp/tmp.O9PimOgAQB/pat.ppm'
   [kvm  155,989 s  gfx]
== 13. was jedes Unix-Programm voraussetzt: Signale, Terminal, Uhr, Zufall (tools/unix/run.sh, Runde K9) ==
   -- Signale: abfangen, blockieren, ueberhoeren
   -- und jede Art, falsch zu liegen
   -- das Standardverhalten, und SIGCHLD
   -- anhalten und fortsetzen
   -- eine Ausnahme des Prozessors ist ein Signal
   -- das Terminal
   -- das Pseudoterminal
   -- STRG-C, STRG-Z und der Hintergrund: die Auftragssteuerung
   -- die Uhr
   -- der Zufall
   UNIX: 32 passed, 75 failed
  FEHLER  tools/unix/run.sh ist fehlgeschlagen (siehe .test-work/unix.log)
       FAIL  QEMU-Beendigungscode 63, erwartet 21
       FAIL  sigaction nimmt eine Routine an -- keine Zeile 'unix: sigact ='
       FAIL  ein Signal an sich selbst landet in der Routine -- keine Zeile 'unix: caught ='
       FAIL  sechs Signale, sechsmal gezaehlt -- keine Zeile 'unix: count ='
       FAIL  und die Routine bekam die richtige Nummer (SIGUSR1) -- keine Zeile 'unix: last ='
       FAIL  sigprocmask nimmt eine Maske an -- keine Zeile 'unix: blocked ok ='
       FAIL  ein blockiertes Signal WARTET -- es geht nicht verloren -- keine Zeile 'unix: pending ='
       FAIL  und kommt in dem Augenblick an, in dem es freigegeben wird -- keine Zeile 'unix: after unblock ='
       FAIL  ein ueberhoertes Signal kommt nie an -- keine Zeile 'unix: ignore ='
       FAIL  SIGKILL laesst sich nicht abfangen: -EINVAL -- keine Zeile 'unix: act kill ='
       FAIL  Signal 0 gibt es nicht: -EINVAL -- keine Zeile 'unix: act zero ='
       FAIL  Signal 64 gibt es nicht: -EINVAL -- keine Zeile 'unix: act big ='
   [kvm  12,506 s  unix]
== 14. das Netz: virtio-net, der Stack aus K3, Steckdosen -- gegen den Linux-Kern (tools/net/run.sh) ==
   OK    throughput Linux -> Osum:  KiB/s (1 MiB in  us, QEMU/TCG, no KVM)
   OK    throughput through the echo:  KiB/s (every frame handled twice)
   OK    throughput through 20 % loss:  KiB/s (clean wire:  KiB/s)
   NET: 24 passed, 51 failed
  FEHLER  tools/net/run.sh ist fehlgeschlagen (siehe .test-work/net.log)
       FAIL  virtio 1.0 negotiated: VERSION_1 + MAC + STATUS, 64 descriptors, MSI-X, bus master -- 'nic: queue=64  features=0x100010020  irq=msix  master=1' is missing
       FAIL  the Ethernet address was READ OUT OF THE DEVICE and is the one QEMU was given -- 'mac=52:54:00:aa:bb:cc' is missing
       FAIL  the stack of round K3 stands, with the address off the command line -- 'net:  ip=10.9.0.2' is missing
       FAIL  the network task exists: 0, expected ge 1
       FAIL  ping -c 10 from the Linux kernel: answers: 0, expected ge 9
       FAIL  no round trip time in the ping output
       FAIL  ICMP messages the stack counted: no number found (expected ge 9)
       FAIL  interrupts the card really raised (MSI-X): no number found (expected ge 10)
       FAIL  and the kernel says why: the card was never touched -- 'nic: skipped' is missing
       FAIL  octets that arrived in Osum: no number found (expected eq 1048576)
       FAIL  frames the card received: no number found (expected ge 700)
       FAIL  segments with a bad checksum: no number found (expected eq 0)
   [kvm  344,044 s  net]
== 15. die Schutzbits und das Boot-Modul: SMEP, SMAP, CRC32 (tools/guard/run.sh, Runde K10) ==
   GUARD: 30 passed, 25 failed
  FEHLER  tools/guard/run.sh ist fehlgeschlagen (siehe .test-work/guard.log)
       FAIL  Beendigungscode mit -cpu max: 63, erwartet 21
       FAIL  Beendigungscode auf einem Prozessor ohne die Bits: 63, erwartet 21
       FAIL  derselbe Zugriff ohne SMAP: der Lauf endet regulaer: 63, erwartet 21
       FAIL  derselbe Aufruf ohne SMEP: der Lauf endet regulaer: 63, erwartet 21
       FAIL  die Capability-Runde mit SMEP und SMAP: 63, erwartet 21
       FAIL  Laeufe mit 18 von 18 Zusagen aus Ring 3: 0, erwartet 2
       FAIL  das Fenster wurde nie geoeffnet (windows=?) -- die Zusage misst nichts
       FAIL  Gegenprobe: ohne SMAP wird kein Fenster geoeffnet: x, erwartet 0
       FAIL  und Ring 3 meldet trotzdem dieselben Zusagen: 0, erwartet 2
       FAIL  vier Prozessoren mit den Schutzbits: 63, erwartet 21
       FAIL  alle vier sind hochgelaufen -- 'smp: online=4 of 4  failed=0' fehlt
       FAIL  und alle drei weiteren tragen die Bits WIRKLICH in ihrem CR4 -- 'guard: aps=3' fehlt
   [kvm  54,503 s  guard]
