== 1. der festgenagelte Uebersetzer (vendor/firn/COMMIT) ==
   Firn a751b3db, firnc0 + firnc1 gebaut, lib/std daneben,
   lib/net/ mit den drei Blob-Hashes aus vendor/net/BLOBS (9 Zusagen)
-- 36 Abschnitte, 6 gleichzeitig (OSUM_JOBS=1 fuer den alten seriellen Lauf) --

== 2. freistehend uebersetzen: profile kernel, Inline-Assembler, MMIO, iretq (tools/freestanding/run.sh) ==
   FREESTANDING: 41 passed, 0 failed
   [kvm  40,680 s  freestanding]
== 3. std.core im Kernel: die Bibliothek ohne Allokator (tools/core/run.sh, Runde 73) ==
   CORE: 46 proofs, 0 failures
   [kvm  63,467 s  core]
== 4. der Kern laeuft: Aufgaben, Adressraeume, Systemaufrufe, Dateien (tools/kernel/run.sh, Runden 59/62) ==
   KERNEL: 169 passed, 7 failed
  FEHLER  tools/kernel/run.sh ist fehlgeschlagen (siehe .test-work/kernel.log)
       FAIL  the two kernels behave differently
       FAIL  context switches: 16, expected ge 20
       FAIL  changes from one worker to a different one: 8, expected ge 10
       FAIL  worker with priority 2 was scheduled: 3, expected ge 5
       FAIL  worker with priority 3 was scheduled: 2, expected ge 5
       FAIL  priority 2: a turn lasts 133/100 ticks, expected around 200
       FAIL  priority 3: a turn lasts 200/100 ticks, expected around 300
   [kvm  84,244 s  kernel]
== 5. ein Programm von der Platte: ELF-Lader, exec, /bin/sh (tools/osum/run.sh, Runde K1) ==
   OK    the biggest program on the disk, against the 2135552 octets a file may hold: 283192
   OK    the deepest kernel stack of the run (octets): 18992
   OK    refusals in one run: 21
   OSUM: 130 passed, 0 failed
   [kvm  134,987 s  osum]
== 6. der Kernel liest seine Maschine: PCI, APIC, NVMe ueber DMA (tools/pci/run.sh, Runde K2) ==
   bench: tsc=2201346400
   bench: ata blocks=256  cycles=2427184320  us=1102590  KiB_s=116  inwords=65536  halts=0  ok=256
   bench: nvme blocks=256  cycles=82595766  us=37520  KiB_s=3411  inwords=0  halts=129  ok=256
   bench: nvme16 blocks=256  cycles=4431680  us=2013  KiB_s=63581  inwords=0  halts=0  ok=256
   bench: faster=29386 permil
   PCI: 90 passed, 8 failed
  FEHLER  tools/pci/run.sh ist fehlgeschlagen (siehe .test-work/pci.log)
       FAIL  the same file system formats and mounts on the NVMe disk -- 'nvme: format 1  mount=1' is missing
       FAIL  written over DMA, read back over DMA, identical -- 'nvme: wrote=30  read=30  same=1' is missing
       FAIL  nvme.txt is missing in the listing
       FAIL  the image on the host does not contain the text
       FAIL  the file name is not in the image
       FAIL  the file system works over the pin as well -- 'nvme: format 1  mount=1' is missing
       FAIL  the same 30 octets, over the pin -- 'nvme: wrote=30  read=30  same=1' is missing
       FAIL  firnc1: the same transfer over DMA -- 'nvme: wrote=30  read=30  same=1' is missing
   [kvm  79,222 s  pci]
== 7. die POSIX-Schicht und die libc (tools/posix/run.sh, Runde K4) ==
   -- open, write, read, close
   -- lseek, stat, fstat
   -- mkdir, getdents64
   -- dup, dup2
   -- brk, mmap, munmap and the allocator on top of them
   -- pipe
   -- fork, execve, wait4
   -- and every way to be wrong
   POSIX: 134 passed, 0 failed
   [kvm  97,452 s  posix]
== 8. vier Prozessoren, und die Sperre, die einen Kernel daraus macht (tools/smp/run.sh, Runde K5) ==
   one core:   3730698906 cycles, 1706 ms
   four cores: 974507798 cycles, 445 ms
   speed-up:   3.828
   one host thread, four guest cores: 2103132922 cycles (1.773 against one core)
   speed-up:   4.236
   with the lock: 6000 of 6000   without it: 2142 of 6000
   SMP: 58 passed, 1 failed
  FEHLER  tools/smp/run.sh ist fehlgeschlagen (siehe .test-work/smp.log)
       FAIL  single-threaded emulation stays near 1.0, in thousandths: 1773, expected lt 1300
   [  106,865 s  smp]
== 9. ein Userland: eine Shell, 25 Werkzeuge, Roehren und Umlenkung (tools/userland/run.sh, Runde K6) ==
   OK    the biggest program, against the 2135552 octets a file may hold: 283192
   OK    the whole userland in octets, against the 4194304 of the drive: 2086184
   OK    programs loaded off the disk in the first case alone: 17
   OK    programs loaded off the disk in the pipe case: 27
   USERLAND: 91 passed, 0 failed
   [kvm  672,334 s  userland]
== 10. Handles statt Umgebungsautoritaet: die Capability-Schicht aus OrientOS (tools/caps/run.sh) ==
   (.utext: 14 Seiten, 1 2-MiB-Kachel(n))
   (.utext: 61 Seiten, 1 2-MiB-Kachel(n))
   CAPS: 67 passed, 0 failed
   [kvm  58,749 s  caps]
== 11. der Multiboot-Kopf verlangt einen Bildschirm -- der UEFI-Pfad (tools/boot/run.sh) ==
   BOOT: 20 passed, 0 failed
   [kvm  49,376 s  boot]
== 12. der Bildschirm: Rahmenpuffer, Textkonsole, /dev/fb (tools/gfx/run.sh, Runde K7) ==
   fbbench: direct    fill=123 us  scroll=221 us  line=179 us
   fbbench: buffered  fill=103 us  scroll=202 us  flush=149 us  line=169 us
   GFX: 76 passed, 0 failed
   [kvm  103,194 s  gfx]
== 13. was jedes Unix-Programm voraussetzt: Signale, Terminal, Uhr, Zufall (tools/unix/run.sh, Runde K9) ==
   -- Signale: abfangen, blockieren, ueberhoeren
   -- und jede Art, falsch zu liegen
   -- das Standardverhalten, und SIGCHLD
   -- anhalten und fortsetzen
   -- eine Ausnahme des Prozessors ist ein Signal
   -- das Terminal
   -- das Pseudoterminal
   -- STRG-C, STRG-Z und der Hintergrund: die Auftragssteuerung
   -- die Uhr
   -- der Zufall
   UNIX: 107 passed, 0 failed
   [kvm  45,159 s  unix]
== 14. das Netz: virtio-net, der Stack aus K3, Steckdosen -- gegen den Linux-Kern (tools/net/run.sh) ==
   OK    round trip, average: 7.208 ms (QEMU without KVM, netd at 100 Hz)
   OK    throughput Linux -> Osum: 4096 KiB/s (1 MiB in 249951 us, QEMU/TCG, no KVM)
   OK    what came back is what went in, octet for octet (md5 6cebb315d1a4fd1f8e5a7ffad49c5d0f)
   OK    throughput through the echo: 5012 KiB/s (every frame handled twice)
   OK    throughput through 20 % loss: 38 KiB/s (clean wire: 4096 KiB/s)
   NET: 75 passed, 0 failed
   [kvm  162,730 s  net]
== 15. die Schutzbits und das Boot-Modul: SMEP, SMAP, CRC32 (tools/guard/run.sh, Runde K10) ==
   OK    das SMAP-Fenster wurde 312x geoeffnet -- der Kernel liest wirklich Nutzerspeicher
   OK    und alle drei weiteren tragen die Bits WIRKLICH in ihrem CR4
   OK    nach einem Lauf mit Prozessen, Seiten und Halde ist das Abbild unveraendert
   GUARD: 55 passed, 0 failed
   [kvm  70,755 s  guard]
== 16. man kann darauf arbeiten: ein Editor, zwanzig Werkzeuge, eine Shell mit Sprache (tools/k11/run.sh, Runde K11) ==
   OK    GNU tar packt aus, was Osum gepackt hat
   OK    GNU tar liest die Rechte 0755 des Verzeichniseintrags
   OK    GNU gunzip packt aus, was Osums gzip gepackt hat
   OK    GNU patch spielt ein, was Osums diff erzeugt hat
   OK    DIE GESICHERTE DATEI, Oktett fuer Oktett aus dem Plattenabbild
   OK    AUF DEM BILDSCHIRM steht dieselbe Zeile -- aus dem Foto gelesen
   OK    EINE DATEI, DIE VORHER NICHT DA WAR, mit der Tastatur geschrieben
   K11: 85 passed, 0 failed
   [kvm  872,934 s  k11]
== 17. die Oberflaeche: Maus, Fensterserver, TrueType (tools/wm/run.sh, Runde K10) ==
   wmbench: compose full=1839 us  small=18 us  factor=10216
   wmbench: glyph cold=10162 us  warm=9 us  factor=112911 (je 95 Zn)
   ohne Bereichsverfolgung: full=961 us  small=932 us
   im Regellauf: irqs=30  davon leer=16  abgefragt=46
   WM: 103 passed, 0 failed
   [kvm  162,989 s  wm]
== 18. ein Wirt fuer fremde Prozessoren: AMD-V, verschachtelte Seitentabellen, Gaeste (tools/hv/run.sh, Runde K12) ==
   bench: bench rounds=512 cycles=40475930 per-exit=79054 in-guest=62563 in-host=16490 
   exits: exits total=612 cpuid=2 ioio=16 msr=0 hlt=0 vmmcall=523 npf=1 intr=66 shutdown=1 exc=0 crwr=3 err=0 other=0 
   cpu:   cpu host-rflags=0x202 rev=1 asids=16 feat=0x10010001 np=yes nrip=no decode=no clean=no 
   bench: bench rounds=512 cycles=49577220 per-exit=96830 in-guest=70344 in-host=26486 
   exits: exits total=612 cpuid=2 ioio=16 msr=0 hlt=0 vmmcall=525 npf=1 intr=64 shutdown=1 exc=0 crwr=3 err=0 other=0 
   cpu:   cpu host-rflags=0x202 rev=1 asids=16 feat=0x10010001 np=yes nrip=no decode=no clean=no 
   HV: 114 passed, 0 failed
   [  138,989 s  hv]
== 19. Benutzer, Rechte und der erste Prozess: uid/gid, chmod/chown, login, init (tools/k13/run.sh, Runde K13) ==
   OK    GEGENPROBE: K13 auf 0x40000 kollidiert mit HV und faellt auf
   OK    GEGENPROBE: setuid(0) danach ist -EPERM und nicht 0: -1
   OK    DIE KENNUNG UEBERLEBT fork (das Kind meldet sie im Beendigungscode): 7
   OK    GEGENPROBE ZU init: ohne Prozess 1 bleibt die Waise als Leiche stehen: k13: zombies=0 after=1
   OK    die Maschine schaltet sich ueber ACPI ab (0), nicht ueber den Pruefstand (21): 0
   OK    GEGENPROBE: ein FALSCHES Passwort wird abgelehnt: 0
   OK    GEGENPROBE noperm: justin darf jetzt die Datei mit 0o000 lesen: 1
   OK    GEGENPROBE noperm: justin liest jetzt auch /etc/shadow: 1
   OK    GEGENPROBE nosuid: ohne das setuid-Bit kommt su nicht an /etc/shadow
   OK    GEGENPROBE ofsv2raw: dasselbe Abbild mit den Regeln der Fassung 2 bricht zusammen
   OK    die Maschine faehrt ueber ACPI herunter (QEMU beendet sich mit 0): 0
   OK    DIE WAISE FAELLT AN DEN PROZESS 1 und wird eingesammelt: 1
   OK    GEGENPROBE noacpi: derselbe Lauf endet ueber den Pruefstand (21) statt ueber ACPI (0): 21
   OK    DER NOTWEG: mit initsh endet der Lauf wie vor dieser Runde: 21
   OK    GEGENPROBE: ein falsches Passwort wird abgelehnt
   OK    das Passwort steht NICHT im Klartext in /etc/shadow
   OK    PYTHON rechnet denselben Wert aus dem NEUEN Passwort -- es ist PBKDF2-HMAC-SHA256
   OK    GEGENPROBE: aus dem ALTEN Passwort kommt ein anderer Wert
   K13: 98 passed, 1 failed
  FEHLER  tools/k13/run.sh ist fehlgeschlagen (siehe .test-work/k13.log)
       FAIL  und derselbe Lauf endet ebenso ueber ACPI: '137', erwartet '0'
   [kvm  760,120 s  k13]
== 20. die VFS-Schicht und die fremden Dateisysteme: /proc, /dev, FAT32, MBR und GPT (tools/k14/run.sh, Runde K14) ==
   OK    vier Dateisysteme sind eingehaengt (mount_count = 4)
   OK    blob.bin: 5000 Oktette Zufall, Oktett fuer Oktett
   OK    kopie.bin: was Osum schrieb, liest mcopy Oktett fuer Oktett
   OK    fsck.fat auf dem von Osum beschriebenen Dateisystem (0 = sauber): 0
   OK    GEGENPROBE nopart: nur drei Einhaengungen
   OK    GEGENPROBE nopart: ohne Partitionstafel wird kein FAT32 gefunden
   OK    GEGENPROBE novfs: nur die Wurzel steht
   OK    dieselbe Arbeit auf OFS, beide Wege, Oktett fuer Oktett
   K14: 151 passed, 1 failed
  FEHLER  tools/k14/run.sh ist fehlgeschlagen (siehe .test-work/k14.log)
       FAIL  und die Wurzelplatte danach, Oktett fuer Oktett
   [kvm  294,595 s  k14]
== 21. der Uebersetzer laeuft auf dem System selbst, und eine Datei weiss, womit man sie oeffnet (tools/k16/run.sh, Runde K16) ==
   OK    16 von 16 Programmen: fas und as+ld sagen dasselbe und gehen mit demselben Code
   OK    ZEICHENGLEICH: der Assemblertext von Osum ist Oktett fuer Oktett der vom Wirt (14909 Oktette)
   OK    ZEICHENGLEICH: die ausfuehrbare Datei von Osum ist Oktett fuer Oktett die vom Wirt (8192 Oktette)
   OK    DER INHALT GEHT VOR: /tarn.fi heisst .fi und IST ein Programm: elf
   OK    DER AUSLEGER BEKOMMT SEIN ARGUMENT UND DEN PFAD: 'ausleger /s1.sh'
   K16: 58 passed, 6 failed
  FEHLER  tools/k16/run.sh ist fehlgeschlagen (siehe .test-work/k16.log)
       FAIL  fas scheitert an: bsec[fas: Zeile 30880: diesen Namen gibt es n '_F1.u_start'] bstore[fas: Zeile 79614: diesen Namen gibt es n '_F1.u_start'] chacha[fas: Zeile 13927: diesen Namen gibt es n '_F1.u_start'] msg[fas: Zeile 23228: diesen Namen gibt es n '_F1.u_start'] nv[fas: Zeile 14847: diesen Namen gibt es n '_F1.u_start'] qs[fas: Zeile 67444: diesen Namen gibt es n '_F1.u_start'] sha[fas: Zeile 18436: diesen Namen gibt es n '_F1.u_start']
       FAIL  Programme, die fas gebunden hat: 100, erwartet eq 107
       FAIL  DAS AUF OSUM UEBERSETZTE PROGRAMM LAEUFT AUF OSUM UND SAGT SEINEN SATZ -- 'osum hat mich uebersetzt' fehlt
       FAIL  und es geht mit genau dem Code, den seine Quelle nennt: 'LAUF=127', erwartet 'LAUF=42'
       FAIL  DER DOPPELKLICK: fopen auf eine .fi uebersetzt sie und startet sie -- 'osum hat mich uebersetzt' fehlt
       FAIL  und der Beendigungscode des uebersetzten Programms kommt durch (42): 0, erwartet ge 1
   [kvm  331,725 s  k16]
== 22. Widgets und der Dateimanager: eine Bibliothek in Ring 3 (tools/k15/run.sh, Runde K15) ==
   OK    die Anordnung: 12 Rechtecke, alle im Fenster 480x400, keine Ueberschneidung, Reihenfolge in 5 Spalten richtig
   OK    die Anordnung des Dateimanagers: 9 Rechtecke, alle im Fenster 660x430, keine Ueberschneidung, Reihenfolge in 7 Spalten richtig
   OK    und /data/neu steht WIRKLICH im Plattenabbild
   OK    ein Klick auf das Kaestchen kostet 18184 Bildpunkte statt 192000 -- Faktor 10
   OK    mit Bereichsverfolgung setzt der Server 13342584 Bildpunkte zusammen, ohne sie 25440000 -- Faktor 1
   OK    der Verweis spart 965 Bloecke gegen die Kopie (3095 frei statt 2130)
   OK    das Symbol des Dateimanagers steht Punkt fuer Punkt im Bild (169 deckende Bildpunkte, alle gleich)
   OK    getippt 'folder': GENAU EIN Treffer, und es ist ein Programm
   OK    OHNE die Schluesselwoerter findet 'folder' NICHTS
   OK    1. DER AUFBAU: so viele Namen aus der Inode-Tabelle: 4021
   -> 4021 Namen in 36830775 us, 65 Aufrufe; das ist 9159 us je Name
   OK    2. DIE SUCHE: sie ist um Groessenordnungen billiger als der Aufbau: 29115
   -> Aufbau 36830775 us, eine Suche 1264 us (zehn gemessen: 12648 us)
   OK    3. DIE GEGENPROBE: der Baumdurchlauf sieht dieselben Namen: 4021
   OK    und DIESELBEN NAMEN -- sortiert, Oktett fuer Oktett verglichen
   -> Baumdurchlauf 91622558 us, Suche im Index 1264 us
   OK    5. der Index findet 'quaste' NICHT
   OK    nach dem Anlegen findet der Index die neue Datei
   OK    nach dem Umbenennen den NEUEN Namen und den alten nicht mehr
   OK    OHNE das Journal weiss der Index von der neuen Datei nichts
   OK    getippt 'blau': ein Treffer, und er ist KEIN Programm, sondern eine Datei
   OK    OHNE den Namensindex findet 'blau' NICHTS
   K15: 252 passed, 0 failed
   [kvm  2222,502 s  k15]
== 25. der Fensterbaum: Kacheln, Reiter, Drehen -- und die Invariante nach jeder Operation (tools/tiling/run.sh, Runde TILING) ==
   OK    die Zusagen des Fensterbaums ueber sich selbst: 24
   OK    und KEINE davon ist gefallen (0x0)
   OK    der Aufwand waechst linear: 32 Fenster kosten das 16,8-fache von zwei
   OK    Verletzungen der Invariante: 0
   OK    und nach JEDER Operation wurde nachgerechnet: 10000
   OK    GEGENPROBE notiledirty: dasselbe Teilen faerbt den ganzen Schirm: 480000
   OK    und das spart die Teilbaumverfolgung (in Prozent der Flaeche): 200
   OK    Fenster 1 liegt oben links (400x300)
   OK    Fenster 2 oben rechts
   OK    Fenster 3 unten rechts
   OK    Fenster 4 unten links
   OK    und im Bild ist Fenster 1 wirklich rot (0 von 109296 Bildpunkten falsch)
   OK    Fenster 2 gruen (0 von 109296 Bildpunkten falsch)
   OK    Fenster 3 blau (0 von 109296 Bildpunkten falsch)
   OK    Fenster 4 gelb (0 von 109296 Bildpunkten falsch)
   OK    vier Reiter, drei davon verdeckt -- genau EINER ist zu sehen
   OK    nach der Drehung liegt Fenster 4 oben links
   OK    GEGENPROBE: ohne die Datei hat der Kernel KEINE Tastenbelegung
   OK    Kern und Ring 3 zaehlen dieselben Eintraege (21)
   TILING: 68 passed, 0 failed
   [kvm  118,948 s  tiling]
== 24. Energie und Leistung: drei Profile, Ruhezustand, Waerme, Akku (tools/k18/run.sh, Runde K18) ==
   OK    keine AUFRUFNUMMER aus 1750..1799 steht ausserhalb der Dateien dieser Runde
   OK    dieselbe Stelle, dreimal gelesen, DREI VERSCHIEDENE Werte: 274877972481 / 65537 / 1
   OK    IA32_PERF_CTL bekommt drei verschiedene Woerter: 4294969344 / 4096 / 6144
   OK    Turbo ist bei Energiesparen GESPERRT (Bit 38) (1)
   OK    Turbo ist bei Profil 1 FREI (Bit 38 = 0) (0)
   OK    Turbo ist bei Profil 2 FREI (Bit 38 = 0) (0)
   OK    SpeedStep ist bei Profil 0 AN (1)
   OK    SpeedStep ist bei Profil 1 AN (1)
   OK    SpeedStep ist bei Hoechstleistung AUS (0)
   OK    schlafend 80 Durchlaeufe gegen rechnend 0 -- der Unterschied kommt aus der Maschine
   OK    aber es wird kein einziges mwait mehr ausgefuehrt (0)
   OK    zwei Tabellen, zwei Ladestaende: 75% gegen 50%
   OK    GEGENPROBE: ohne SSDT wird kein Akku gemeldet (batpresent = 0)
   OK    GEGENPROBE: _BST als Methode wird NICHT gelesen (batpresent = 0)
   OK    GEGENPROBE: SSDT ohne Akku -> kein Akku (batpresent = 0)
   OK    GEDROSSELT: 'Hoechstleistung' wird auf Energiesparen gedeckelt (prof2 = 0)
   OK    GEGENPROBE kalt: dort geht Hoechstleistung durch (prof2 = 2)
   OK    im BILD bei (120,120): das Pruefbild steht da (200 100 50)
   OK    im BILD bei (120,120) mit pwrdim: genau die Haelfte (100 50 25)
   OK    im BILD bei (120,120) mit pwrblank: schwarz (0 0 0)
   OK    und einen Bildpunkt DANEBEN (164,164) ist nichts (0 0 0)
   OK    dasselbe Pruefbild, ein Wort Unterschied, zwei Farben: '200 100 50' gegen '100 50 25'
   OK    GEGENPROBE nopwr: /bin/power sagt es und rechnet nicht weiter
   K18: 167 passed, 3 failed
  FEHLER  tools/k18/run.sh ist fehlgeschlagen (siehe .test-work/k18.log)
       FAIL  und er geht dabei wirklich in mwait: 0, erwartet gt 20
       FAIL  kein einziger Rueckfall auf hlt, solange mwait geht -- soll '0', ist '80'
       FAIL  jeder Durchlauf ging in mwait -- soll '80', ist '0'
   [kvm  117,838 s  k18]
== 25. die zweite Maschine: AArch64 auf qemu -M virt (tools/arm/run.sh, Runde ARM) ==
   OK    the first line arrived on the PL011, before the MMU and the GIC
   OK    SCTLR_EL1.M is set, read back out of the processor
   OK    a page mapped by hand at 0x0000000080000000 through three levels, written and read back
   OK    the same octet through TTBR0 and through TTBR1 (0xffffff8040080000)
   OK    CNTFRQ_EL0 = 62500000 Hz, stated by the machine and not calibrated
   OK    100 virtual timer interrupts arrived through the GIC (INTID 27)
   OK    arch_switch from Firn: ABABABABABABABABABAB -- twenty handovers, in order
   OK    32 virtio-mmio slots answer with the magic number 0x74726976
   OK    with a disk and a net card attached, 2 slots name a device
   OK    nomm: SCTLR_EL1.M reads back 0 -- the switch really was skipped
   OK    nomm: and neither the page proof nor the TTBR1 proof is printed, so neither can pass by accident
   OK    noaf: the access flag left clear stops the machine dead the moment translation is switched on -- no line after 'svc=', no fault report, nothing
   OK    notimer: without INTID 27 enabled in the distributor the tick count is never reached -- the run gets to 'freq=' and sleeps
   OK    noeoi: one interrupt is taken, GICC_EOIR is never written, and the controller never delivers another
   first octet on the PL011: 61.7 ms (median of 5, 59.8..82.4)
   to the last line:         1097.1 ms (median of 5, 1081.6..1109.2)
   ARM: 47 passed, 1 failed
  FEHLER  tools/arm/run.sh ist fehlgeschlagen (siehe .test-work/arm.log)
       FAIL  _F0.amain__kmain is missing
   [  48,663 s  arm]
== 23. USB: xHCI, Aufzaehlung, Tastatur, Maus und ein Stick (tools/k17/run.sh, Runde K17) ==
   OK    die Tastatur, an Klasse 03:01:01 (HID/Boot/Tastatur)
   OK    die Maus, an Klasse 03:01:02 (HID/Boot/Maus)
   OK    der Stick, an Klasse 08:06:50 (Massenspeicher/SCSI/BOT)
   OK    GEGENPROBE usbnoirq: der Kern beendet sich trotzdem: 21
   OK    GEGENPROBE usbnoirq: Tasten ueber den USB-Weg: 0
   OK    GEGENPROBE usbnoirq: die Shell bekommt kein Zeichen
   OK    der Zeiger steht danach auf x=200 (acht Anschlaege, dann 2 x 100) (200)
   OK    WAS OSUM SCHRIEB, LIEST MTOOLS AUF DEM WIRT WIEDER (1 Zeilen, Oktett fuer Oktett)
   OK    lesen auf dem OFFENEN Deskriptor: -ENODEV (19) (afterread = 19)
   K17: 154 passed, 4 failed
  FEHLER  tools/k17/run.sh ist fehlgeschlagen (siehe .test-work/k17.log)
       FAIL  DIESELBEN ZEICHEN: die key-Zeilen beider Laeufe -- eine Seite ist zu kurz (15 und 14 Zeilen, mindestens 24)
       FAIL  so viele key-Zeilen, wie der USB-Treiber Tasten gezaehlt hat
       FAIL  DIESELBE SHELL-SITZUNG, Oktett fuer Oktett -- eine Seite ist zu kurz (13 und 5 Zeilen, mindestens 8)
       FAIL  'zwei drei' fehlt
   [kvm  226,100 s  k17]
== 26. Der Bildschirm, zum zweiten Mal: Modusliste, Wechsel im Betrieb, EDID, Gamma (tools/display/run.sh, Runde DISPLAY) ==
   OK    gefragt 22 · aufgenommen 18 · Register abgelehnt 2 · zu gross fuer den Bildspeicher 0 · nicht abbildbar 2
   OK    die native Aufloesung aus dem ersten Zeitlagensatz: 1280x800
   OK    der rohe Block rechnet nach: RHT 1280x800 version 1.4
   OK    VORHER: das Foto ist 800x600 (800 600)
   OK    VORHER: Feld 1 ist reines Rot (0 von 10000 Bildpunkten falsch)
   OK    VORHER: die Textzeile steht bildpunktgenau (3200 Bildpunkte geprueft, 0 falsch)
   OK    er hat 5633 Mikrosekunden gedauert (Registersatz, Neuabbildung, Zweitpuffer, Neuzeichnen)
   OK    NACHHER: das Foto ist 1024x768 -- der Modus wurde WIRKLICH gewechselt (1024 768)
   OK    NACHHER: das Pruefbild ist neu gezeichnet, Feld 1 ist wieder rot (0 von 10000 Bildpunkten falsch)
   OK    NACHHER: Feld 4 ist weiss (0 von 10000 Bildpunkten falsch)
   OK    NACHHER: die Textzeile steht bildpunktgenau im NEUEN Modus (3200 Bildpunkte geprueft, 0 falsch)
   OK    NACHHER: die Ecke bei (1023,767) gibt es jetzt und sie ist schwarz (0 0 0)
   OK    VORHER gab es diese Ecke NICHT (ausserhalb des Bildes)
   OK    ZURUECK: das Foto ist wieder 800x600 (800 600)
   OK    ZURUECK: und das Pruefbild steht wieder da (3200 Bildpunkte geprueft, 0 falsch)
   OK    das Foto ist 800x600 -- der Bildmodus steht noch (800 600)
   OK    Feld 1 ist rot -- der Bildschirm ist NICHT schwarz (0 von 10000 Bildpunkten falsch)
   OK    und der Kernel hat von SELBST zurueckgeschaltet (1)
   OK    gemessen: disp: bench 2560x1080  px=2764800  flush=1785 us  lut=173144 us  lutline=2006 us  sat=419486 us  rot90=33845 us
   OK    je Bildpunkt: flush 0 ns · Tabelle 62 ns · Drehung 12 ns (QEMU/TCG, kein KVM)
   OK    die Aufrufnummern dieser Runde (1810..) liegen hinter dem Block der Widgets (1800..1809)
   OK    ein Programm in Ring 3 hat die Tafel umgestellt (1024)
   DISPLAY: 145 passed, 0 failed
   [kvm  149,839 s  display]
== 27. Marken statt Farben: hell, dunkel, automatisch, und der Kontrast nachgerechnet (tests/theme/run.sh, Runde THEME) ==
   OK    rohe Farbwerte im Zeichencode: 0
   OK    derselbe Pruefer auf dem Stand vor der Runde: 18
   OK    alle 256 stimmen mit tools/theme/model.py ueberein
   OK    groesster Abstand zur WCAG-Formel: 0.0000004901 (bei c=248)
   OK    day/light: 41 Komponentenmarken und ihre Rollen stimmen
   OK    day/light: 23 Rollen stimmen
   OK    day/dark: 41 Komponentenmarken und ihre Rollen stimmen
   OK    day/dark: 23 Rollen stimmen
   OK    paper/light: 41 Komponentenmarken und ihre Rollen stimmen
   OK    paper/light: 23 Rollen stimmen
   OK    paper/dark: 41 Komponentenmarken und ihre Rollen stimmen
   OK    paper/dark: 23 Rollen stimmen
   OK    night/light: 41 Komponentenmarken und ihre Rollen stimmen
   OK    night/light: 23 Rollen stimmen
   OK    night/dark: 41 Komponentenmarken und ihre Rollen stimmen
   OK    night/dark: 23 Rollen stimmen
   OK    midnight/light: 41 Komponentenmarken und ihre Rollen stimmen
   OK    midnight/light: 23 Rollen stimmen
   OK    midnight/dark: 41 Komponentenmarken und ihre Rollen stimmen
   OK    midnight/dark: 23 Rollen stimmen
   OK    contrast/light: 41 Komponentenmarken und ihre Rollen stimmen
   OK    contrast/light: 23 Rollen stimmen
   OK    contrast/dark: 41 Komponentenmarken und ihre Rollen stimmen
   OK    contrast/dark: 23 Rollen stimmen
   OK    day/light: 21 Kontrastverhaeltnisse stimmen mit dem Modell
   OK    day/light: jede Paarung erfuellt WCAG, schlechteste 461
   OK    day/dark: 21 Kontrastverhaeltnisse stimmen mit dem Modell
   OK    day/dark: jede Paarung erfuellt WCAG, schlechteste 570
   OK    paper/light: 21 Kontrastverhaeltnisse stimmen mit dem Modell
   OK    paper/light: jede Paarung erfuellt WCAG, schlechteste 471
   OK    paper/dark: 21 Kontrastverhaeltnisse stimmen mit dem Modell
   OK    paper/dark: jede Paarung erfuellt WCAG, schlechteste 534
   OK    night/light: 21 Kontrastverhaeltnisse stimmen mit dem Modell
   OK    night/light: jede Paarung erfuellt WCAG, schlechteste 461
   OK    night/dark: 21 Kontrastverhaeltnisse stimmen mit dem Modell
   OK    night/dark: jede Paarung erfuellt WCAG, schlechteste 570
   OK    midnight/light: 21 Kontrastverhaeltnisse stimmen mit dem Modell
   OK    midnight/light: jede Paarung erfuellt WCAG, schlechteste 462
   OK    midnight/dark: 21 Kontrastverhaeltnisse stimmen mit dem Modell
   OK    midnight/dark: jede Paarung erfuellt WCAG, schlechteste 581
   OK    contrast/light: 21 Kontrastverhaeltnisse stimmen mit dem Modell
   OK    contrast/light: jede Paarung erfuellt WCAG, schlechteste 788
   OK    contrast/dark: 21 Kontrastverhaeltnisse stimmen mit dem Modell
   OK    contrast/dark: jede Paarung erfuellt WCAG, schlechteste 905
   OK    #2563eb hell: unveraendert uebernommen, Text 516, Flaeche 493
   OK    #7c3aed hell: unveraendert uebernommen, Text 569, Flaeche 544
   OK    #a16207 hell: unveraendert uebernommen, Text 492, Flaeche 470
   OK    #ffff00 hell: verschoben auf #7f7f00 (3 Stufen), danach 493 / 406
   OK    #22c55e hell: verschoben auf #1ca54e (1 Stufen), danach 654 / 306
   OK    #ffffff hell: verschoben auf #7f7f7f (3 Stufen), danach 524 / 382
   OK    die Farbe bleibt im laufenden Bild dieselbe (f8fafc)
   OK    GEGENPROBE: die lebende Bank hat sich sehr wohl geaendert (0f172a)
   OK    aufloesen (Rampen, Bindung, Kontrastsuche, veroeffentlichen): 121 us
   OK    nachsehen im Ruhezustand (eine Datei lesen und vergleichen): 203144 us
   OK    vollstaendig neu laden (drei Dateien und aufloesen): 1156182 us
   OK    aufloesen bleibt unter einer Millisekunde: 121248
   OK    erkennen, schnellster Lauf: 1980751 us
   OK    neu malen, schnellster Lauf: 12803 us fuer 228096 von 480000 Bildpunkten
   OK    GEGENPROBE: ein gewoehnliches Vollbild ohne Themenwechsel: 14328 us
   OK    das Umschalten liegt in der Groessenordnung eines Vollbilds
   OK    light: die aufgeloeste Akzentmarke #2563eb steht im Bild
   OK    green: die aufgeloeste Akzentmarke #1ca54e steht im Bild
   OK    violet: die aufgeloeste Akzentmarke #7c3aed steht im Bild
   OK    dark: die aufgeloeste Akzentmarke #779ef2 steht im Bild
   OK    gold: die aufgeloeste Akzentmarke #a16207 steht im Bild
   OK    midnight: die aufgeloeste Akzentmarke #ad84f3 steht im Bild
   OK    ohne /etc/theme.conf werden 0 Schemaschluessel gelesen: 0
   OK    und die eingebaute Rampe steht (neutral0 = ffffff)
   OK    aus der kaputten Datei werden 3 Schluessel gelesen: 3
   OK    und 4 werden als unverstanden GEZAEHLT: 4
   OK    was die Datei nicht setzt, behaelt den eingebauten Wert
   THEME: 91 bestanden, 0 durchgefallen
   [kvm  1876,841 s  theme]
== 25. das Symbolsystem: eine Schrift fuer die Oberflaeche, Bitmaps fuer die Anwendungen (tools/icons/run.sh, Runde ICONS) ==
   OK    assets/osum-icons.ttf is reproduced octet for octet
   OK    raw code points in the drawing code: 0
   OK    counterproof: a planted code point is found: 1
   OK    assertions passed in Ring 3: 8
   OK    assertions failed in Ring 3: 0
   OK    the kernel loaded /lib/icons.ttf into the third slot
   one icon cold 377945 ns, warm 11286 ns, one OSYM bitmap 12434 ns
   in memory: glyph 224 octets, OSYM 1036 octets
   both mix the same 127 pixels -- the bitmap was made out of the glyph, so the two draw identical work
   per mixed pixel: icon 88 ns, OSYM 97 ns   (QEMU without KVM, TCG)
   OK    an icon in memory is smaller than the same OSYM picture: 224
   OK    the kernel says the icon font is missing instead of dying
   OK    and Ring 3 sees no icon font (0 = none): 0
   OK    screenshot docs/icons/files.png
   OK    screenshot docs/icons/filesnone.png
   icons: 24 ok, 1 failed
  FEHLER  tools/icons/run.sh ist fehlgeschlagen (siehe .test-work/icons.log)
       FAIL  lib/icons.fi does not match the map -- run the builder
   [kvm  185,260 s  icons]
