accel: kvm (/dev/kvm ist da)

=== 1. eine Platte, auf der schon jemand wohnt
   == eine Platte, auf der schon jemand wohnt: /root/dualwork/cli/platte.img (80 MiB)
      bootmgfw.efi  echte UEFI-Anwendung (6678 Oktette)
      ESP       Sektor 2048..71679   (34 MiB)
      Daten     Sektor 71680..92159   (10 MiB)
      FREI      Sektor 92160..163806   (34 MiB)  <- hier soll OrientOS hin
      Summen    /root/dualwork/cli/platte.summen
        esp   142c2265eb060dd3d11be628973544cecf7e5824637c05a6c0a25fae04938572
        daten 4377737cc738c7cf134d3f0d897fb74b87e5e11c4a150a4d09df4bcfd821e995
   gemessen: ESP 2048+69632, Daten 71680+20480
   VORHER  esp   142c2265eb060dd3d11be628973544cecf7e5824637c05a6c0a25fae04938572
   VORHER  daten 4377737cc738c7cf134d3f0d897fb74b87e5e11c4a150a4d09df4bcfd821e995

=== 2. der Probelauf -- versteht es die fremde Platte?
        dual: tafel=2
        dual: part 1 2048 71679 1
        dual: part 2 71680 92159 2
        dual: frei 92160 163806
        dual: esp=1
        dual: quelle=/dev/hda
        dual: qsek=65536
        dual: probelauf, ende
  [ ok ] es liest die fremde Tafel: 2 Partitionen
  [ ok ] Partition 1 richtig erkannt: Sektor 2048..71679, Art EFI
  [ ok ] Partition 2 richtig erkannt: Sektor 71680..92159, Art Daten
  [ ok ] der freie Bereich wurde gefunden (ab Sektor 92160)
  [ ok ] die vorhandene EFI-Partition wurde gefunden
  [ ok ] der Probelauf hoert vor dem ersten Schreibzugriff auf
  [ ok ] OHNE --ja IST DIE PLATTE OKTETT FUER OKTETT UNVERAENDERT

=== 3. wirklich installieren -- in den freien Platz
        dual: tafel=2
        dual: part 1 2048 71679 1
        dual: part 2 71680 92159 2
        dual: frei 92160 163806
        dual: esp=1
        dual: quelle=/dev/hda
        dual: qsek=65536
        dual: neu p3 92160 163806
        dual: kopiert 65536
        dual: gewachsen 71647
        dual: esp=/dev/hdb1
        dual: menue=2
        dual: fertig
  [ ok ] es hat einen neuen Eintrag als Partition 3 ergaenzt
  [ ok ] die Wurzel wurde in den freien Bereich kopiert
  [ ok ] das Bootmenue wurde mit ZWEI Eintraegen geschrieben
  [ ok ] die Installation meldet sich fertig

=== 4. DIE FREMDEN DATEN -- BYTEWEISE UNVERAENDERT?
   VORHER  daten 4377737cc738c7cf134d3f0d897fb74b87e5e11c4a150a4d09df4bcfd821e995
   NACHHER daten 4377737cc738c7cf134d3f0d897fb74b87e5e11c4a150a4d09df4bcfd821e995
  [ ok ] DIE FREMDE DATENPARTITION IST OKTETT FUER OKTETT UNVERAENDERT

=== 5. die Dateien des fremden Systems in der ESP
         Volume in drive : is SYSTEM     
         Volume Serial Number is 7080-0F7A
        Directory for ::/EFI/Microsoft/Boot
        
        .            <DIR>     2026-09-14  13:30 
        ..           <DIR>     2026-09-14  13:30 
        bootmgfw efi      6678 2026-09-14  13:30 
        BCD                 78 2026-09-14  13:30 
                4 files               6 756 bytes
                                 29 473 280 bytes free
  [ ok ] DER FREMDE BOOTMANAGER (bootmgfw.efi) IST NOCH DA
  [ ok ] die fremde Datei BCD in der ESP ist noch da
         Volume in drive : is SYSTEM     
         Volume Serial Number is 7080-0F7A
        Directory for ::/EFI/orientos
        
        .            <DIR>     2026-09-14  13:34 
        ..           <DIR>     2026-09-14  13:34 
        OSUM     MB    5093592 2026-09-14  13:38  osum.mb
        BOOTX64  EFI    253952 2026-09-14  13:38 
  [ ok ] OrientOS liegt in seinem eigenen Verzeichnis /EFI/orientos

=== 6. ist die GPT gueltig? -- mit FREMDEN Augen gelesen
        Partitions will be aligned on 2048-sector boundaries
        Total free space is 2014 sectors (1007.0 KiB)
        
        Number  Start (sector)    End (sector)  Size       Code  Name
           1            2048           71679   34.0 MiB    EF00  EFI System Partition
           2           71680           92159   10.0 MiB    0700  Basic data partition
           3           92160          163806   35.0 MiB    FFFF  OSUM
  [ ok ] sgdisk sagt: No problems found (beide Koepfe, beide CRC32)
  [ ok ] die Tafel traegt jetzt 3 Partitionen (vorher 2)
  [ ok ] die neue Partition heisst OSUM
        == /root/dualwork/cli/platte.img  (163840 Sektoren)
           benutzbar 34..163806, Tafel bei 2, 128 Eintraege zu 128
             1       2048..71679         34 MiB  C12A7328-F81F-11D2-BA4B-00A0C93EC93B  EFI System Partition
             2      71680..92159         10 MiB  EBD0A0A2-B9E5-4433-87C0-68B6B72699C7  Basic data partition
             3      92160..163806        34 MiB  4F53554D-4F46-5301-8E75-6D6F72694F53  OSUM
           beide Koepfe und beide Tafelsummen sind in Ordnung
  [ ok ] der unabhaengige Pruefer bestaetigt beide Koepfe und beide Tafelsummen

=== 7. bietet das Bootmenue beide Systeme an?
        timeout: 10
        
        /OrientOS
            protocol: multiboot1
            path: boot():/EFI/orientos/osum.mb
            cmdline: osum vfs gfx wm wig desk wmshell wmdauer herz tz=120 nosched noproc nofs
        
        /Windows Boot Manager
            protocol: efi_chainload
            path: boot():/EFI/Microsoft/Boot/bootmgfw.efi
  [ ok ] das Bootmenue hat einen Eintrag fuer OrientOS
  [ ok ] DAS BOOTMENUE HAT EINEN EINTRAG FUER DAS FREMDE SYSTEM (Kettenstart)

=== 8. DIE GEGENPROBE: zu wenig freier Platz
        
        Number  Start (sector)    End (sector)  Size       Code  Name
           1            2048           71679   34.0 MiB    EF00  EFI System Partition
           2           71680          163806   45.0 MiB    0700  Basic data partition
        dual: tafel=2
        dual: part 1 2048 71679 1
        dual: part 2 71680 163806 2
        dual: zu wenig
  [ ok ] es bricht mit einer klaren Meldung ab: zu wenig freier Platz
  [ ok ] es hat NICHT installiert
  [ ok ] DIE PLATTE IST NACH DEM ABBRUCH OKTETT FUER OKTETT UNVERAENDERT

=======================================================
DUALBOOT OHNE FENSTER:  24 gruen, 0 rot
=======================================================
rc=0
FERTIG
