accel: kvm (/dev/kvm ist da)
Bild (1280, 800) Tinte 99.8 %
== was der Installer gesagt hat ==
installer: argc=2 installer zeig
installer: ready n=0
installer: rect id=0 kind=1 x=16 y=16 w=688 h=20
installer: rect id=1 kind=6 x=16 y=44 w=688 h=160
installer: rect id=2 kind=7 x=16 y=212 w=688 h=32
installer: rect id=6 kind=1 x=16 y=456 w=688 h=20
installer: rect id=7 kind=1 x=16 y=484 w=688 h=20
installer: rect id=8 kind=2 x=460 y=512 w=120 h=32
installer: rect id=9 kind=2 x=588 y=512 w=116 h=32
== im Fenster steht ==
| OrientOS installieren - Oo x
Auf welche Platte soll OrientoS?
‘BekBailin g
Ganze Platte{]Daneben installieren
gramm suchen
]Editor
Write and chai
|File Explorer
View files and folders
|!nstall Orientos
Copy the system from this stick onto a disk
| Search
Find and start programs and files Neu suchen __Installieren
FERTIG
