== das Bootmenue, wie es auf dem Schirm steht
        Limine 9.6.? (x86-64, UEFI)
        ARROWS Select ENTER Boot = E Edit S Firnuare Setup 8 Blank Entry
        OrientOs
        Windows Boot Manager
        Booting automatically in 6, press any key to stop the countdown...
  [ ok ] OrientOS steht im Bootmenue AUF DEM SCHIRM
  [ ok ] DAS FREMDE SYSTEM STEHT IM BOOTMENUE AUF DEM SCHIRM
  [ ok ] der Bootlader laeuft VON DER PLATTE (kein Medium im Spiel)

== was danach auf der seriellen Leitung steht
        wm: rootpart scan
        wm: rootpart=2  first=92160  blocks=71647
        wm: mount=1
        wm: 1280x800  cursor=1  dirty=1  focus=1  arena=524288
        wm: selftest 30 / 30  failed=0xc04200  mw=2  max=1
        wm: fokus id=7 vor=0
        wm: term win=0  cols=56  rows=20  cell=10x19
        desk: OHNE anmeldung -- uid bleibt
        desk: protokoll tty=7 of=3
        desk: start /bin/desktop  pid=2  kern=0
        wm: fokus id=8 vor=7
        wm: fokus id=7 vor=0
  [ ok ] ORIENTOS STARTET VON DER PLATTE
  [ ok ] es findet seine Wurzel in der neuen Partition (rootpart=2  first=92160)
  [ ok ] der Schreibtisch startet
  [ ok ] die Wurzel kam NICHT als Boot-Modul (kein Installationsmedium)

=======================================================
START VON DER PLATTE:  7 gruen, 0 rot
=======================================================
rc=0
FERTIG
