== 1. das Abbild bauen ==
  ok   tools/usbimg/build.sh laeuft durch
          kern        3844792 Oktette
          programme   50 Stueck
          apps        2 Stueck (1532800 Oktette, TLS 1.3)
          symbole     11 Stueck nach /etc/netview/
          wurzeln     15261 Oktette, 11 Wurzeln
          ota.conf    quelle=https://store.fleitec.com/osum/aktuell
          schluessel  32 Oktette aus /srv/store/osum/aktuell/schluessel.pub
          wurzel      20971520 Oktette OFS v3
          geprueft    36 Pflichtpfade im fertigen Dateisystem
          umlaute     136 UTF-8-Umlautfolgen im fertigen Wurzelabbild
          abbild      /tmp/sf/usb/bau/osum-usb.img
                      123731968 Oktette (118 MiB), GPT, EFI 96 MiB + Wurzel 20 MiB
                      auf den Stick:  sudo dd if=/tmp/sf/usb/bau/osum-usb.img of=/dev/sdX bs=4M conv=fsync status=progress
== 2. was in der Datei wirklich steht ==
  ok   GPT: Partition 1 ist eine EFI-Partition (EF00)
  ok   Partitionen in der Tafel: 2
  ok   der BIOS-Startteil von Limine steht im MBR-Bereich
  ok   auf der EFI-Partition liegt ::/EFI/BOOT/BOOTX64.EFI
  ok   auf der EFI-Partition liegt ::/limine.conf
  ok   auf der EFI-Partition liegt ::/osum.mb
  ok   auf der EFI-Partition liegt ::/root.img
  ok   auf der EFI-Partition liegt ::/limine-bios.sys
== 3. echte Umlaute in locale/de/messages ==
  ok   locale/de/messages: 70 Zeilen mit echten UTF-8-Umlauten
  ok   ASCII-Umschriften im angezeigten deutschen Text: 0
  ok   Oktettrechnung stimmt: 85 Umlaute, 12154 Zeichen, 12239 Oktette (12154 + 85)
== 4. BIOS: dieselbe Datei, der Weg ueber den MBR ==
  ok   der Kern startet unter BIOS von dem Abbild
  ok   BIOS: der Bericht enthaelt 'hwdiag: firmware='
  ok   BIOS: der Bericht enthaelt 'hwdiag: cpu vendor='
  ok   BIOS: der Bericht enthaelt 'hwdiag: pci devices='
  ok   BIOS: der Bericht enthaelt 'hwdiag: fb '
  ok   BIOS-Lauf: erkannte Firmware: BIOS
  ok   der Diagnose-Eintrag haelt an, statt abzuschalten
  ok   GEGENPROBE: nach dem Anhalten kommt kein 'kernel: done' mehr
== 5. UEFI: dieselbe Datei, der Weg ueber BOOTX64.EFI ==
  ok   derselbe Kern startet unter UEFI (OVMF)
  ok   kein 'Cannot use text mode with UEFI' -- der Rahmenpuffer kommt von der Firmware
  ok   UEFI-Lauf: erkannte Firmware: UEFI
  ok   UEFI: die Firmware hat einen Rahmenpuffer gesetzt (hwdiag: fb 1280x800)
== 6. Gegenprobe: anderer Plattencontroller, andere Netzkarte ==
  ok   mit -device ahci meldet die Diagnose AHCI
  ok   GEGENPROBE: derselbe Bericht meldete mit -device ide-hd noch IDE
  ok   netdev waehlt fuer die Intel-Karte den e1000-Treiber
  ok   und fuer die virtio-Karte den virtio-Treiber -- zwei Karten, zwei Antworten
  ok   eine fremde Karte (ne2k_pci) wird als 'no driver for' gemeldet: no driver for 0x10ec:0x8029  other vendor, no driver -- kein Treiber in diesem Kern  [RTL8029 (ne2000)]
  ok   und sie wird beim NAMEN genannt, nicht nur bei der Nummer
  ok   GEGENPROBE: derselbe rtl8139 wird als r8169 GEFAHREN, ist also keine fremde Karte mehr
  ok   und der Kern laeuft nach der unbekannten Karte bis zum Ende des Berichts
== 7. keine Platte, keine Karte -- und trotzdem ein Bericht ==
  ok   ohne Bus sagt der Bericht das, statt still zu haengen
  ok   und ohne Plattencontroller ebenso
  ok   und ohne Netzkarte auch
  ok   und der Bericht ist trotzdem vollstaendig
  ok   GEGENPROBE: dieselbe Maschine MIT Bus meldet ihren IDE-Controller
  ok   und ohne Netzkarte (aber mit Bus) sagt sie auch das
== 8. der Schreibtisch, auf deutsch, mit Umlauten im BILD ==
  ok   die Wurzel kommt aus dem Boot-Modul -- kein Plattentreiber noetig
  ok   die Schriften kommen aus dem Abbild: glyphs=366
  ok   der Starter nennt sich 'Suchen' -- deutsch, aus /usr/share/locale/de
  ok   ein Bildschirmfoto ist entstanden (3072016 Oktette)
  ok   DER UMLAUT STEHT IM BILD: 'Ausführen' bei x=519 Grundlinie=408: 100% der 84 Tintenpunkte, 100% der 331 Gegenpunkte
  ok   GEGENPROBE: die ASCII-Ersatzschreibung steht NICHT da: nicht gefunden (bester Wert 70%) -- 'Ausfuehren' bei x=519 Grundlinie=408: 70% der 93 Tintenpunkte, 99% der 354 Gegenpunkte
  ok   GEGENPROBE: und der englische Text auch nicht: nicht gefunden (bester Wert 74%) -- 'Run' bei x=339 Grundlinie=269: 74% der 38 Tintenpunkte, 74% der 90 Gegenpunkte
  ok   der deutsche Aufforderungstext des Starters: 'Programm suchen:' bei x=204 Grundlinie=156: 100% der 143 Tintenpunkte, 100% der 521 Gegenpunkte
  ok   und die Taskleiste ist ebenfalls deutsch: 'kein Netz' bei x=1041 Grundlinie=791: 100% der 63 Tintenpunkte, 100% der 234 Gegenpunkte
  ok   und liegt als /tmp/sf/usb/desk.png

USBIMG: 48 bestanden, 0 gescheitert
        Abbild:     /tmp/sf/usb/bau/osum-usb.img
        Foto:       /tmp/sf/usb/desk.png
EXIT=0
