== 1. das Abbild ==
  ok   vorhandenes Abbild benutzt: /tmp/sf/final/osum-usb.img
       SHA-256 5a520aaf7835d643030d2e7e0583a2fe1f000709141b70e1649aa456a6746b57
       123731968 Oktette
== 2. was im Abbild wirklich liegt ==
  ok   im Abbild: /bin/ota
  ok   im Abbild: /bin/fetch
  ok   im Abbild: /bin/host
  ok   im Abbild: /bin/jarvisd
  ok   im Abbild: /bin/jsig
  ok   im Abbild: /bin/jarvisctl
  ok   im Abbild: /bin/pollbr
  ok   im Abbild: /bin/dhcp
  ok   im Abbild: /bin/reboot
  ok   im Abbild: /etc/ota.conf
  ok   im Abbild: /etc/ssl/roots.pem
  ok   im Abbild: /etc/jarvis/rechte.conf
  ok   im Abbild: /system/schluessel.pub
  ok   im Abbild: /system/FASSUNG
  ok   im Abbild: /system/SCHLUESSELGEN
       /bin traegt 53 Programme
== 3. die Gegenstelle und die zweite Platte ==
  ok   Zertifikate des Pruefstands (eigene Wurzel, Name jarvis.test, SAN 10.0.2.2)
  ok   die zweite Platte traegt /rechte.conf und /ca.pem (FAT32 auf einer MBR-Partition)
== 4. BIOS: vom Stick, Menueeintrag 5, und dann getippt ==
          erwartet und bekommen: sh: ready
          erwartet und bekommen: dhcp: gesetzt ip=
          erwartet und bekommen: nameserver
          erwartet und bekommen: host -> 0
          erwartet und bekommen: fetch -> 0
          erwartet und bekommen: ota -> 
  ok   der Menueeintrag 'Kommandozeile mit Netz' wurde gewaehlt
  ok   die Shell steht auf der seriellen Leitung
  ok   DHCP hat eine Adresse gesetzt
  ok   und einen Nameserver nach /etc/resolv.conf geschrieben
  ok   /bin/host loest store.fleitec.com auf, und dig auf dem Wirt sagt dasselbe: 109.69.172.199
  ok   die Let's-Encrypt-Kette wurde GEPRUEFT -- gegen die Wurzeln IM ABBILD
  ok   und es ist eine echte Kette: 4 Zertifikate
  ok   /bin/fetch endet mit 0 -- die Seite ist da
  ok   ota hat das signierte VERZEICHNIS gelesen
  ok   und meldet, dass es etwas Neues gibt
== 5. UEFI: dieselbe Datei, derselbe Eintrag ==
          erwartet und bekommen: sh: ready
          erwartet und bekommen: dhcp: gesetzt ip=
          erwartet und bekommen: nameserver
          erwartet und bekommen: host -> 0
          erwartet und bekommen: fetch -> 0
          erwartet und bekommen: ota -> 
  ok   unter UEFI steht dieselbe Shell
  ok   DHCP unter UEFI
  ok   und dieselbe gepruefte Kette
  ok   und dasselbe VERZEICHNIS
== 6. die Bruecke: jarvisd beantwortet einen Auftrag ==
          erwartet und bekommen: sh: ready
          erwartet und bekommen: mount -> 0
          erwartet und bekommen: servername
          erwartet und bekommen: dhcp: gesetzt ip=
          erwartet und bekommen: jarvisd -> 
          erwartet und bekommen: jarvisctl -> 
  ok   die zweite Platte steht in der Einhaengetafel (/mnt, vfat)
  ok   und ihre Rechteliste ist lesbar
  ok   jarvisd hat die Verbindung aufgebaut
  ok   und sich angemeldet
  ok   die Verbindung steht auf TLS 1.3 -- gesagt hat das Python, nicht Osum
  ok   die Ed25519-Unterschrift des Geraets stimmt (nachgerechnet von python-cryptography)
  ok   die Gegenstelle hat die Anmeldung angenommen
  ok   Auftrag 1 (system) beantwortet: ANTWORT 1 system ok 178 1862976169f251eb06a13340a876cfaed2c9ea0ca8b6b72b5c90d913372b231d
  ok   Auftrag 2 (befehl /bin/echo) beantwortet
  ok   und die Ausgabe des Befehls kam wirklich vom Stick: ende 0hallo-vom-stick

STICK: 42 bestanden, 0 gescheitert
       Abbild /tmp/sf/final/osum-usb.img
       SHA-256 5a520aaf7835d643030d2e7e0583a2fe1f000709141b70e1649aa456a6746b57
EXIT=0
