== 1. das Abbild ==
  [32mok[0m   vorhandenes Abbild benutzt: /tmp/sf/final/osum-usb.img
       SHA-256 5a520aaf7835d643030d2e7e0583a2fe1f000709141b70e1649aa456a6746b57
       123731968 Oktette
== 2. was im Abbild wirklich liegt ==
  [32mok[0m   im Abbild: /bin/ota
  [32mok[0m   im Abbild: /bin/fetch
  [32mok[0m   im Abbild: /bin/host
  [32mok[0m   im Abbild: /bin/jarvisd
  [32mok[0m   im Abbild: /bin/jsig
  [32mok[0m   im Abbild: /bin/jarvisctl
  [32mok[0m   im Abbild: /bin/pollbr
  [32mok[0m   im Abbild: /bin/dhcp
  [32mok[0m   im Abbild: /bin/reboot
  [32mok[0m   im Abbild: /etc/ota.conf
  [32mok[0m   im Abbild: /etc/ssl/roots.pem
  [32mok[0m   im Abbild: /etc/jarvis/rechte.conf
  [32mok[0m   im Abbild: /system/schluessel.pub
  [32mok[0m   im Abbild: /system/FASSUNG
  [32mok[0m   im Abbild: /system/SCHLUESSELGEN
       /bin traegt 53 Programme
== 3. die Gegenstelle und die zweite Platte ==
  [32mok[0m   Zertifikate des Pruefstands (eigene Wurzel, Name jarvis.test, SAN 10.0.2.2)
  [32mok[0m   die zweite Platte traegt /rechte.conf und /ca.pem (FAT32 auf einer MBR-Partition)
== 4. BIOS: vom Stick, Menueeintrag 5, und dann getippt ==
          erwartet und bekommen: sh: ready
          erwartet und bekommen: dhcp: gesetzt ip=
          erwartet und bekommen: nameserver
          erwartet und bekommen: host -> 0
          erwartet und bekommen: fetch -> 0
          erwartet und bekommen: ota -> 
  [32mok[0m   der Menueeintrag 'Kommandozeile mit Netz' wurde gewaehlt
  [32mok[0m   die Shell steht auf der seriellen Leitung
  [32mok[0m   DHCP hat eine Adresse gesetzt
  [32mok[0m   und einen Nameserver nach /etc/resolv.conf geschrieben
  [32mok[0m   /bin/host loest store.fleitec.com auf, und dig auf dem Wirt sagt dasselbe: 109.69.172.199
  [32mok[0m   die Let's-Encrypt-Kette wurde GEPRUEFT -- gegen die Wurzeln IM ABBILD
  [32mok[0m   und es ist eine echte Kette: 4 Zertifikate
  [32mok[0m   /bin/fetch endet mit 0 -- die Seite ist da
  [32mok[0m   ota hat das signierte VERZEICHNIS gelesen
  [32mok[0m   und meldet, dass es etwas Neues gibt
== 5. UEFI: dieselbe Datei, derselbe Eintrag ==
          erwartet und bekommen: sh: ready
          erwartet und bekommen: dhcp: gesetzt ip=
          erwartet und bekommen: nameserver
          erwartet und bekommen: host -> 0
          erwartet und bekommen: fetch -> 0
          erwartet und bekommen: ota -> 
  [32mok[0m   unter UEFI steht dieselbe Shell
  [32mok[0m   DHCP unter UEFI
  [32mok[0m   und dieselbe gepruefte Kette
  [32mok[0m   und dasselbe VERZEICHNIS
== 6. die Bruecke: jarvisd beantwortet einen Auftrag ==
          erwartet und bekommen: sh: ready
          erwartet und bekommen: mount -> 0
          erwartet und bekommen: servername
          erwartet und bekommen: dhcp: gesetzt ip=
          erwartet und bekommen: jarvisd -> 
          erwartet und bekommen: jarvisctl -> 
  [32mok[0m   die zweite Platte steht in der Einhaengetafel (/mnt, vfat)
  [32mok[0m   und ihre Rechteliste ist lesbar
  [32mok[0m   jarvisd hat die Verbindung aufgebaut
  [32mok[0m   und sich angemeldet
  [32mok[0m   die Verbindung steht auf TLS 1.3 -- gesagt hat das Python, nicht Osum
  [32mok[0m   die Ed25519-Unterschrift des Geraets stimmt (nachgerechnet von python-cryptography)
  [32mok[0m   die Gegenstelle hat die Anmeldung angenommen
  [32mok[0m   Auftrag 1 (system) beantwortet: ANTWORT 1 system ok 178 1862976169f251eb06a13340a876cfaed2c9ea0ca8b6b72b5c90d913372b231d
  [32mok[0m   Auftrag 2 (befehl /bin/echo) beantwortet
  [32mok[0m   und die Ausgabe des Befehls kam wirklich vom Stick: ende 0hallo-vom-stick

STICK: 42 bestanden, 0 gescheitert
       Abbild /tmp/sf/final/osum-usb.img
       SHA-256 5a520aaf7835d643030d2e7e0583a2fe1f000709141b70e1649aa456a6746b57
EXIT=0
