== 1. building: the kernel out of both compilers, and the programs ==
  OK    firnc0: kernel built (1791408 octets)
  OK    firnc1: kernel built (4379956 octets)
  OK    firnc0: 13 programs built, /bin/leiste is 165776 octets
  OK    firnc1: the same ones out of the compiler written in Firn
  OK    the kernel does NOT carry leiste__paint (the taskbar is a ring 3 program)
  OK    the kernel does NOT carry leiste__conf_read (the taskbar is a ring 3 program)
  OK    the kernel does NOT carry leiste__drag_step (the taskbar is a ring 3 program)
  OK    the directory tree is built
== 2. the memory map, the call numbers and the mode words ==
  OK    the memory map of kdata: 52 Bereiche in 0x60000 Oktetten kdata, 6 Vektoren, 0 Kollisionen
  OK    call number 2112 is in kernel/sys.fi
  OK    call number 2113 is in kernel/sys.fi
  OK    and 2113 is the highest of the window server
  OK    kernel/wm.fi numbers the edges 0..3 the same way
  OK    kernel/sys.fi numbers the edges 0..3 the same way
  OK    kernel/user/wlibc.fi numbers the edges 0..3 the same way
  OK    both writers of /etc/taskbar.conf spell the key 'edge'
== 3. the four edges: geometry, work area, and the text per character ==
  OK    [bottom] the kernel exits cleanly: 21
  OK    [bottom] the bar read /etc/taskbar.conf
  OK    [bottom] and it came from the file, not from the defaults: file
  OK    [bottom] the edge it read: bottom
  OK    [bottom] the rectangles: bar (0, 572, 800, 28), work (0, 0, 800, 572), maximized (0, 0, 800, 572), overlap 0 px
  OK    [bottom] the window server's claims about itself: 30 / 30
  OK    'Start' at screen 18,591 -- 5 Zeichen, 200 Tintenpunkte geprueft, 0 falsch (1 of 1 reported states)
  OK    '09:09' at screen 748,591 -- 5 Zeichen, 256 Tintenpunkte geprueft, 0 falsch (1 of 1 reported states)
  OK    'no battery' at screen 656,591 -- 9 Zeichen, 406 Tintenpunkte geprueft, 0 falsch (1 of 1 reported states)
  OK    'no network' at screen 558,591 -- 9 Zeichen, 435 Tintenpunkte geprueft, 0 falsch (1 of 1 reported states)
  OK    'Terminal -- sh' at screen 88,591 -- 12 Zeichen, 458 Tintenpunkte geprueft, 0 falsch (1 of 3 reported states)
  OK    [bottom] the field 'net' needed 1 line(s)
  OK    [bottom] the field 'battery' needed 1 line(s)
  OK    [bottom] the field 'clock' needed 1 line(s)
  OK    [bottom] screenshot: docs/shots/taskbar/bottom.png
  OK    [top] the kernel exits cleanly: 21
  OK    [top] the bar read /etc/taskbar.conf
  OK    [top] and it came from the file, not from the defaults: file
  OK    [top] the edge it read: top
  OK    [top] the rectangles: bar (0, 0, 800, 28), work (0, 28, 800, 572), maximized (0, 28, 800, 572), overlap 0 px
  OK    [top] the window server's claims about itself: 30 / 30
  OK    'Start' at screen 18,19 -- 5 Zeichen, 200 Tintenpunkte geprueft, 0 falsch (1 of 1 reported states)
  OK    '09:10' at screen 748,19 -- 5 Zeichen, 233 Tintenpunkte geprueft, 0 falsch (1 of 1 reported states)
  OK    'no battery' at screen 656,19 -- 9 Zeichen, 406 Tintenpunkte geprueft, 0 falsch (1 of 1 reported states)
  OK    'no network' at screen 558,19 -- 9 Zeichen, 435 Tintenpunkte geprueft, 0 falsch (1 of 1 reported states)
  OK    'Terminal -- sh' at screen 88,19 -- 12 Zeichen, 458 Tintenpunkte geprueft, 0 falsch (1 of 3 reported states)
  OK    [top] the field 'net' needed 1 line(s)
  OK    [top] the field 'battery' needed 1 line(s)
  OK    [top] the field 'clock' needed 1 line(s)
  OK    [top] screenshot: docs/shots/taskbar/top.png
  OK    [left] the kernel exits cleanly: 21
  OK    [left] the bar read /etc/taskbar.conf
  OK    [left] and it came from the file, not from the defaults: file
  OK    [left] the edge it read: left
  OK    [left] the rectangles: bar (0, 0, 104, 600), work (104, 0, 696, 600), maximized (104, 0, 696, 600), overlap 0 px
  OK    [left] the window server's claims about itself: 30 / 30
  OK    'Start' at screen 34,19 -- 5 Zeichen, 200 Tintenpunkte geprueft, 0 falsch (1 of 1 reported states)
  OK    '09:10' at screen 7,593 -- 5 Zeichen, 233 Tintenpunkte geprueft, 0 falsch (1 of 2 reported states)
  OK    'no battery' at screen 7,572 -- 9 Zeichen, 406 Tintenpunkte geprueft, 0 falsch (1 of 1 reported states)
  OK    'no network' at screen 7,551 -- 9 Zeichen, 435 Tintenpunkte geprueft, 0 falsch (1 of 1 reported states)
  OK    'Terminal -- ' at screen 10,45 -- 10 Zeichen, 361 Tintenpunkte geprueft, 0 falsch (1 of 3 reported states)
  OK    [left] the field 'net' needed 1 line(s)
  OK    [left] the field 'battery' needed 1 line(s)
  OK    [left] the field 'clock' needed 1 line(s)
  OK    [left] screenshot: docs/shots/taskbar/left.png
  OK    [right] the kernel exits cleanly: 21
  OK    [right] the bar read /etc/taskbar.conf
  OK    [right] and it came from the file, not from the defaults: file
  OK    [right] the edge it read: right
  OK    [right] the rectangles: bar (696, 0, 104, 600), work (0, 0, 696, 600), maximized (0, 0, 696, 600), overlap 0 px
  OK    [right] the window server's claims about itself: 30 / 30
  OK    'Start' at screen 730,19 -- 5 Zeichen, 200 Tintenpunkte geprueft, 0 falsch (1 of 1 reported states)
  OK    '09:11' at screen 703,593 -- 5 Zeichen, 214 Tintenpunkte geprueft, 0 falsch (1 of 1 reported states)
  OK    'no battery' at screen 703,572 -- 9 Zeichen, 406 Tintenpunkte geprueft, 0 falsch (1 of 1 reported states)
  OK    'no network' at screen 703,551 -- 9 Zeichen, 435 Tintenpunkte geprueft, 0 falsch (1 of 1 reported states)
  OK    'Terminal -- ' at screen 706,45 -- 10 Zeichen, 361 Tintenpunkte geprueft, 0 falsch (1 of 3 reported states)
  OK    [right] the field 'net' needed 1 line(s)
  OK    [right] the field 'battery' needed 1 line(s)
  OK    [right] the field 'clock' needed 1 line(s)
  OK    [right] screenshot: docs/shots/taskbar/right.png
== 4. the counter-test: without the strut the bar is covered ==
  OK    with 'nostrut' the work area is the whole screen and the bar is under the window: bar (0, 572, 800, 28), work (0, 0, 800, 600), maximized (0, 0, 800, 600), overlap 22400 px
  OK    and the normal run does NOT pass the counter-test's expectations
== 5. dragging the bar to another edge, with real mouse packets ==
  OK    the press on an empty part of the bar starts a drag
  OK    the first preview rectangle is the edge it started on: 0
  OK    the last preview rectangle is the left edge: 2
  OK    the preview followed the pointer (rectangles drawn): 2
  OK    letting go moved the bar and wrote the file
  OK    the bar is now vertical: 1
  OK    at x=0 with the full height: x=0 y=0 w=104 h=600
  OK    and the work area moved with it: x=104 y=0 w=696 h=600
  OK    /etc/taskbar.conf on the disk says edge=left
== 6. the setting survives a restart ==
  OK    booted a second time from the same image, the bar comes up on: left
  OK    and the rectangles are the ones of a left bar: bar (0, 0, 104, 600), work (104, 0, 696, 600), maximized (104, 0, 696, 600), overlap 0 px
== 7. auto-hide: the bar goes away and comes back, in milliseconds ==
  OK    the pointer left the bar and the bar slid out
  OK    the pointer reached the edge and the bar stood there again after: 20
        (ticks are 10 ms in this kernel, kernel/time.fi TICK_HZ=100 --
         that is the resolution of this number, not one millisecond)
  OK    and the reservation stays a sliver the whole time: 2
  OK    so the work area is the screen minus that sliver: 598
== 8. the settings write the same file, and the bar follows ==
  FAIL  the settings report where their taskbar widgets are -- 'settings: rect name=edge' is missing
  OK    the click opened the drop-down
  OK    and the row that was clicked is 'right': 3
  OK    'Uebernehmen' wrote edge=right
  OK    and it really wrote a file: 1
  OK    the taskbar -- a different process -- re-read the file and moved to: right
  OK    to exactly the right edge: x=696 y=0 w=104 h=600
== 9. what the older runners said, and still say ==
