== 1. bauen: der Kern, die Bibliothek und die Programme, aus beiden Uebersetzern ==
  OK    firnc0: Kernel gebaut (1791408 Oktette)
  OK    firnc1: Kernel gebaut (4379956 Oktette)
  OK    firnc0: 9 Programme gebaut, davon /bin/explorer mit 246792 Oktetten
  OK    firnc1: dieselben aus dem Uebersetzer, der in Firn geschrieben ist
  OK    der Kernel traegt wlib__button NICHT (die Bibliothek liegt in Ring 3)
  OK    der Kernel traegt wlib__step NICHT (die Bibliothek liegt in Ring 3)
  OK    der Kernel traegt wlibc__text_at NICHT (die Bibliothek liegt in Ring 3)
  OK    Zeilen der Bibliothek in Ring 3: 4107
  OK    Zeilen der Naht im Kernel -- so wenig Kernel wie moeglich: 504
  OK    der Verzeichnisbaum fuer den Dateimanager ist gebaut (baum: 8 Stueck in /daten, 12 Zeilen fuer mkfs)
  OK    mkfs.py baut ein Abbild mit den Schriften, den Programmen und /etc/theme
== 2. die Speicherkarte: drei Seiten, und nur die drei ==
  OK    die Speicherkarte von kdata: 52 Bereiche in 0x60000 Oktetten kdata, 6 Vektoren, 0 Kollisionen
  OK    der Bereich WIG steht in der Karte
  OK    der Bereich liegt im zugeteilten Vorrat: 0x46000 0x49000 
  OK    die Aufrufnummer 1800 steht in kernel/sys.fi
  OK    die Aufrufnummer 1806 steht in kernel/sys.fi
  OK    die Aufrufnummer 1807 steht in kernel/sys.fi
  OK    die Aufrufnummer 1808 steht in kernel/sys.fi
  OK    die Aufrufnummer 1809 steht in kernel/sys.fi
  OK    und 1809 ist die hoechste
  OK    alle Aufrufe dieser Runde liegen zwischen 1800 und 1899
  OK    mit WIG_OFF auf 0x1E000 findet der Pruefer die Kollision mit WM
== 3. die Anwendung steht da: Anordnung, Rechtecke, Reihenfolge ==
  OK    der Kern beendet sich sauber: 21
  OK    der Kern haelt fuer das Foto still
  OK    die Zusagen der Naht ueber sich selbst: 7
  OK    die Anwendung kommt VON DER PLATTE
  OK    sie hat ihr Fenster angelegt und gemalt
  OK    das Fenster ist so breit, wie die Anwendung es bestellt hat: 480
  OK    und so hoch: 400
  OK    die Anordnung: 12 Rechtecke, alle im Fenster 480x400, keine Ueberschneidung, Reihenfolge in 5 Spalten richtig
  OK    ein Rechteck, das aus dem Fenster ragt, faellt dem Pruefer auf
== 4. der Text -- JE ZEICHEN gegen die zweite Rasterung ==
  OK    die Anwendung meldet den Text 'kopf': OSUM K15 WIDGETS
  OK    'OSUM K15 WIDGETS' steht bildpunktgenau im Fenster (kopf) (14 Zeichen, 820 Tintenpunkte geprueft, 0 falsch)
  OK    die Anwendung meldet den Text 'knopf': Knopf
  OK    'Knopf' steht bildpunktgenau im Fenster (knopf) (5 Zeichen, 253 Tintenpunkte geprueft, 0 falsch)
  OK    die Anwendung meldet den Text 'e1': Kopiermich
  OK    'Kopiermich' steht bildpunktgenau im Fenster (e1) (10 Zeichen, 457 Tintenpunkte geprueft, 0 falsch)
  OK    die Zeilenhoehe der Liste: 20
  OK    Zeile 0 der Liste, in der AUSWAHLFARBE (5 Zeichen, 235 Tintenpunkte geprueft, 0 falsch)
  OK    Zeile 1 der Liste (4 Zeichen, 195 Tintenpunkte geprueft, 0 falsch)
  OK    Zeile 2 der Liste (5 Zeichen, 309 Tintenpunkte geprueft, 0 falsch)
  OK    Zeile 3 der Liste (5 Zeichen, 232 Tintenpunkte geprueft, 0 falsch)
  OK    Zeile 4 der Liste (7 Zeichen, 306 Tintenpunkte geprueft, 0 falsch)
  OK    derselbe Pruefer geht mit dem FALSCHEN Text NICHT auf
  OK    und an einer Stelle, an der kein Text steht, auch nicht
  OK    und mit der falschen Hintergrundfarbe auch nicht
  OK    der Text der Bibliothek ist wirklich kantengeglaettet (2809 von 7200 Bildpunkten sind Zwischenstufen (mindestens 100))
== 5. die Widgets stehen da, wo die Anordnung sie hingelegt hat ==
  OK    der Fokusring liegt bildpunktgenau um die Reiter (Rahmen 456x26 bei (74,124): 0 von 964 Kantenpunkten falsch, 0 Treffer eine Reihe daneben)
  OK    und um den Knopf, der ihn NICHT hat, liegt keiner
  OK    die Flaeche des Knopfes hat die Farbe aus /etc/theme (btn=3a4a5e) (0 von 80 Bildpunkten falsch)
  OK    das Textfeld hat seine eigene Flaeche (0 von 600 Bildpunkten falsch)
== 6. bedienen: echte Klicks aus dem QEMU-Monitor ==
  OK    der Kern beendet sich sauber: 21
  OK    der Knopf meldet sich -- mit seiner Nummer und seiner Art
  OK    und genau EINMAL: 1
  OK    ohne Klick meldet sich kein Widget
  OK    das Kaestchen kippt und meldet seinen neuen Wert
  OK    Bildpunkte des Hakens NACH dem Klick: 20
  OK    und VOR dem Klick (die Gegenprobe): 0
  OK    der zweite Reiter ist aktiv: 1
  OK    und der Reiter meldet den Wechsel
== 7. die Tastatur: Weiterschaltung, Tippen, Zwischenablage ==
  OK    der Kern beendet sich sauber: 21
  OK    was im zweiten Textfeld steht: Kopiermich-ab
  OK    in die Zwischenablage geschrieben: 1
  OK    und daraus gelesen: 1
  OK    und es steht bildpunktgenau im zweiten Feld (13 Zeichen, 573 Tintenpunkte geprueft, 0 falsch)
  OK    im Lauf OHNE Tastendruecke steht dort NICHTS
  OK    mit 'noclip' kommt NUR das Getippte an: -ab
  OK    und im Bild steht der eingefuegte Text dann nicht
  OK    nach der Tabulatortaste tippt man in das NAECHSTE Feld: xy
  OK    und im vorigen steht unveraendert, was darin stand: Kopiermich
  OK    der Fokusring ist mitgewandert -- er liegt jetzt um das zweite Feld (Rahmen 456x24 bei (74,216): 0 von 960 Kantenpunkten falsch, 0 Treffer eine Reihe daneben)
  OK    und NICHT mehr um das erste
== 8. Menues und Dialoge -- eigene Fenster beim Server ==
  OK    die rechte Taste kommt bei der Liste an, mit der Zeile
  OK    und die Bibliothek macht ein EIGENES Fenster dafuer auf
  OK    es liegt genau am Zeiger: 174 396
  OK    und ist so hoch, wie drei Punkte brauchen: 70
  OK    Menuepunkt 0 steht bildpunktgenau im Menuefenster: 'Oeffnen' (7 Zeichen, 345 Tintenpunkte geprueft, 0 falsch)
  OK    Menuepunkt 1 steht bildpunktgenau im Menuefenster: 'Umbenennen' (10 Zeichen, 533 Tintenpunkte geprueft, 0 falsch)
  OK    Menuepunkt 2 steht bildpunktgenau im Menuefenster: 'Entfernen' (9 Zeichen, 407 Tintenpunkte geprueft, 0 falsch)
  OK    der Rahmen des Menuefensters liegt bildpunktgenau (Rahmen 128x94 bei (174,396): 0 von 444 Kantenpunkten falsch, 0 Treffer eine Reihe daneben)
  OK    ohne rechte Taste gibt es das Menue NICHT
  OK    und ein anderes Wort steht auch bei Toleranz 64 nicht dort
  OK    ein Klick auf einen Menuepunkt meldet ihn beim Besitzer
  OK    und das Menue hat genau EINMAL gefeuert: 1
  OK    danach ist das Menuefenster wieder weg
  OK    der Dialog ist ein eigenes Fenster
  OK    er ist so breit, wie die Bibliothek ihn baut: 340
  OK    und er steht mittig auf dem Schirm, bildpunktgenau (Rahmen 344x132 bei (230,246): 0 von 952 Kantenpunkten falsch, 0 Treffer eine Reihe daneben)
  OK    seine Frage steht darin, je Zeichen (9 Zeichen, 495 Tintenpunkte geprueft, 0 falsch)
  OK    der Dialog wird mit OK bestaetigt und gibt seinen Text zurueck
  OK    und der Text ist der, mit dem er aufgemacht wurde: Kopiermich
  OK    danach ist auch das Dialogfenster weg
== 9. der Dateimanager: /bin/files gegen die Platte ==
  OK    der Kern beendet sich sauber: 21
  OK    /bin/explorer kommt von der Platte
  OK    und hat sein Fenster gemalt
  OK    er zaehlt so viele Stuecke in /daten, wie baum.py angelegt hat: 8
  OK    die Anordnung des Dateimanagers: 9 Rechtecke, alle im Fenster 660x430, keine Ueberschneidung, Reihenfolge in 7 Spalten richtig
  OK    die Kopfzeile: die erste Spalte heisst 'Name' (4 Zeichen, 240 Tintenpunkte geprueft, 0 falsch)
  OK    und die zweite 'Groesse' (7 Zeichen, 346 Tintenpunkte geprueft, 0 falsch)
  OK    Zeile 0 der Tabelle: 'bilder' (6 Zeichen, 254 Tintenpunkte geprueft, 0 falsch)
  OK    Zeile 1 der Tabelle: 'notizen' (7 Zeichen, 304 Tintenpunkte geprueft, 0 falsch)
  OK    Zeile 2 der Tabelle: 'alpha.txt' (9 Zeichen, 355 Tintenpunkte geprueft, 0 falsch)
  OK    und ihre Groesse in Spalte 2: 5 (1 Zeichen, 58 Tintenpunkte geprueft, 0 falsch)
  OK    Zeile 3 der Tabelle: 'beta.txt' (8 Zeichen, 315 Tintenpunkte geprueft, 0 falsch)
  OK    und ihre Groesse in Spalte 2: 9 (1 Zeichen, 63 Tintenpunkte geprueft, 0 falsch)
  OK    Zeile 4 der Tabelle: 'delta.txt' (9 Zeichen, 352 Tintenpunkte geprueft, 0 falsch)
  OK    und ihre Groesse in Spalte 2: 0 (1 Zeichen, 59 Tintenpunkte geprueft, 0 falsch)
  OK    Zeile 5 der Tabelle: 'epsilon.txt' (11 Zeichen, 426 Tintenpunkte geprueft, 0 falsch)
  OK    und ihre Groesse in Spalte 2: 300 (3 Zeichen, 171 Tintenpunkte geprueft, 0 falsch)
  OK    Zeile 6 der Tabelle: 'gamma.txt' (9 Zeichen, 429 Tintenpunkte geprueft, 0 falsch)
  OK    und ihre Groesse in Spalte 2: 33 (2 Zeichen, 106 Tintenpunkte geprueft, 0 falsch)
  OK    Zeile 7 der Tabelle: 'zeta.md' (7 Zeichen, 325 Tintenpunkte geprueft, 0 falsch)
  OK    und ihre Groesse in Spalte 2: 7 (1 Zeichen, 39 Tintenpunkte geprueft, 0 falsch)
  OK    die Rechte eines Verzeichnisses, aus den Bits von stat (10 Zeichen, 373 Tintenpunkte geprueft, 0 falsch)
  OK    und eine ANDERE Rechtezeichenkette faellt bei derselben Toleranz durch
  OK    und die einer Datei (10 Zeichen, 206 Tintenpunkte geprueft, 0 falsch)
  OK    die Spalte Zeit zeigt zwei Striche -- OFS hat keinen Zeitstempel (2 Zeichen, 20 Tintenpunkte geprueft, 0 falsch)
== 9b. hineingehen, sortieren, anlegen ==
  OK    der Doppelklick geht in das Verzeichnis hinein
  OK    und darin liegen zwei Dateien: 2
  OK    die erste davon steht im Bild (8 Zeichen, 372 Tintenpunkte geprueft, 0 falsch)
  OK    und der alte Inhalt steht NICHT mehr da
  OK    ein Klick auf die Kopfzeile sortiert um
  OK    und zwar nach Spalte 1 (Groesse): 1
  OK    nach der Groesse sortiert steht die leere Datei zuerst unter den Dateien (9 Zeichen, 352 Tintenpunkte geprueft, 0 falsch)
  OK    nach dem Namen sortiert stand dort etwas anderes
  OK    der Dialog legt ein Verzeichnis an
  OK    und der Kernel nimmt es an: 0
  OK    und /daten/neu steht WIRKLICH im Plattenabbild
  OK    im Abbild ohne die Bedienung steht es NICHT (die Gegenprobe)
== 10. die Zeiten: was ein Neuzeichnen wirklich kostet ==
  OK    Bildpunkte fuer den ganzen Aufbau des Fensters: 192000
  OK    ein Klick auf das Kaestchen kostet 18184 Bildpunkte statt 192000 -- Faktor 10
  OK    und dafuer 2 Aufrufe hinueber, nicht mehr: 2
  OK    Glyphen, die die Bibliothek beim Kernel geholt hat (je Zeichen EINE): 37
