== 1. building: the kernel out of both compilers, and the programs ==
  OK    firnc0: the kernel with kernel/netview.fi in it builds (1791408 octets)
  OK    firnc1: the kernel with kernel/netview.fi in it builds (4379956 octets)
  OK    firnc0: 9 programs, /bin/netview and /bin/nvcheck among them
  OK    firnc1: 9 programs, /bin/netview and /bin/nvcheck among them
  OK    mkfs.py: an image with /bin/netview and /bin/nvcheck on it
  OK    tools/net/bruecke.c: the wire of round K8 is built
== 2. the four views, in ONE boot, against a real Linux server ==
   real -- the wire, unchanged
  OK    real: the view the process reports: 0
  OK    real: connect answered: 0
  OK    real: the HTTP status of the python server: 200
  OK    real: octets of BODY (the page the server sent): 46
  OK    real: octets in total, header and body: 184
  OK    real: connect took 17632 us over the veth
   none -- the cable is pulled
  OK    none: the view the process reports: 3
  OK    none: the network reports itself as down: 0
  OK    none: connect said -ENETUNREACH: 1000101
  OK    none: octets of body: 0
  OK    none: and it said so IN MICROSECONDS, not after a timeout: 2380
   faked -- a network that leads nowhere
  OK    faked: the view the process reports: 2
  OK    faked: the network reports itself as UP: 1
  OK    faked: the address it believes it has (198.51.100.2, TEST-NET-2): 3325256706
  OK    faked: connect SUCCEEDED: 0
  OK    faked: and the reachability check got 204 No Content: 204
  OK    faked: the BODY is EMPTY -- nothing was loaded: 0
  OK    faked: and yet a well-formed header DID arrive (octets): 87
  OK    faked: a name resolved to 198.51.100.80: 3325256784
  OK    faked: connect, in microseconds: 460
  OK    faked: reading the answer, in microseconds: 4004
  OK    faked: the WHOLE exchange, in microseconds: 7670
   filtered -- the list, and only the list
  OK    filtered: the view the process reports: 1
  OK    filtered, target ON the list: connect went to the real server: 0
  OK    filtered, target ON the list: the real status: 200
  OK    filtered, target ON the list: the real body: 46
  OK    filtered, target NOT on the list: connect still succeeded (it is faked): 0
  OK    filtered, target NOT on the list: 204 and not 200: 204
  OK    filtered, target NOT on the list: the body is empty: 0
  OK    not one exception in the whole run
  OK    and no checked-arithmetic panic
== 3. THE MEASUREMENT OF THE ROUND: not one octet on the wire ==
  OK    faked, with no wire at all: connect STILL succeeded: 0
  OK    faked, with no wire at all: still 204: 204
  OK    faked: octets the program offered and the kernel threw away: 116
  OK    faked: faked connections opened: 2
  OK    OCTETS THAT LEFT THE MACHINE (virtio.tx_frame): 0
   the control: the SAME image, the SAME wire, the word 'faked' left out
  OK    real, with nobody on the other end: octets that left the machine: 504
  OK    real: nothing was thrown away, because nothing was faked: 0
  OK    real: no faked connection was opened: 0
== 4. two processes, two views, at the same time ==
  OK    at the same time: the faked process reports view 2: 2
  OK    at the same time: the real process reports view 0: 0
  OK    the faked one got 204 out of the kernel: 204
  OK    the real one got 200 out of the python server: 200
  OK    the faked one loaded nothing: 0
  OK    the real one loaded the page: 46
  OK    and the python server, which counts, saw EXACTLY ONE of the two: 1
  OK    /bin/ps has a NET column
== 5. the symbols: seven drawings, measured before anything is drawn ==
  OK    tools/netview/icons.py: every rule of the addendum holds
          dark  ink     10.85:1  ok
          dark  dim      4.53:1  ok
          dark  accent   6.33:1  ok
          dark  warn     7.74:1  ok
          light ink     14.14:1  ok
          light dim      4.97:1  ok
          light accent   5.59:1  ok
          light warn     4.90:1  ok
          nocarrier       vs noip             32 von  73 = 43%  ok
          nocarrier       vs noroute          50 von  90 = 55%  ok
          nocarrier       vs online           52 von  98 = 53%  ok
          noip            vs noroute          36 von  78 = 46%  ok
          noip            vs online           30 von  82 = 36%  ok
          noroute         vs online           66 von 108 = 61%  ok
          filtered        vs faked            25 von  64 = 39%  ok
          filtered        vs none             26 von  66 = 39%  ok
          faked           vs none             27 von  64 = 42%  ok
  OK    roles whose contrast was computed against the panel (4.5:1 or better): 8
  OK    rules broken: 0
  OK    kernel/netmark.fi is the drawing, octet for octet -- one source, two places
== 6. the two displays, on a real screen ==
  OK    the graphical userland builds (14 programs)
  OK    the seven symbols are built into OSYM files
   the CORNER: four states of the machine, four boots, four icons
  OK    nocarrier: the kernel reported state: 0
  OK    nocarrier: the icon is on the screen at 538,578 -- ok 62 von 62 gleich
  OK    noip: the kernel reported state: 1
  OK    noip: the icon is on the screen at 538,578 -- ok 52 von 52 gleich
  OK    noroute: the kernel reported state: 2
  OK    noroute: the icon is on the screen at 561,578 -- ok 68 von 68 gleich
  OK    online: the kernel reported state: 3
  OK    online: the icon is on the screen at 561,578 -- ok 82 von 82 gleich
   THE PROBE: four programs, four views, one bar, one picture
  OK    dark: button 1 carries mark-filtered at 172,580 -- ok 54 von 54 gleich
  OK    dark: button 3 carries mark-faked at 366,580 -- ok 49 von 49 gleich
  OK    dark: button 4 carries mark-none at 463,580 -- ok 52 von 52 gleich
  OK    dark: buttons whose process sees the REAL network (no mark): 3
  OK    dark: buttons marked filtered: 1
  OK    dark: buttons marked faked: 1
  OK    dark: buttons marked none: 1
  OK    dark: and the REAL one carries nothing -- ok nicht da: 49 von 49 anders
  OK    dark: the bar found all seven pictures
  OK    light: button 1 carries mark-filtered at 172,580 -- ok 54 von 54 gleich
  OK    light: button 3 carries mark-faked at 366,580 -- ok 49 von 49 gleich
  OK    light: button 4 carries mark-none at 463,580 -- ok 52 von 52 gleich
  OK    light: buttons whose process sees the REAL network (no mark): 2
  OK    light: buttons marked filtered: 1
  OK    light: buttons marked faked: 1
  OK    light: buttons marked none: 1
  OK    light: and the REAL one carries nothing -- ok nicht da: 49 von 49 anders
  OK    light: the bar found all seven pictures
  OK    the sheet of all seven signs, 1:1 and magnified, light and dark

NETVIEW: 86 passed, 0 failed
