== 1. the numbers are the numbers of Linux x86-64 ==
  OK    SYS_READ = 0
  OK    SYS_WRITE = 1
  OK    SYS_OPEN = 2
  OK    SYS_CLOSE = 3
  OK    SYS_STAT = 4
  OK    SYS_FSTAT = 5
  OK    SYS_LSEEK = 8
  OK    SYS_MMAP = 9
  OK    SYS_MUNMAP = 11
  OK    SYS_BRK = 12
  OK    SYS_PIPE = 22
  OK    SYS_YIELD = 24
  OK    SYS_DUP = 32
  OK    SYS_DUP2 = 33
  OK    SYS_NANOSLEEP = 35
  OK    SYS_GETPID = 39
  OK    SYS_FORK = 57
  OK    SYS_EXECVE = 59
  OK    SYS_EXIT = 60
  OK    SYS_WAIT4 = 61
  OK    SYS_GETCWD = 79
  OK    SYS_MKDIR = 83
  OK    SYS_UNLINK = 87
  OK    SYS_GETPPID = 110
  OK    SYS_GETDENTS64 = 217
  OK    SYS_EXIT_GROUP = 231
  OK    the lowest number Osum invented for itself: 1000
        SYS_OSUM_NETGET: kernel 1300, libc missing
        SYS_OSUM_NETSET: kernel 1301, libc missing
  FAIL  system call numbers on which kernel and libc disagree: 2, expected eq 0
  OK    error numbers the kernel defines: 52
  OK    error numbers on which kernel and libc disagree: 0
  OK    E_NOENT = 2 (the number Linux uses)
  OK    E_BADF = 9 (the number Linux uses)
  OK    E_CHILD = 10 (the number Linux uses)
  OK    E_FAULT = 14 (the number Linux uses)
  OK    E_INVAL = 22 (the number Linux uses)
  OK    E_NOSYS = 38 (the number Linux uses)
  OK    E_ISDIR = 21 (the number Linux uses)
  OK    E_NOTDIR = 20 (the number Linux uses)
  OK    E_SPIPE = 29 (the number Linux uses)
  OK    E_PIPE = 32 (the number Linux uses)
== 2. build: the kernel, the libc and a program that measures it ==
  OK    crt.s assembles
  OK    firnc0: kernel linked and turned into a multiboot image
  OK    firnc0: 7 programs linked as standalone ELF64 files
  OK    firnc1: kernel linked and turned into a multiboot image
  OK    firnc1: 7 programs linked as standalone ELF64 files
  OK    not one program has an undefined symbol -- the libc is complete
  OK    programs carrying a host libc name: 0
  OK    the measuring program, against the 2135552 octets a file may hold: 57776
== 3. the disk image, and a file past the old ceiling ==
  OK    mkfs.py built an OFS image of 2048 blocks
