== 1. bauen: derselbe Kernel aus beiden Uebersetzern ==
  OK    firnc0: Kernel gebaut (1791408 Oktette)
  OK    firnc1: Kernel gebaut (4379956 Oktette)
== 2. die Speicherkarte von kdata: drei neue Bereiche ==
  OK    die Speicherkarte von kdata: 52 Bereiche in 0x60000 Oktetten kdata, 6 Vektoren, 0 Kollisionen
  OK    der Bereich MOUSE steht in der Karte
  OK    der Bereich WM steht in der Karte
  OK    der Bereich TTF steht in der Karte
  OK    mit WM_OFF auf 0x3C000 findet der Pruefer die Kollision mit FB
  OK    die Vektortabelle ist ueberschneidungsfrei (---- die Vektortabelle ---- 32 VEC_TIMER 33 VEC_KEYBOARD 44 VEC_NVME 45 VEC_NET 46 VEC_MOUSE 47 VEC_SPURIOUS 52 Bereiche in 0x60000 Oktetten kdata, 6 Vektoren, 0 Kollisionen )
  OK    mit VEC_MOUSE zurueck auf 44 findet der Pruefer die Kollision mit VEC_NVME
== 3. die Schriften: reproduzierbar aus DejaVu geschnitten ==
  OK    assets/osum-mono.ttf liegt im Baum (14604 Oktette)
  OK    assets/osum-sans.ttf liegt im Baum (18676 Oktette)
  OK    osum-mono.ttf entsteht Oktett fuer Oktett neu aus DejaVu Sans Mono
  OK    osum-sans.ttf entsteht Oktett fuer Oktett neu aus DejaVu Sans
        upm=2048 glyphen=96 asc=1901 desc=-483 gap=0 kern=220 tabellen=cmap,glyf,head,hhea,hmtx,kern,loca,maxp
  OK    die Antiqua traegt eine kern-Tabelle: 220 tabellen=cmap,glyf,head,hhea,hmtx,kern,loca,maxp
  OK    /bin/sh, /bin/echo und /bin/uname gebaut (148512 Oktette fuer die Shell)
  OK    mkfs.py baut ein Abbild mit beiden Schriften und der Shell
== 4. der Rasterer: Kernel gegen Wirt, Oktett fuer Oktett ==
  OK    der Kern beendet sich sauber: 21
  OK    der Kern gibt seine Glyphen aus
  OK    beide Rasterer sind sich einig (8 Glyphen, 462 Tintenpunkte: 0 abweichend)
  OK    gegen die Antiqua geht derselbe Vergleich NICHT auf
  OK    die Zusagen des Schriftlesers ueber sich selbst (mono): 12
  OK    dieselben fuer die Antiqua: 12
  OK    Zeichenpaare, die wirklich unterschnitten werden: 220
  OK    und die Festbreitenschrift hat keine (sie braucht keine): 0
== 5. das Zeigegeraet: PS/2 am zweiten Anschluss des 8042 ==
  OK    die Kennung nach dem Radgriff (3 = mit Rad, vier Oktette je Paket): 3
  OK    die Zusagen des Treibers ueber sich selbst: 10
== 6. der Fensterserver: Selbsttest und das Foto ==
  OK    der Kern beendet sich sauber: 21
  OK    der Kern haelt fuer das Foto still
  OK    die Zusagen des Fensterservers ueber sich selbst: 30
  OK    der Server kennt die Flaeche
  OK    das Terminalfenster hat ein Raster von 56x20 Zellen zu 10x19
  OK    zwei Fenster: das Terminal und die Anwendung aus Ring 3: 2
  OK    das Foto ist 800x600 (800 600)
  OK    der Rahmen des Fensters aus Ring 3 liegt bildpunktgenau (Rahmen 264x174 bei (420,330): 0 von 876 Kantenpunkten falsch, 0 Treffer eine Reihe daneben)
  OK    an der Ueberschneidung steht das OBERE Fenster (0 von 600 Bildpunkten falsch)
  OK    und NICHT die Flaeche des unteren (600 von 600 Bildpunkten falsch)
  OK    der Hintergrund neben den Fenstern gehoert dem Server (0 von 6400 Bildpunkten falsch)
  OK    der Eintrag der Umleitungstabelle fuer GSI 12: 0x2e (Vektor 46, nicht maskiert)
  OK    die Spitze des Zeigers steht in der Bildmitte (0 0 0)
  OK    und zwei Bildpunkte tiefer ist er weiss gefuellt (255 255 255)
== 7. der Text im Fenster, bildpunktgenau gegen den zweiten Rasterer ==
  OK    Zeile 0 des Terminalfensters (Zeile 0 ab Spalte 0: 23 Zeichen, 1413 Tintenpunkte, 0 falsch)
  OK    Zeile 1 des Terminalfensters (Zeile 1 ab Spalte 0: 28 Zeichen, 1463 Tintenpunkte, 0 falsch)
  OK    der Titel des Fensters aus Ring 3, mit Unterschneidung (9 Zeichen, 377 Tintenpunkte geprueft, 0 falsch)
  OK    der Titel des Terminalfensters, unbeleuchtet (12 Zeichen, 458 Tintenpunkte geprueft, 0 falsch)
  OK    der Text ist wirklich kantengeglaettet (1023 von 5600 Bildpunkten sind Zwischenstufen (mindestens 100))
  OK    wo kein Text steht, geht dieselbe Rechnung NICHT auf (Zeile 8 ab Spalte 0: 23 Zeichen, 1413 Tintenpunkte, 1413 falsch -- LEER: O S U M K 1 0 W I N D O W S E R V E R 0 1 2 3)
== 8. die Maus: Bewegung und Klick von aussen in die Maschine ==
  OK    der Kern beendet sich sauber: 21
  OK    der Zeiger landet waagerecht, wo er soll: 740
  OK    und senkrecht ebenso: 599
  OK    Pakete, die der Treiber zusammengesetzt hat: 15
  OK    und KEIN Oktett, das er wegwerfen musste: 0
  OK    der Klick kommt in Ring 3 an, mit den Koordinaten IM Fenster
  OK    der Fleck, den Ring 3 auf den Klick hin gemalt hat (0 von 64 Bildpunkten falsch)
  OK    und einen Bildpunkt daneben ist er nicht (48 80 112)
  OK    ohne Klick ist der Fleck NICHT da (64 von 64 Bildpunkten falsch)
  OK    und in Ring 3 kommt dann auch nichts an
  OK    ein Klick auf den Hintergrund kommt bei KEINEM Fenster an
  OK    der Zeiger stand dabei rechts unten, neben beiden Fenstern: 720
== 9. verschieben und schliessen -- mit der Maus ==
  OK    der Kern beendet sich sauber: 21
  OK    das Fenster steht nach dem Ziehen an der neuen Stelle (Rahmen 264x174 bei (300,210): 0 von 876 Kantenpunkten falsch, 0 Treffer eine Reihe daneben)
  OK    und an der alten NICHT mehr (Rahmen 264x174 bei (420,330): 872 von 876 Kantenpunkten falsch, 2 Treffer eine Reihe daneben)
  OK    der Titel ist mitgewandert, bildpunktgenau (9 Zeichen, 377 Tintenpunkte geprueft, 0 falsch)
  OK    der Zeiger steht auf dem Schliessfeld: 672
  OK    nach dem Klick auf das Schliessfeld bleibt EIN Fenster: 1
  OK    ohne den Klick bleiben es zwei: 2
  OK    der Rahmen des geschlossenen Fensters ist weg (Rahmen 264x174 bei (420,330): 872 von 876 Kantenpunkten falsch, 2 Treffer eine Reihe daneben)
  OK    wo das Fenster war, steht wieder der Hintergrund des Servers (0 von 2400 Bildpunkten falsch)
  OK    und wo es das Terminalfenster verdeckte, steht wieder dessen Flaeche (0 von 3000 Bildpunkten falsch)
== 10. der Eingabefokus ==
  OK    die vier Tasten kommen beim Fenster MIT dem Fokus an: 4
  OK    und beim anderen kommt KEINE an: 0
  OK    Ring 3 sieht das gedrueckte Zeichen
  OK    mit 'nofocus' bekommt das falsche Fenster sie AUCH: 4
  OK    und das richtige weiterhin: 4
  OK    und der Lauf sagt selbst, dass der Fokus aus ist
== 11. die Zeiten ==
   wmbench: compose full=8514 us  small=265 us  factor=3212
   wmbench: glyph cold=85394 us  warm=149 us  factor=57311 (je 95 Zn)
  OK    voller Bildaufbau des Servers (us): 8514
  OK    nur der Bereich eines Zeigers (us): 265
  OK    und der ist DEUTLICH billiger (Faktor mal 100): 3212
  OK    95 Glyphen frisch gerastert (us): 85394
  OK    dieselben aus dem Zwischenspeicher (us): 149
  OK    und der Speicher lohnt sich (Faktor mal 100): 57311
        ohne Bereichsverfolgung: full=8767 us  small=8427 us
  OK    mit 'nodirty' kostet der kleine Bereich das Vielfache (8427 statt 265 us)
  OK    und der Lauf sagt selbst, dass sie aus ist
== 12. die Shell im Terminalfenster ==
  OK    der Kern beendet sich sauber: 21
  OK    die Shell von der Platte ist gestartet
  OK    die Shell hat geschrieben (seriell)
  OK    und sich sauber beendet: 0
  OK    die Kopfzeile des Terminalfensters steht im Bild (Zeile 0 ab Spalte 0: 23 Zeichen, 1413 Tintenpunkte, 0 falsch)
  OK    die Ausgabe der Shell steht bildpunktgenau in Zeile 9 des Fensters (Zeile 9 ab Spalte 0: 13 Zeichen, 588 Tintenpunkte, 0 falsch)
== 13. DIE GEGENPROBEN: ohne 'wm' aendert sich nichts ==
  OK    der Kern beendet sich sauber: 21
  OK    ohne das Wort 'wm' faengt der Server gar nicht an
  OK    kein Zeichensatz wird gelesen
  OK    kein Zeigegeraet wird aufgesetzt
  OK    und kein Fenster in Ring 3
  OK    die Textkonsole aus Runde K7 spiegelt wie vorher
  OK    mit 'nomouse' gibt es kein Zeigegeraet
  OK    und der Server malt keinen
  OK    im Bild steht an der Zeigerstelle KEIN Zeiger (16 20 26)
  OK    das Terminalfenster steht trotzdem da (Zeile 0 ab Spalte 0: 23 Zeichen, 1413 Tintenpunkte, 0 falsch)
  OK    mit 'nompoll' traegt IRQ 12 ALLEIN dieselben Pakete: 15
  OK    und der Zeiger landet an derselben Stelle: 740
  OK    abgefragt wurde dabei kein einziges Mal: 0
  OK    auch der Klick kommt ueber die Unterbrechung allein an
        im Regellauf: irqs=31  davon leer=16  abgefragt=45
  OK    im Regellauf kommen Oktette auf BEIDEN Wegen an (Unterbrechungen): 31

WM: 103 passed, 0 failed
