== 1. Quelltext ==
  OK    wlib kennt K_DROP
  OK    on_up feuert K_DROP
  OK    wlib hat drop_an (ein Fenster meldet sich als Ziel an)
  OK    der Dateimanager meldet sich als Ablegeziel an
  OK    der Dateimanager hat eine Ablegefunktion
  OK    abgelegt wird ueber expakt.einfuegen (also io.rename)
  OK    explorer.fi fasst keine Datei selbst an
  OK    Gegenprobe: kein wlibc.drag_take im Dateimanager
== 2. bauen ==
  OK    Kern und Programme uebersetzen
== 3. der Lauf ==
  OK    der Dateimanager ist hochgekommen
  OK    jedes ziehvon hat seine zwei Rechtecke gefunden
== 4. Punkt 1: die Naht ==
  OK    wlib meldet das Ablegen (K_DROP)
  OK    Punkt 1: 3 Ablegungen gemeldet
== 5. Punkt 2 und 5: die Tat und der Leerlauf ==
  OK    Punkt 2: alpha.txt wurde auf /data/bilder abgelegt
  OK    Punkt 5: das Ablegen im selben Ordner wurde als 'gleich' erkannt
  OK    Punkt 5: kein Dialog beim Ablegen im selben Ordner
  OK    Punkt 2: das Ablegen meldete rc=0
== 6. die Platte (vom Wirt gelesen) ==
  OK    die Inode von /data/alpha.txt vor dem Lauf: 105
weg /data/alpha.txt
da /data/bilder/alpha.txt ino=105 size=5
da /data/notizen ino=114 size=792
da /data/beta.txt ino=106 size=9
inode gleich 105
inhalt ok eins
  OK    Punkt 2: alpha.txt liegt in /data/bilder
  OK    Punkt 2: alpha.txt ist nicht mehr in /data
  OK    Punkt 3: dieselbe Inodenummer -- umgehaengt, nicht kopiert
  OK    Punkt 3: der Inhalt ist unveraendert ('eins')
  OK    Punkt 5: notizen liegt unveraendert in /data
== 7. die Gegenprobe: ohne drop_an meldet wlib nichts ==
  OK    Gegenprobe greift: die Zeile 'wlib.drop_an(true)' ist da
  OK    Gegenprobe: die Anmeldung ist auf false gesetzt
  OK    Gegenprobe: der Bau ohne drop_an laeuft durch
  OK    Gegenprobe: der Dateimanager kam auch ohne drop_an hoch
  OK    GEGENPROBE: ohne drop_an meldet wlib kein Ablegen
  OK    GEGENPROBE: ohne drop_an legt der Dateimanager nichts ab
  OK    GEGENPROBE: alpha.txt blieb in /data
  OK    der Quelltext ist wiederhergestellt
== 8. die Bilder ==
  OK    4 Aufnahmen entstanden

================= CLIP-2 =================
  gruen 32   rot 0
  Ablage: /tmp/tmp.HYzQRMrTkT
