accel: kvm (/dev/kvm ist da)

== 0. bauen -- Kern UND Abbild aus DEMSELBEN Baum
  [ ok ] Kern gebaut (5060376 Oktette)
  [ ok ] Wurzelabbild gebaut (33554432 Oktette)
  [ ok ] /bin/installer liegt im Abbild
  [ ok ] das Buendel liegt im Abbild (steht im Menue)
  [ ok ] leere Zielplatte, 320 MiB

== 1.-3. vom Stick starten, das Fenster zeigen, installieren
  [ ok ] das Installationsfenster steht (Bild: 29 % Tinte)
  [ ok ] das Fenster meldet 6 Bedienelemente
  [ ok ] die Platte wurde gefunden und aufgelistet
  [ ok ] die Installation meldet sich fertig
  [ ok ] die EFI-Partition wurde aus dem Ziel gebaut: /dev/hda1
        Schritte auf der Leitung: 1 2 3 4 5 
  [ ok ] alle fuenf Schritte gemeldet

== 4. die Maschine aus
  [ ok ] die Maschine ist aus

== 4b. was der Wirt auf der Platte findet
  [ ok ] eine EFI-Partition steht in der Tafel
  [ ok ] die Wurzelpartition steht in der Tafel
  [ ok ] der Bootlader liegt auf der EFI-Partition
  [ ok ] der Kern liegt auf der EFI-Partition
  [ ok ] die Startdatei liegt daneben

== 5. VON DER PLATTE starten -- ohne Stick, ohne Modul
  [ ok ] die Platte startet und laeuft (ein Schreibtisch endet nicht von selbst)
  [ ok ] BILD: der Schreibtisch von der Platte (65 % Tinte)
  [ ok ] der Kern findet seine Wurzel auf der Platte: rootpart=1  first=72048  blocks=583279
  [ ok ] die Wurzel ist eingehaengt
  [ ok ] der Schreibtisch startet von der Platte
  [ ok ] GEGENPROBE: 'from module' kommt nicht vor -- es war kein Stick im Spiel

== 6. eine Datei anlegen -- auf der Platte
  [ ok ] der Schreiblauf ist durchgelaufen
  [ ok ] die Datei wurde angelegt und gelesen

== 7. NEU STARTEN -- und die Datei muss noch da sein
  [ ok ] der zweite Start ist durchgelaufen
  [ ok ] DIE DATEI HAT DEN NEUSTART UEBERLEBT -- das ist der Punkt der Runde

== 7b. O-009: was in /etc/jarvis liegt, bleibt auch dort
  [ ok ] der Schluessel liegt in /etc/jarvis auf der Platte
  [ ok ] O-009: er ist nach dem Neustart NOCH DA -- kein zweites Koppeln noetig

== 8. GEGENPROBE -- eine kaputte Wurzel darf NICHT starten
Superblock bei Sektor 72048 gekippt
  [ ok ] GEGENPROBE: die kaputte Wurzel wird NICHT eingehaengt

===========================================================
ABNAHME P-001:  30 gruen, 0 rot
Bilder: /tmp/abnahme/bilder
===========================================================
