== 1. build: a kernel, and a userland of twenty-five programs ==
  OK    firnc0: the kernel and 28 standalone programs are built
  OK    firnc1: the same, out of the compiler written in Firn
  OK    no program has an undefined symbol (no libc, no kernel, no runtime)
  OK    the biggest program, against the 2135552 octets a file may hold: 287288
  FAIL  the whole userland in octets, against the 2097152 of the drive: 2097416, expected lt 1997152
== 2. the image: the programs, the fixtures and the scripts ==
  OK    mkfs.py built an image of 4096 blocks with the whole userland on it
  OK    programs in /bin according to the host: 28
== 3. the transcripts: what the shell really said ==
  OK    t1: the transcript is exactly what it should be (27 lines)
  OK    t1: not one exception in the run
  OK    t1: no checked-arithmetic panic
  OK    t1: every frame of every program came back (31420 free)
  OK    t2: the transcript is exactly what it should be (16 lines)
  OK    t2: not one exception in the run
  OK    t2: no checked-arithmetic panic
  OK    t2: every frame of every program came back (31420 free)
  OK    t3: the transcript is exactly what it should be (19 lines)
  OK    t3: not one exception in the run
  OK    t3: no checked-arithmetic panic
  OK    t3: every frame of every program came back (31420 free)
  OK    t4: the transcript is exactly what it should be (20 lines)
  OK    t4: not one exception in the run
  OK    t4: no checked-arithmetic panic
  OK    t4: every frame of every program came back (31420 free)
  OK    t5: the transcript is exactly what it should be (3 lines)
  OK    t5: not one exception in the run
  OK    t5: no checked-arithmetic panic
  OK    t5: every frame of every program came back (31420 free)
  OK    t6: the transcript is exactly what it should be (6 lines)
  OK    t6: not one exception in the run
  OK    t6: no checked-arithmetic panic
  OK    t6: every frame of every program came back (31420 free)
  OK    t8: the transcript is exactly what it should be (13 lines)
  OK    t8: not one exception in the run
  OK    t8: no checked-arithmetic panic
  OK    t8: every frame of every program came back (31420 free)
== 4. how many programs one script really starts ==
  OK    programs loaded off the disk in the first case alone: 17
  OK    programs loaded off the disk in the pipe case: 27
== 5. the disk after the run, read by the HOST ==
  OK    the file 'cp' wrote into the new directory is in the image
  OK    and the three files 'rm' took away are gone
  OK    including the one 'mv' had renamed
  OK    a file the shell wrote with '>' is in the image
  OK    and nothing else on the image was harmed
  OK    the file of the redirection case is on the disk
  OK    and so is the directory the shell makes for its pipes
  OK    'echo -n short > /out.txt' wrote exactly five octets: 5
== 6. the programs that ask the kernel about itself ==
  OK    the case with ps, df, date and kill in it ends by itself (exit 21)
  OK    uname says what the system is called
  OK    uname -a says the round out of the KERNEL
  OK    df counts the blocks of the drive the host built
  OK    df counts the inodes
  OK    date reads the CMOS clock of the machine
  OK    date -u reads the timer instead
  FAIL  ps prints its table -- nothing matches /^  PID PPID STATE   KIND   PRIO TICKS$/
  FAIL  and a line of it is the running process itself -- nothing matches /^ +[0-9]+ +[0-9]+ (run|ready|sleep|wait) +user +[0-9]+ +[0-9]+$/
  OK    the idle task is in the table
  OK    sleep ends with 0
  OK    a background job says which job it is and which pid
  OK    and 'kill $!' really ended it: wait picks up 137 = 128 + 9
  OK    ls -l says how big a file is
  OK    and that the empty one is empty
  OK    a killed process gave its frames back as well (31420 free)
== 7. the same shell over the console, the way round K1 drives it ==
  OK    the console run ends by itself (exit 21)
  OK    the interactive shell says it is ready, as in round K1
  OK    it echoes the line it read
  OK    and the program printed its arguments
  OK    the exit code of a program is reported after it
  OK    and 'cat' came back with 0
  OK    'wc -c < /c.txt' counted the two octets 'x' and newline
  OK    a pipe works over the console as well
  OK    and $? is the 1 that /bin/false really returned
  OK    'exit' ends the shell
  OK    and the kernel gets to the end
== 8. the counter-check: the shell writes into a FILE, not to the port ==
  OK    without a redirection the line is on the serial port
  OK    COUNTER-CHECK: with '> /v.txt' the port stays quiet -- descriptor 1 really moved
  OK    and the octets are in the file instead
  OK    the file holds the seven octets of 'visible' and a newline: 8
== 9. the same userland out of the other compiler ==
  FAIL  mkfs for the firnc1 image failed
        mkfs: the disk is full
cp: cannot stat '/tmp/tmp.TtxyhwiC01/disk1.img': No such file or directory
cp: cannot stat '/tmp/tmp.TtxyhwiC01/live-f1t1.img': No such file or directory
  FAIL  firnc1/t1: QEMU exit code 1, expected 21
cp: cannot stat '/tmp/tmp.TtxyhwiC01/disk1.img': No such file or directory
cp: cannot stat '/tmp/tmp.TtxyhwiC01/live-f1t2.img': No such file or directory
  FAIL  firnc1/t2: QEMU exit code 1, expected 21
cp: cannot stat '/tmp/tmp.TtxyhwiC01/disk1.img': No such file or directory
cp: cannot stat '/tmp/tmp.TtxyhwiC01/live-f1t3.img': No such file or directory
  FAIL  firnc1/t3: QEMU exit code 1, expected 21
cp: cannot stat '/tmp/tmp.TtxyhwiC01/disk1.img': No such file or directory
cp: cannot stat '/tmp/tmp.TtxyhwiC01/live-f1t4.img': No such file or directory
  FAIL  firnc1/t4: QEMU exit code 1, expected 21
== 10. and round K1 still holds ==
  OK    round K1: the banner
  OK    round K1: argc/argv arrive unchanged
  OK    round K1: the argument block of a program off the disk
  OK    round K1: the loader still zeroes the .bss
  OK    round K1: an unknown command is -ENOENT
  OK    round K1: 'exit' ends the shell
== 11. the line editor on a REAL keyboard ==
  OK    the interactive run ends by itself (exit 21) -- a quiet console is the end of the input
  OK    keys that arrived over IRQ1 (l, s, return, up, return): 5
  OK    THE UP ARROW FETCHED THE LINE BACK: two listings out of one typed 'ls'
  OK    and the shell ended when the keyboard went quiet

USERLAND: 83 passed, 8 failed
