== 1. building: the kernel out of both compilers, and the programs ==
  OK    firnc0: the kernel with kernel/netview.fi in it builds (1777516 octets)
  OK    firnc1: the kernel with kernel/netview.fi in it builds (4346944 octets)
  OK    firnc0: 9 programs, /bin/netview and /bin/nvcheck among them
  OK    firnc1: 9 programs, /bin/netview and /bin/nvcheck among them
  OK    mkfs.py: an image with /bin/netview and /bin/nvcheck on it
  OK    tools/net/bruecke.c: the wire of round K8 is built
== 2. the four views, in ONE boot, against a real Linux server ==
   real -- the wire, unchanged
  OK    real: the view the process reports: 0
  OK    real: connect answered: 0
  OK    real: the HTTP status of the python server: 200
  OK    real: octets of BODY (the page the server sent): 46
  OK    real: octets in total, header and body: 184
  OK    real: connect took 11233 us over the veth
   none -- the cable is pulled
  OK    none: the view the process reports: 3
  OK    none: the network reports itself as down: 0
  OK    none: connect said -ENETUNREACH: 1000101
  OK    none: octets of body: 0
  OK    none: and it said so IN MICROSECONDS, not after a timeout: 322
   faked -- a network that leads nowhere
  OK    faked: the view the process reports: 2
  OK    faked: the network reports itself as UP: 1
  OK    faked: the address it believes it has (198.51.100.2, TEST-NET-2): 3325256706
  OK    faked: connect SUCCEEDED: 0
  OK    faked: and the reachability check got 204 No Content: 204
  OK    faked: the BODY is EMPTY -- nothing was loaded: 0
  OK    faked: and yet a well-formed header DID arrive (octets): 87
  OK    faked: a name resolved to 198.51.100.80: 3325256784
  OK    faked: connect, in microseconds: 435
  OK    faked: reading the answer, in microseconds: 925
  OK    faked: the WHOLE exchange, in microseconds: 3840
   filtered -- the list, and only the list
  OK    filtered: the view the process reports: 1
  OK    filtered, target ON the list: connect went to the real server: 0
  OK    filtered, target ON the list: the real status: 200
  OK    filtered, target ON the list: the real body: 46
  OK    filtered, target NOT on the list: connect still succeeded (it is faked): 0
  OK    filtered, target NOT on the list: 204 and not 200: 204
  OK    filtered, target NOT on the list: the body is empty: 0
  OK    not one exception in the whole run
  OK    and no checked-arithmetic panic
== 3. THE MEASUREMENT OF THE ROUND: not one octet on the wire ==
  OK    faked, with no wire at all: connect STILL succeeded: 0
  OK    faked, with no wire at all: still 204: 204
  OK    faked: octets the program offered and the kernel threw away: 116
  OK    faked: faked connections opened: 2
  OK    OCTETS THAT LEFT THE MACHINE (virtio.tx_frame): 0
   the control: the SAME image, the SAME wire, the word 'faked' left out
  OK    real, with nobody on the other end: octets that left the machine: 546
  OK    real: nothing was thrown away, because nothing was faked: 0
  OK    real: no faked connection was opened: 0
== 4. two processes, two views, at the same time ==
  OK    at the same time: the faked process reports view 2: 2
  OK    at the same time: the real process reports view 0: 0
  OK    the faked one got 204 out of the kernel: 204
  OK    the real one got 200 out of the python server: 200
  OK    the faked one loaded nothing: 0
  OK    the real one loaded the page: 46
  OK    and the python server, which counts, saw EXACTLY ONE of the two: 1
  OK    /bin/ps has a NET column

NETVIEW: 53 passed, 0 failed
