== 1. build: the kernel with virtio.fi, inet.fi and netsvc.fi ==
  OK    firnc0: kernel + 6 programs of the userland
  OK    firnc1: the same, out of the compiler written in Firn
  OK    k0.o: no undefined name other than osum_panic and kdata
  OK    k0.o: no syscall in the kernel's own code
  OK    k1.o: no undefined name other than osum_panic and kdata
  OK    k1.o: no syscall in the kernel's own code
  OK    no copy of the TCP/IP stack in this repository (vendor/net/HERKUNFT.md)
  OK    the stack of round K3 is really linked into the kernel (symbols): 3
  OK    tools/net/bruecke.c: the UDP/AF_PACKET wire is built
  OK    mkfs.py: an image with /bin/ping and /bin/wget on it
== 2. the card on the bus, and the driver on the card ==
  OK    PCI finds a virtio network card (1af4:1000)
  OK    its modern BAR is 16 KiB, determined by sizing -- not read out of a table
  OK    the card is class 02:00 (ethernet)
  OK    the capability list says MSI-X
  OK    virtio 1.0 negotiated: VERSION_1 + MAC + STATUS, 64 descriptors, MSI-X, bus master
  OK    the Ethernet address was READ OUT OF THE DEVICE and is the one QEMU was given
  OK    the stack of round K3 stands, with the address off the command line
  OK    the network task exists: 2
== 3. ICMP: the Linux kernel pings Osum ==
  OK    ping -c 10 from the Linux kernel: answers: 10
  OK    round trip, average: 6.576 ms (QEMU without KVM, netd at 100 Hz)
  OK    Linux learned Osum's hardware address by ARP and put it in its table
  OK    ICMP messages the stack counted: 10
  OK    interrupts the card really raised (MSI-X): 25
   counter-check: the SAME kernel image, without the word 'nic'
  OK    without the driver every one of the four is lost: 100
  OK    and the kernel says why: the card was never touched
== 4. TCP, Linux -> Osum: one megaoctet through nc ==
  OK    octets that arrived in Osum: 1048576
  OK    frames the card received: 732
  OK    segments with a bad checksum: 0
  OK    retransmissions on a clean wire: 0
  OK    frames the driver had to drop (ring full): 0
  OK    throughput Linux -> Osum: 5943 KiB/s (1 MiB in 172299 us, QEMU/TCG, no KVM)
   counter-check: the same run without the driver
  OK    nc cannot even open the connection (exit 1)
  OK    and no octet was counted
   counter-check: nicnobm -- the card may answer, but not fetch
  OK    the bus master bit really is off
  OK    without bus master nothing is answered: 100
== 5. TCP both ways: 256 KiB through the echo, md5 against md5 ==
  OK    octets in: 262144
  OK    octets back out: 262144
  OK    what came back is what went in, octet for octet (md5 20c4ee01f76c44b3b65e810a8a62cd78)
  OK    throughput through the echo: 1553 KiB/s (every frame handled twice)
== 6. HTTP: curl on the host, the server in Osum ==
  OK    curl finished without an error of its own
  OK    curl accepted the status line
  OK    the header curl parsed says 40 octets
  OK    and the body arrived
  OK    lines curl got back: 6
== 7. the other direction: Osum opens the connection ITSELF ==
  OK    the handshake Osum began came up: 1
  OK    octets Osum sent: 262144
  OK    octets that came back: 262144
  OK    octets that were WRONG: 0
  OK    the python server on the host saw the same number
  OK    and it saw the connection come from 10.9.0.2 with an ephemeral port
== 8. UDP, both ways ==
  OK    datagrams of 1400 octets that came back REVERSED (not merely echoed): 5
  OK    datagrams the stack counted: 5
== 9. tc netem: one frame in five thrown away ==
  OK    through 20 % loss: octets that arrived, all of them in order: 262144
  OK    segments the stack had to reassemble out of order: 115
  OK    throughput through 20 % loss: 88 KiB/s (clean wire: 5943 KiB/s)
   the OTHER direction: the loss is now on what OSUM sends
  OK    through 10 % loss on the way out: octets that were wrong: 0
  OK    and all of them arrived: 65536
  OK    losses Osum had to recover from (timer 1 + duplicate acks 7): 8
  OK    of them on three duplicate acknowledgements, without waiting for the timer: 7
  OK    the python server on the host received every octet exactly once
== 10. counter-check: the vector masked, and the pin instead ==
  OK    the message vector really is masked
  OK    with the interrupt masked the octets STILL arrive (the task polls the ring): 262144
  OK    and not one interrupt was delivered: 0
  OK    the same card, driven over its interrupt PIN through the I/O APIC
  OK    over the pin: octets that arrived: 262144
  OK    over the pin: interrupts delivered: 24
== 11. ring 3: /bin/ping and /bin/wget, off the disk ==
  OK    /bin/ping started and said what it was going to do
  OK    answers /bin/ping got, in ring 3, over socket(AF_INET, SOCK_DGRAM, IPPROTO_ICMP): 3
  OK    and it lost none of them
  OK    /bin/wget opened a TCP connection out of ring 3
  OK    it parsed the status line of a real python HTTP server
  OK    and printed the body it fetched
  OK    the body is the 46 octets the server said it would be
  OK    not one exception in the whole run
  OK    and no checked-arithmetic panic -- the sequence numbers wrap with +%

NET: 75 passed, 0 failed
