===== bios-ide
   hwdiag: firmware=BIOS  vgarom=0xc0000  smbios=0xf59f0  rsdp=0xf59d0
   hwdiag: cpu brand=AMD EPYC 7571 32-Core Processor                
   hwdiag: fb 1280x800  bpp=32  pitch=5120  src=multiboot  phys=0xfd000000  cols/rows=160/50
   hwdiag: pci 00:00.0 8086:1237  class=06 sub=00 prog=00
   hwdiag: pci 00:01.0 8086:7000  class=06 sub=01 prog=00
   hwdiag: pci 00:01.1 8086:7010  class=01 sub=01 prog=80
   hwdiag: pci 00:01.3 8086:7113  class=06 sub=80 prog=00
   hwdiag: pci 00:02.0 1234:1111  class=03 sub=00 prog=00
   hwdiag: pci 00:03.0 8086:100e  class=02 sub=00 prog=00
   hwdiag: disk IDE    bdf=0x9 8086:7010
   hwdiag: net -- was netdev daraus macht:
   netdev: c0=e1000 bdf=0x18  vec=45
   netdev: bestand 00:03.0 8086:100e 82540EM (1G) -> e1000
   netdev: bestand 1 geraete, 1 mit treiber, 0 ohne
===== uefi-ahci
   hwdiag: firmware=UEFI  vgarom=nein  smbios=nein  rsdp=nein
   hwdiag: cpu brand=AMD EPYC 7571 32-Core Processor                
   hwdiag: fb 1280x800  bpp=32  pitch=5120  src=multiboot  phys=0x80000000  cols/rows=160/50
   hwdiag: pci 00:00.0 8086:1237  class=06 sub=00 prog=00
   hwdiag: pci 00:01.0 8086:7000  class=06 sub=01 prog=00
   hwdiag: pci 00:01.1 8086:7010  class=01 sub=01 prog=80
   hwdiag: pci 00:01.3 8086:7113  class=06 sub=80 prog=00
   hwdiag: pci 00:02.0 1234:1111  class=03 sub=00 prog=00
   hwdiag: pci 00:03.0 8086:100e  class=02 sub=00 prog=00
   hwdiag: pci 00:04.0 8086:2922  class=01 sub=06 prog=01
   hwdiag: disk IDE    bdf=0x9 8086:7010
   hwdiag: disk AHCI   bdf=0x20 8086:2922
   hwdiag: net -- was netdev daraus macht:
   netdev: c0=e1000 bdf=0x18  vec=45
===== uefi-nvme
   hwdiag: firmware=UEFI  vgarom=nein  smbios=nein  rsdp=nein
   hwdiag: cpu brand=AMD EPYC 7571 32-Core Processor                
   hwdiag: fb 1280x800  bpp=32  pitch=5120  src=multiboot  phys=0x80000000  cols/rows=160/50
   hwdiag: pci 00:00.0 8086:1237  class=06 sub=00 prog=00
   hwdiag: pci 00:01.0 8086:7000  class=06 sub=01 prog=00
   hwdiag: pci 00:01.1 8086:7010  class=01 sub=01 prog=80
   hwdiag: pci 00:01.3 8086:7113  class=06 sub=80 prog=00
   hwdiag: pci 00:02.0 1234:1111  class=03 sub=00 prog=00
   hwdiag: pci 00:03.0 8086:100e  class=02 sub=00 prog=00
   hwdiag: pci 00:04.0 1b36:0010  class=01 sub=08 prog=02
   hwdiag: disk IDE    bdf=0x9 8086:7010
   hwdiag: disk NVMe   bdf=0x20 1b36:0010
   hwdiag: net -- was netdev daraus macht:
   netdev: c0=e1000 bdf=0x18  vec=45
===== bios-nvme2
   hwdiag: firmware=BIOS  vgarom=0xc0000  smbios=0xf59e0  rsdp=0xf59c0
   hwdiag: cpu brand=AMD EPYC 7571 32-Core Processor                
   hwdiag: fb 1280x800  bpp=32  pitch=5120  src=multiboot  phys=0xfd000000  cols/rows=160/50
   hwdiag: pci 00:00.0 8086:1237  class=06 sub=00 prog=00
   hwdiag: pci 00:01.0 8086:7000  class=06 sub=01 prog=00
   hwdiag: pci 00:01.1 8086:7010  class=01 sub=01 prog=80
   hwdiag: pci 00:01.3 8086:7113  class=06 sub=80 prog=00
   hwdiag: pci 00:02.0 1234:1111  class=03 sub=00 prog=00
   hwdiag: pci 00:03.0 8086:100e  class=02 sub=00 prog=00
   hwdiag: pci 00:04.0 1b36:0010  class=01 sub=08 prog=02
   hwdiag: disk IDE    bdf=0x9 8086:7010
   hwdiag: disk NVMe   bdf=0x20 1b36:0010
   hwdiag: net -- was netdev daraus macht:
   netdev: c0=e1000 bdf=0x18  vec=45
===== bios-e1000
   hwdiag: firmware=BIOS  vgarom=0xc0000  smbios=0xf59e0  rsdp=0xf59c0
   hwdiag: cpu brand=AMD EPYC 7571 32-Core Processor                
   hwdiag: fb 1280x800  bpp=32  pitch=5120  src=multiboot  phys=0xfd000000  cols/rows=160/50
   hwdiag: pci 00:00.0 8086:1237  class=06 sub=00 prog=00
   hwdiag: pci 00:01.0 8086:7000  class=06 sub=01 prog=00
   hwdiag: pci 00:01.1 8086:7010  class=01 sub=01 prog=80
   hwdiag: pci 00:01.3 8086:7113  class=06 sub=80 prog=00
   hwdiag: pci 00:02.0 1234:1111  class=03 sub=00 prog=00
   hwdiag: pci 00:03.0 8086:100e  class=02 sub=00 prog=00
   hwdiag: pci 00:04.0 8086:100e  class=02 sub=00 prog=00
   hwdiag: disk IDE    bdf=0x9 8086:7010
   hwdiag: net -- was netdev daraus macht:
   netdev: c0=e1000 bdf=0x18  vec=45
   netdev: c1=e1000 bdf=0x20  vec=46
===== bios-rtl
   hwdiag: firmware=BIOS  vgarom=0xc0000  smbios=0xf59e0  rsdp=0xf59c0
   hwdiag: cpu brand=AMD EPYC 7571 32-Core Processor                
   hwdiag: fb 1280x800  bpp=32  pitch=5120  src=multiboot  phys=0xfd000000  cols/rows=160/50
   hwdiag: pci 00:00.0 8086:1237  class=06 sub=00 prog=00
   hwdiag: pci 00:01.0 8086:7000  class=06 sub=01 prog=00
   hwdiag: pci 00:01.1 8086:7010  class=01 sub=01 prog=80
   hwdiag: pci 00:01.3 8086:7113  class=06 sub=80 prog=00
   hwdiag: pci 00:02.0 1234:1111  class=03 sub=00 prog=00
   hwdiag: pci 00:03.0 8086:100e  class=02 sub=00 prog=00
   hwdiag: pci 00:04.0 10ec:8139  class=02 sub=00 prog=00
   hwdiag: disk IDE    bdf=0x9 8086:7010
   hwdiag: net -- was netdev daraus macht:
   netdev: c0=e1000 bdf=0x18  vec=45
   netdev: c1=r8169 bdf=0x20  vec=46
===== fertig
