accel: kvm (/dev/kvm ist da)
== 1. der Bau: /bin/ota, /bin/fetch und ein Abbild, in dem beide liegen ==
  OK    der festgenagelte Uebersetzer (a751b3db)
  OK    kernel/user/ota.fi baut (1784 Zeilen, profile kernel, keine Halde)
  OK    kernel/app/fetch.fi baut mit Range/Wiederaufnahme (791 Zeilen)
  OK    zwei signierte Quellen (Fassung 1 und 2)
  OK    Fassung 3 -- sauber signiert und kommt NICHT hoch
  OK    die Zertifikate, gemacht mit Pythons cryptography und nicht mit diesem Repo
  OK    sechs Quellen fuers Netz: 7 Stueck
  OK    jede Signatur wurde von einer FREMDEN Umsetzung nachgeprueft (libsodium/cryptography)
  OK    die zweite Meinung war wirklich da
  OK    ein VERZEICHNIS ist 132 Oktett, ein Paket 34291
  OK    die Gegenstelle laeuft auf 127.0.0.1:18856
  OK    curl gegen die Gegenstelle (Code, Kettenpruefung): 200 0
  OK    die Gegenstelle kann Range (206): 206
  OK    das Abbild ( apps 1 Stueck (717256 Oktette))
  OK    der Wurzelspeicher liegt im Abbild
  OK    /bin/fetch 717256 Oktett (TLS 1.3, X.509, RSA, ECDSA), /bin/ota 146248 Oktett
  OK    die Installation auf die leere Platte: 21
  OK    der Installer meldet sich fertig
  OK    Ausgangslage: Fassung 1 laeuft
  OK    und ist bestaetigt

== 2. der gute Weg, Ende zu Ende: suchen, holen, pruefen, einspielen ==
  OK    die Maschine kommt hoch: 21
  OK    vorher steht hier Fassung 0 (frisch installiert)
  OK    die Kette des Servers wurde GEPRUEFT und nicht geglaubt
  OK    die Quelle bietet Fassung 2
  OK    und das wird gemeldet
  OK    mit Namen und Fassung des Pakets
  OK    SUCHEN INSTALLIERT NICHTS
  OK    einspielen: die Maschine kommt hoch: 21
  OK    der Streuwert des GELADENEN Pakets stimmt
  OK    opk prueft die Signatur ein ZWEITES Mal, mit eigenem Code
  OK    und installiert
  OK    die neue Generation steht in ERPROBUNG, Rueckfall waere 0
  OK    und der Neustart wird ANGEBOTEN
  OK    ES WIRD NICHT VON SELBST NEU GESTARTET
  OK    der Neustart: 21
  OK    der Kern zaehlt den Erprobungsversuch
  OK    DIE NEUE FASSUNG LAEUFT
  OK    und wird bestaetigt
  OK    der Fassungszaehler steht jetzt auf 2
  OK    beim naechsten Start ist nichts mehr in Erprobung
  OK    und es bleibt bei der neuen Fassung

== 3. die Ablehnungen -- und nach jeder wird nachgesehen ==
        hallo 1.0.0 im Store = a6e3c3ac374dd42f
  OK    (a) das VERZEICHNIS stimmt -- ota laesst es durch
  OK    (a) und opk faengt die falsche PAKETSIGNATUR
  OK    (a) es wird NICHTS installiert
  OK    (a) die laufende Fassung ist unveraendert
  OK    (a) es entsteht KEINE zweite Generation
  OK    (a) und der Fassungszaehler steht noch auf 0
  OK    (a2) ein fremd signiertes VERZEICHNIS wird abgelehnt
  OK    (a2) und nicht einmal die Fassungsnummer daraus wird gelesen
  OK    (a2) es wird nichts installiert
  OK    (a2) es entsteht keine Generation
  OK    (g) die Signatur ueber das VERZEICHNIS ist GUELTIG
  OK    (g) und trotzdem wird abgelehnt -- die Kette wird an JEDEM Glied geprueft
  OK    (g) es wird nichts installiert
  OK    (g) es entsteht keine Generation
  OK    (b) auf dem Geraet steht Fassung 2
  OK    (b) angeboten wird Fassung 1 -- richtig signiert
  OK    (b) DER RUECKSCHRITTSSCHUTZ GREIFT
  OK    (b) es wird nichts installiert
  OK    (b) es wird nicht einmal ein Paket geholt
  OK    (b) GEGENPROBE: dieselbe Quelle wird angenommen, wenn hier 0 steht
  OK    (b) der Schutz schlaegt also nicht immer zu
  OK    (c) die Gegenstelle hat die Verbindung wirklich abgerissen (RST nach 9000 Oktett)
  OK    (c) im abgebrochenen Lauf wird nichts installiert
  OK    (c) DANACH kommt die Maschine hoch: 21
  OK    (c) und die alte Fassung laeuft
  OK    (c) der Store nennt genau den alten Streuwert
  OK    (c) es entstand keine zweite Generation
  OK    (c) der Fassungszaehler ist unveraendert
  OK    (c) der erste Versuch scheitert
  OK    (c) die Gegenstelle hat den Rumpf wirklich abgeschnitten
  OK    (c) der zweite Versuch findet das Bruchstueck und setzt dort an
  OK    (c) und bekommt das Paket vollstaendig
  OK    (c) es wird eingespielt
  OK    (c) WIEDERAUFGENOMMEN: die Gegenstelle hat 206 Partial Content geliefert
  OK    (f) die Maschine kommt hoch: 21
  OK    (f) es reicht nicht, und ota bricht SAUBER ab
  OK    (f) es wird nichts installiert
  OK    (f) es entsteht keine Generation
  OK    (f) die laufende Fassung ist unveraendert
  OK    (f) der Fassungszaehler ist unveraendert
  OK    (f) und das Paket wurde NICHT EINMAL GEHOLT -- geprueft wurde vorher
  OK    (f) GEGENPROBE: das kleine Update geht auf derselben Platte durch
  OK    (f) der Platzwaechter schlaegt also nicht immer zu
  OK    die Einstellungsseite zeigt, wie das Geraet eingestellt ist
  OK    mit der Quelle
  OK    und sie laesst sich umstellen
  OK    die neue Zahl steht danach wirklich da
  OK    und der Schalter fuer die automatische Suche auch
  OK    ein unbekannter Schluessel wird abgelehnt
  OK    und der Dienst nimmt den eingestellten Abstand
  OK    GEGENPROBE: mit auto=nein sucht der Dienst gar nicht

== 4. (d) das Update, das NICHT hochkommt -- 10 volle Durchlaeufe ==
  OK    (d) Durchlaeufe, in denen das Geraet sich SELBST gerettet hat: 10
  OK    (d) GEGENPROBE: das gute Update laeuft
  OK    (d) GEGENPROBE: auch nach vier Starts laeuft noch die NEUE Fassung
  OK    (d) GEGENPROBE: es wird NIE zurueckgefallen
  OK    der Wachhund: es steht etwas in Erprobung
  OK    die Frist laeuft ab, ohne dass jemand bestaetigt
  OK    und der Wachhund startet die Maschine neu
  OK    GEGENPROBE: ohne Erprobung tut der Wachhund NICHTS
  OK    und startet vor allem nicht neu

== 5. (e) der Stromausfall: 30 Schuesse mitten ins Einspielen ==
  OK    (e) die Zeitprobe hat den ganzen Einspielvorgang gesehen: 19451
        gemessen: netz 9958 ms, paket geprueft 14064 ms, geschrieben 19378 ms, bereit 19451 ms
  OK    (e) Schuesse, nach denen die Maschine ENTWEDER alt ODER neu ist: 30
  OK    (e) davon: nichts dazwischen und kein Ziegelstein: 0
  OK    (e) Schuesse, die WIRKLICH nach dem Umschalten lagen (sonst misst das nichts): 10
  OK    (e) und Schuesse, die davor lagen: 20
  OK    (e) Schuesse, die ihre Phase wirklich getroffen haben: 30
        alt=20  neu=10  kaputt=0  Phase getroffen=30 verfehlt=0
        (Schuesse an Marken der Maschine ausgerichtet: 'ota: quelle' / 'ota: streuwert stimmt' / 'ota: BEREIT ZUM NEUSTART')

== 6. die Messungen ==
   ein VERZEICHNIS (signierter Katalog, 1 Paket)        132 Oktett
   ein Paket (hallo 2.0.0, .opk)                        34291 Oktett
   ein Update auf der Leitung (VERZEICHNIS+sig+INDEX+sig+opk+sig) 38838 Oktett
   davon wirklich uebertragen (aus dem Protokoll der Gegenstelle) 34710 Oktett (der gute Lauf)
   von 'ota suchen' bis zur Antwort (ganzer Start)      87475 ms
   von 'ota einspielen' bis 'bereit zum Neustart'       220631 ms (Wanduhr, mit Rahmen)
   davon in der Maschine: Firmware->Netz / ->Paket geprueft 9958 ms / 14064 ms
   in der Maschine: ->geschrieben / ->bereit zum Neustart 19378 ms / 19451 ms
   Rueckfall: der Start, in dem der Kern zurueckschaltet 55777 ms
   /bin/fetch (TLS 1.3, X.509, RSA, ECDSA, Ed25519 nein) 717256 Oktett
   /bin/ota                                             146248 Oktett
   Bloecke frei -- nach Fassung 1 / nach Fassung 2      111074 / 110916
   Zeilen: kernel/user/ota.fi                           1784
   Zeilen: tools/ota/ (server, verzeichnis, mkcerts, pakete, run) 2189

==================================================================
  107 gruen, 0 rot
==================================================================
