== 1. der festgenagelte Uebersetzer (vendor/firn/COMMIT) ==
   Firn a751b3db, firnc0 + firnc1 gebaut, lib/std daneben,
   lib/net/ mit den drei Blob-Hashes aus vendor/net/BLOBS (9 Zusagen)
== 2. freistehend uebersetzen: profile kernel, Inline-Assembler, MMIO, iretq (tools/freestanding/run.sh) ==
   FREESTANDING: 41 passed, 0 failed
== 3. std.core im Kernel: die Bibliothek ohne Allokator (tools/core/run.sh, Runde 73) ==
   CORE: 46 proofs, 0 failures
== 4. der Kern laeuft: Aufgaben, Adressraeume, Systemaufrufe, Dateien (tools/kernel/run.sh, Runden 59/62) ==
   KERNEL: 176 passed, 0 failed
== 5. ein Programm von der Platte: ELF-Lader, exec, /bin/sh (tools/osum/run.sh, Runde K1) ==
   OK    the biggest program on the disk, against the 2135552 octets a file may hold: 283192
   OK    the deepest kernel stack of the run (octets): 18992
   OK    refusals in one run: 21
   OSUM: 130 passed, 0 failed
== 6. der Kernel liest seine Maschine: PCI, APIC, NVMe ueber DMA (tools/pci/run.sh, Runde K2) ==
   bench: tsc=2191087800
   bench: ata blocks=256  cycles=78484010  us=35819  KiB_s=3573  inwords=65536  halts=0  ok=256
   bench: nvme blocks=256  cycles=58451162  us=26676  KiB_s=4798  inwords=0  halts=234  ok=256
   bench: nvme16 blocks=256  cycles=3415434  us=1558  KiB_s=82115  inwords=0  halts=0  ok=256
   bench: faster=1342 permil
   PCI: 98 passed, 0 failed
== 7. die POSIX-Schicht und die libc (tools/posix/run.sh, Runde K4) ==
   -- open, write, read, close
   -- lseek, stat, fstat
   -- mkdir, getdents64
   -- dup, dup2
   -- brk, mmap, munmap and the allocator on top of them
   -- pipe
   -- fork, execve, wait4
   -- and every way to be wrong
   POSIX: 134 passed, 0 failed
== 8. vier Prozessoren, und die Sperre, die einen Kernel daraus macht (tools/smp/run.sh, Runde K5) ==
   one core:   2072786540 cycles, 947 ms
   four cores: 769502954 cycles, 351 ms
   speed-up:   2.693
   one host thread, four guest cores: 2209825024 cycles (0.937 against one core)
   speed-up:   2.236
   with the lock: 6000 of 6000   without it: 2113 of 6000
   SMP: 59 passed, 0 failed
== 9. ein Userland: eine Shell, 25 Werkzeuge, Roehren und Umlenkung (tools/userland/run.sh, Runde K6) ==
   OK    the biggest program, against the 2135552 octets a file may hold: 283192
   OK    the whole userland in octets, against the 4194304 of the drive: 2086184
   OK    programs loaded off the disk in the first case alone: 17
   OK    programs loaded off the disk in the pipe case: 27
   USERLAND: 91 passed, 0 failed
== 10. Handles statt Umgebungsautoritaet: die Capability-Schicht aus OrientOS (tools/caps/run.sh) ==
   (.utext: 14 Seiten, 1 2-MiB-Kachel(n))
   (.utext: 61 Seiten, 1 2-MiB-Kachel(n))
   CAPS: 66 passed, 1 failed
  FEHLER  tools/caps/run.sh ist fehlgeschlagen (siehe .test-work/caps.log)
       FAIL  firnc1: der uebrige Kernel hat sich geaendert
== 11. der Multiboot-Kopf verlangt einen Bildschirm -- der UEFI-Pfad (tools/boot/run.sh) ==
   BOOT: 20 passed, 0 failed
== 12. der Bildschirm: Rahmenpuffer, Textkonsole, /dev/fb (tools/gfx/run.sh, Runde K7) ==
   fbbench: direct    fill=3407 us  scroll=1967 us  line=1269 us
   fbbench: buffered  fill=1846 us  scroll=1530 us  flush=1463 us  line=1262 us
   GFX: 76 passed, 0 failed
== 13. was jedes Unix-Programm voraussetzt: Signale, Terminal, Uhr, Zufall (tools/unix/run.sh, Runde K9) ==
   -- Signale: abfangen, blockieren, ueberhoeren
   -- und jede Art, falsch zu liegen
   -- das Standardverhalten, und SIGCHLD
   -- anhalten und fortsetzen
   -- eine Ausnahme des Prozessors ist ein Signal
   -- das Terminal
   -- das Pseudoterminal
   -- STRG-C, STRG-Z und der Hintergrund: die Auftragssteuerung
   -- die Uhr
   -- der Zufall
   UNIX: 107 passed, 0 failed
== 14. das Netz: virtio-net, der Stack aus K3, Steckdosen -- gegen den Linux-Kern (tools/net/run.sh) ==
   OK    round trip, average: 12.335 ms (QEMU without KVM, netd at 100 Hz)
   OK    throughput Linux -> Osum: 2853 KiB/s (1 MiB in 358910 us, QEMU/TCG, no KVM)
   OK    what came back is what went in, octet for octet (md5 1aefd095820670e6ee4294b4c08791e2)
   OK    throughput through the echo: 1111 KiB/s (every frame handled twice)
   OK    throughput through 20 % loss: 32 KiB/s (clean wire: 2853 KiB/s)
   NET: 75 passed, 0 failed
== 15. die Schutzbits und das Boot-Modul: SMEP, SMAP, CRC32 (tools/guard/run.sh, Runde K10) ==
   OK    das SMAP-Fenster wurde 312x geoeffnet -- der Kernel liest wirklich Nutzerspeicher
   OK    und alle drei weiteren tragen die Bits WIRKLICH in ihrem CR4
   OK    nach einem Lauf mit Prozessen, Seiten und Halde ist das Abbild unveraendert
   GUARD: 55 passed, 0 failed
== 16. man kann darauf arbeiten: ein Editor, zwanzig Werkzeuge, eine Shell mit Sprache (tools/k11/run.sh, Runde K11) ==
   OK    GNU tar packt aus, was Osum gepackt hat
   OK    GNU tar liest die Rechte 0755 des Verzeichniseintrags
   OK    GNU gunzip packt aus, was Osums gzip gepackt hat
   OK    GNU patch spielt ein, was Osums diff erzeugt hat
   OK    DIE GESICHERTE DATEI, Oktett fuer Oktett aus dem Plattenabbild
   OK    AUF DEM BILDSCHIRM steht dieselbe Zeile -- aus dem Foto gelesen
   OK    EINE DATEI, DIE VORHER NICHT DA WAR, mit der Tastatur geschrieben
   K11: 85 passed, 0 failed
== 17. die Oberflaeche: Maus, Fensterserver, TrueType (tools/wm/run.sh, Runde K10) ==
   wmbench: compose full=7901 us  small=292 us  factor=2705
   wmbench: glyph cold=88753 us  warm=127 us  factor=69884 (je 95 Zn)
   ohne Bereichsverfolgung: full=7911 us  small=8098 us
   im Regellauf: irqs=31  davon leer=16  abgefragt=45
   WM: 103 passed, 0 failed
== 18. ein Wirt fuer fremde Prozessoren: AMD-V, verschachtelte Seitentabellen, Gaeste (tools/hv/run.sh, Runde K12) ==
   bench: bench rounds=512 cycles=43457920 per-exit=84878 in-guest=68075 in-host=16803 
   exits: exits total=613 cpuid=2 ioio=16 msr=0 hlt=0 vmmcall=523 npf=1 intr=67 shutdown=1 exc=0 crwr=3 err=0 other=0 
   cpu:   cpu host-rflags=0x202 rev=1 asids=16 feat=0x10010001 np=yes nrip=no decode=no clean=no 
   bench: bench rounds=512 cycles=67004586 per-exit=130868 in-guest=105908 in-host=24959 
   exits: exits total=612 cpuid=2 ioio=16 msr=0 hlt=0 vmmcall=524 npf=1 intr=65 shutdown=1 exc=0 crwr=3 err=0 other=0 
   cpu:   cpu host-rflags=0x202 rev=1 asids=16 feat=0x10010001 np=yes nrip=no decode=no clean=no 
   HV: 114 passed, 0 failed
== 19. Benutzer, Rechte und der erste Prozess: uid/gid, chmod/chown, login, init (tools/k13/run.sh, Runde K13) ==
   OK    GEGENPROBE: K13 auf 0x40000 kollidiert mit HV und faellt auf
   OK    GEGENPROBE: setuid(0) danach ist -EPERM und nicht 0: -1
   OK    DIE KENNUNG UEBERLEBT fork (das Kind meldet sie im Beendigungscode): 7
   OK    GEGENPROBE ZU init: ohne Prozess 1 bleibt die Waise als Leiche stehen: k13: zombies=0 after=1
   OK    die Maschine schaltet sich ueber ACPI ab (0), nicht ueber den Pruefstand (21): 0
   OK    GEGENPROBE: ein FALSCHES Passwort wird abgelehnt: 0
   OK    GEGENPROBE noperm: justin darf jetzt die Datei mit 0o000 lesen: 1
   OK    GEGENPROBE noperm: justin liest jetzt auch /etc/shadow: 1
   OK    GEGENPROBE nosuid: ohne das setuid-Bit kommt su nicht an /etc/shadow
   OK    GEGENPROBE ofsv2raw: dasselbe Abbild mit den Regeln der Fassung 2 bricht zusammen
   OK    die Maschine faehrt ueber ACPI herunter (QEMU beendet sich mit 0): 0
   OK    DIE WAISE FAELLT AN DEN PROZESS 1 und wird eingesammelt: 1
   OK    GEGENPROBE noacpi: derselbe Lauf endet ueber den Pruefstand (21) statt ueber ACPI (0): 21
   OK    DER NOTWEG: mit initsh endet der Lauf wie vor dieser Runde: 21
   OK    GEGENPROBE: ein falsches Passwort wird abgelehnt
   OK    das Passwort steht NICHT im Klartext in /etc/shadow
   OK    PYTHON rechnet denselben Wert aus dem NEUEN Passwort -- es ist PBKDF2-HMAC-SHA256
   OK    GEGENPROBE: aus dem ALTEN Passwort kommt ein anderer Wert
   K13: 99 passed, 0 failed
== 20. die VFS-Schicht und die fremden Dateisysteme: /proc, /dev, FAT32, MBR und GPT (tools/k14/run.sh, Runde K14) ==
   OK    vier Dateisysteme sind eingehaengt (mount_count = 4)
   OK    blob.bin: 5000 Oktette Zufall, Oktett fuer Oktett
   OK    kopie.bin: was Osum schrieb, liest mcopy Oktett fuer Oktett
   OK    fsck.fat auf dem von Osum beschriebenen Dateisystem (0 = sauber): 0
   OK    GEGENPROBE nopart: nur drei Einhaengungen
   OK    GEGENPROBE nopart: ohne Partitionstafel wird kein FAT32 gefunden
   OK    GEGENPROBE novfs: nur die Wurzel steht
   OK    dieselbe Arbeit auf OFS, beide Wege, Oktett fuer Oktett
   K14: 151 passed, 1 failed
  FEHLER  tools/k14/run.sh ist fehlgeschlagen (siehe .test-work/k14.log)
       FAIL  und die Wurzelplatte danach, Oktett fuer Oktett
== 21. der Uebersetzer laeuft auf dem System selbst, und eine Datei weiss, womit man sie oeffnet (tools/k16/run.sh, Runde K16) ==
   OK    16 von 16 Programmen: fas und as+ld sagen dasselbe und gehen mit demselben Code
   OK    ZEICHENGLEICH: der Assemblertext von Osum ist Oktett fuer Oktett der vom Wirt (14909 Oktette)
   OK    ZEICHENGLEICH: die ausfuehrbare Datei von Osum ist Oktett fuer Oktett die vom Wirt (8192 Oktette)
   OK    DER INHALT GEHT VOR: /tarn.fi heisst .fi und IST ein Programm: elf
   OK    DER AUSLEGER BEKOMMT SEIN ARGUMENT UND DEN PFAD: 'ausleger /s1.sh'
   K16: 58 passed, 6 failed
  FEHLER  tools/k16/run.sh ist fehlgeschlagen (siehe .test-work/k16.log)
       FAIL  fas scheitert an: bsec[fas: Zeile 30880: diesen Namen gibt es n '_F1.u_start'] bstore[fas: Zeile 79614: diesen Namen gibt es n '_F1.u_start'] chacha[fas: Zeile 13927: diesen Namen gibt es n '_F1.u_start'] msg[fas: Zeile 23228: diesen Namen gibt es n '_F1.u_start'] nv[fas: Zeile 14847: diesen Namen gibt es n '_F1.u_start'] qs[fas: Zeile 67444: diesen Namen gibt es n '_F1.u_start'] sha[fas: Zeile 18436: diesen Namen gibt es n '_F1.u_start']
       FAIL  Programme, die fas gebunden hat: 100, erwartet eq 107
       FAIL  DAS AUF OSUM UEBERSETZTE PROGRAMM LAEUFT AUF OSUM UND SAGT SEINEN SATZ -- 'osum hat mich uebersetzt' fehlt
       FAIL  und es geht mit genau dem Code, den seine Quelle nennt: 'LAUF=127', erwartet 'LAUF=42'
       FAIL  DER DOPPELKLICK: fopen auf eine .fi uebersetzt sie und startet sie -- 'osum hat mich uebersetzt' fehlt
       FAIL  und der Beendigungscode des uebersetzten Programms kommt durch (42): 0, erwartet ge 1
== 22. Widgets und der Dateimanager: eine Bibliothek in Ring 3 (tools/k15/run.sh, Runde K15) ==
   OK    die Anordnung: 12 Rechtecke, alle im Fenster 480x400, keine Ueberschneidung, Reihenfolge in 5 Spalten richtig
   OK    die Anordnung des Dateimanagers: 9 Rechtecke, alle im Fenster 660x430, keine Ueberschneidung, Reihenfolge in 7 Spalten richtig
   OK    und /data/neu steht WIRKLICH im Plattenabbild
   OK    ein Klick auf das Kaestchen kostet 18184 Bildpunkte statt 192000 -- Faktor 10
   OK    mit Bereichsverfolgung setzt der Server 19878072 Bildpunkte zusammen, ohne sie 39360000 -- Faktor 1
   OK    der Verweis spart 965 Bloecke gegen die Kopie (3095 frei statt 2130)
   OK    das Symbol des Dateimanagers steht Punkt fuer Punkt im Bild (169 deckende Bildpunkte, alle gleich)
   OK    getippt 'folder': GENAU EIN Treffer, und es ist ein Programm
   OK    OHNE die Schluesselwoerter findet 'folder' NICHTS
   OK    1. DER AUFBAU: so viele Namen aus der Inode-Tabelle: 4021
   -> 4021 Namen in 2896691 us, 65 Aufrufe; das ist 720 us je Name
   OK    2. DIE SUCHE: sie ist um Groessenordnungen billiger als der Aufbau: 140
   -> Aufbau 2896691 us, eine Suche 20608 us (zehn gemessen: 206082 us)
   OK    3. DIE GEGENPROBE: der Baumdurchlauf sieht dieselben Namen: 4021
   OK    und DIESELBEN NAMEN -- sortiert, Oktett fuer Oktett verglichen
   -> Baumdurchlauf 8493420 us, Suche im Index 20608 us
   OK    5. der Index findet 'quaste' NICHT
   OK    nach dem Anlegen findet der Index die neue Datei
   OK    nach dem Umbenennen den NEUEN Namen und den alten nicht mehr
   OK    OHNE das Journal weiss der Index von der neuen Datei nichts
   OK    getippt 'blau': ein Treffer, und er ist KEIN Programm, sondern eine Datei
   OK    OHNE den Namensindex findet 'blau' NICHTS
   K15: 252 passed, 0 failed
== 25. der Fensterbaum: Kacheln, Reiter, Drehen -- und die Invariante nach jeder Operation (tools/tiling/run.sh, Runde TILING) ==
   OK    die Zusagen des Fensterbaums ueber sich selbst: 24
   OK    und KEINE davon ist gefallen (0x0)
   OK    der Aufwand waechst linear: 32 Fenster kosten das 14,3-fache von zwei
   OK    Verletzungen der Invariante: 0
   OK    und nach JEDER Operation wurde nachgerechnet: 10000
   OK    GEGENPROBE notiledirty: dasselbe Teilen faerbt den ganzen Schirm: 480000
   OK    und das spart die Teilbaumverfolgung (in Prozent der Flaeche): 200
   OK    Fenster 1 liegt oben links (400x300)
   OK    Fenster 2 oben rechts
   OK    Fenster 3 unten rechts
   OK    Fenster 4 unten links
   OK    und im Bild ist Fenster 1 wirklich rot (0 von 109296 Bildpunkten falsch)
   OK    Fenster 2 gruen (0 von 109296 Bildpunkten falsch)
   OK    Fenster 3 blau (0 von 109296 Bildpunkten falsch)
   OK    Fenster 4 gelb (0 von 109296 Bildpunkten falsch)
   OK    vier Reiter, drei davon verdeckt -- genau EINER ist zu sehen
   OK    nach der Drehung liegt Fenster 4 oben links
   OK    GEGENPROBE: ohne die Datei hat der Kernel KEINE Tastenbelegung
   OK    Kern und Ring 3 zaehlen dieselben Eintraege (21)
   TILING: 68 passed, 0 failed
== 24. Energie und Leistung: drei Profile, Ruhezustand, Waerme, Akku (tools/k18/run.sh, Runde K18) ==
   OK    keine AUFRUFNUMMER aus 1750..1799 steht ausserhalb der Dateien dieser Runde
   OK    dieselbe Stelle, dreimal gelesen, DREI VERSCHIEDENE Werte: 274878234625 / 327681 / 262145
   OK    IA32_PERF_CTL bekommt drei verschiedene Woerter: 4294969344 / 4096 / 6144
   OK    Turbo ist bei Energiesparen GESPERRT (Bit 38) (1)
   OK    Turbo ist bei Profil 1 FREI (Bit 38 = 0) (0)
   OK    Turbo ist bei Profil 2 FREI (Bit 38 = 0) (0)
   OK    SpeedStep ist bei Profil 0 AN (1)
   OK    SpeedStep ist bei Profil 1 AN (1)
   OK    SpeedStep ist bei Hoechstleistung AUS (0)
   OK    jeder Durchlauf ging in mwait (80)
   OK    schlafend 80 Durchlaeufe gegen rechnend 0 -- der Unterschied kommt aus der Maschine
   OK    aber es wird kein einziges mwait mehr ausgefuehrt (0)
   OK    zwei Tabellen, zwei Ladestaende: 75% gegen 50%
   OK    GEGENPROBE: ohne SSDT wird kein Akku gemeldet (batpresent = 0)
   OK    GEGENPROBE: _BST als Methode wird NICHT gelesen (batpresent = 0)
   OK    GEGENPROBE: SSDT ohne Akku -> kein Akku (batpresent = 0)
   OK    GEDROSSELT: 'Hoechstleistung' wird auf Energiesparen gedeckelt (prof2 = 0)
   OK    GEGENPROBE kalt: dort geht Hoechstleistung durch (prof2 = 2)
   OK    im BILD bei (120,120): das Pruefbild steht da (200 100 50)
   OK    im BILD bei (120,120) mit pwrdim: genau die Haelfte (100 50 25)
   OK    im BILD bei (120,120) mit pwrblank: schwarz (0 0 0)
   OK    und einen Bildpunkt DANEBEN (164,164) ist nichts (0 0 0)
   OK    dasselbe Pruefbild, ein Wort Unterschied, zwei Farben: '200 100 50' gegen '100 50 25'
   OK    GEGENPROBE nopwr: /bin/power sagt es und rechnet nicht weiter
   K18: 170 passed, 0 failed
== 25. die zweite Maschine: AArch64 auf qemu -M virt (tools/arm/run.sh, Runde ARM) ==
   OK    the first line arrived on the PL011, before the MMU and the GIC
   OK    SCTLR_EL1.M is set, read back out of the processor
   OK    a page mapped by hand at 0x0000000080000000 through three levels, written and read back
   OK    the same octet through TTBR0 and through TTBR1 (0xffffff8040080000)
   OK    CNTFRQ_EL0 = 62500000 Hz, stated by the machine and not calibrated
   OK    100 virtual timer interrupts arrived through the GIC (INTID 27)
   OK    arch_switch from Firn: ABABABABABABABABABAB -- twenty handovers, in order
   OK    32 virtio-mmio slots answer with the magic number 0x74726976
   OK    with a disk and a net card attached, 2 slots name a device
   OK    nomm: SCTLR_EL1.M reads back 0 -- the switch really was skipped
   OK    nomm: and neither the page proof nor the TTBR1 proof is printed, so neither can pass by accident
   OK    noaf: the access flag left clear stops the machine dead the moment translation is switched on -- no line after 'svc=', no fault report, nothing
   OK    notimer: without INTID 27 enabled in the distributor the tick count is never reached -- the run gets to 'freq=' and sleeps
   OK    noeoi: one interrupt is taken, GICC_EOIR is never written, and the controller never delivers another
   first octet on the PL011: 57.6 ms (median of 5, 50.5..62.7)
   to the last line:         1075.9 ms (median of 5, 1066.9..1090.2)
   ARM: 47 passed, 1 failed
  FEHLER  tools/arm/run.sh ist fehlgeschlagen (siehe .test-work/arm.log)
       FAIL  _F0.amain__kmain is missing
== 23. USB: xHCI, Aufzaehlung, Tastatur, Maus und ein Stick (tools/k17/run.sh, Runde K17) ==
   OK    die Tastatur, an Klasse 03:01:01 (HID/Boot/Tastatur)
   OK    die Maus, an Klasse 03:01:02 (HID/Boot/Maus)
   OK    der Stick, an Klasse 08:06:50 (Massenspeicher/SCSI/BOT)
   OK    DIESELBEN ZEICHEN: die key-Zeilen beider Laeufe (31 Zeilen, Oktett fuer Oktett)
   OK    GEGENPROBE usbnoirq: der Kern beendet sich trotzdem: 21
   OK    GEGENPROBE usbnoirq: Tasten ueber den USB-Weg: 0
   OK    GEGENPROBE usbnoirq: die Shell bekommt kein Zeichen
   OK    der Zeiger steht danach auf x=200 (acht Anschlaege, dann 2 x 100) (200)
   OK    WAS OSUM SCHRIEB, LIEST MTOOLS AUF DEM WIRT WIEDER (1 Zeilen, Oktett fuer Oktett)
   OK    lesen auf dem OFFENEN Deskriptor: -ENODEV (19) (afterread = 19)
   K17: 157 passed, 1 failed
  FEHLER  tools/k17/run.sh ist fehlgeschlagen (siehe .test-work/k17.log)
       FAIL  DIESELBE SHELL-SITZUNG, Oktett fuer Oktett
== 26. Der Bildschirm, zum zweiten Mal: Modusliste, Wechsel im Betrieb, EDID, Gamma (tools/display/run.sh, Runde DISPLAY) ==
   OK    gefragt 22 · aufgenommen 18 · Register abgelehnt 2 · zu gross fuer den Bildspeicher 0 · nicht abbildbar 2
   OK    die native Aufloesung aus dem ersten Zeitlagensatz: 1280x800
   OK    der rohe Block rechnet nach: RHT 1280x800 version 1.4
   OK    VORHER: das Foto ist 800x600 (800 600)
   OK    VORHER: Feld 1 ist reines Rot (0 von 10000 Bildpunkten falsch)
   OK    VORHER: die Textzeile steht bildpunktgenau (3200 Bildpunkte geprueft, 0 falsch)
   OK    er hat 11524 Mikrosekunden gedauert (Registersatz, Neuabbildung, Zweitpuffer, Neuzeichnen)
   OK    NACHHER: das Foto ist 1024x768 -- der Modus wurde WIRKLICH gewechselt (1024 768)
   OK    NACHHER: das Pruefbild ist neu gezeichnet, Feld 1 ist wieder rot (0 von 10000 Bildpunkten falsch)
   OK    NACHHER: Feld 4 ist weiss (0 von 10000 Bildpunkten falsch)
   OK    NACHHER: die Textzeile steht bildpunktgenau im NEUEN Modus (3200 Bildpunkte geprueft, 0 falsch)
   OK    NACHHER: die Ecke bei (1023,767) gibt es jetzt und sie ist schwarz (0 0 0)
   OK    VORHER gab es diese Ecke NICHT (ausserhalb des Bildes)
   OK    ZURUECK: das Foto ist wieder 800x600 (800 600)
   OK    ZURUECK: und das Pruefbild steht wieder da (3200 Bildpunkte geprueft, 0 falsch)
   OK    das Foto ist 800x600 -- der Bildmodus steht noch (800 600)
   OK    Feld 1 ist rot -- der Bildschirm ist NICHT schwarz (0 von 10000 Bildpunkten falsch)
   OK    und der Kernel hat von SELBST zurueckgeschaltet (1)
   OK    gemessen: disp: bench 2560x1080  px=2764800  flush=8412 us  lut=515867 us  lutline=7438 us  sat=1535582 us  rot90=608487 us
   OK    je Bildpunkt: flush 3 ns · Tabelle 186 ns · Drehung 220 ns (QEMU/TCG, kein KVM)
   OK    die Aufrufnummern dieser Runde (1810..) liegen hinter dem Block der Widgets (1800..1809)
   OK    ein Programm in Ring 3 hat die Tafel umgestellt (1024)
   DISPLAY: 145 passed, 0 failed
== 27. Marken statt Farben: hell, dunkel, automatisch, und der Kontrast nachgerechnet (tests/theme/run.sh, Runde THEME) ==
   OK    rohe Farbwerte im Zeichencode: 0
   OK    derselbe Pruefer auf dem Stand vor der Runde: 18
   OK    alle 256 stimmen mit tools/theme/model.py ueberein
   OK    groesster Abstand zur WCAG-Formel: 0.0000004901 (bei c=248)
   OK    day/light: 41 Komponentenmarken und ihre Rollen stimmen
   OK    day/light: 23 Rollen stimmen
   OK    day/dark: 41 Komponentenmarken und ihre Rollen stimmen
   OK    day/dark: 23 Rollen stimmen
   OK    paper/light: 41 Komponentenmarken und ihre Rollen stimmen
   OK    paper/light: 23 Rollen stimmen
   OK    paper/dark: 41 Komponentenmarken und ihre Rollen stimmen
   OK    paper/dark: 23 Rollen stimmen
   OK    night/light: 41 Komponentenmarken und ihre Rollen stimmen
   OK    night/light: 23 Rollen stimmen
   OK    night/dark: 41 Komponentenmarken und ihre Rollen stimmen
   OK    night/dark: 23 Rollen stimmen
   OK    midnight/light: 41 Komponentenmarken und ihre Rollen stimmen
   OK    midnight/light: 23 Rollen stimmen
   OK    midnight/dark: 41 Komponentenmarken und ihre Rollen stimmen
   OK    midnight/dark: 23 Rollen stimmen
   OK    contrast/light: 41 Komponentenmarken und ihre Rollen stimmen
   OK    contrast/light: 23 Rollen stimmen
   OK    contrast/dark: 41 Komponentenmarken und ihre Rollen stimmen
   OK    contrast/dark: 23 Rollen stimmen
   OK    day/light: 21 Kontrastverhaeltnisse stimmen mit dem Modell
   OK    day/light: jede Paarung erfuellt WCAG, schlechteste 461
   OK    day/dark: 21 Kontrastverhaeltnisse stimmen mit dem Modell
   OK    day/dark: jede Paarung erfuellt WCAG, schlechteste 570
   OK    paper/light: 21 Kontrastverhaeltnisse stimmen mit dem Modell
   OK    paper/light: jede Paarung erfuellt WCAG, schlechteste 471
   OK    paper/dark: 21 Kontrastverhaeltnisse stimmen mit dem Modell
   OK    paper/dark: jede Paarung erfuellt WCAG, schlechteste 534
   OK    night/light: 21 Kontrastverhaeltnisse stimmen mit dem Modell
   OK    night/light: jede Paarung erfuellt WCAG, schlechteste 461
   OK    night/dark: 21 Kontrastverhaeltnisse stimmen mit dem Modell
   OK    night/dark: jede Paarung erfuellt WCAG, schlechteste 570
   OK    midnight/light: 21 Kontrastverhaeltnisse stimmen mit dem Modell
   OK    midnight/light: jede Paarung erfuellt WCAG, schlechteste 462
   OK    midnight/dark: 21 Kontrastverhaeltnisse stimmen mit dem Modell
   OK    midnight/dark: jede Paarung erfuellt WCAG, schlechteste 581
   OK    contrast/light: 21 Kontrastverhaeltnisse stimmen mit dem Modell
   OK    contrast/light: jede Paarung erfuellt WCAG, schlechteste 788
   OK    contrast/dark: 21 Kontrastverhaeltnisse stimmen mit dem Modell
   OK    contrast/dark: jede Paarung erfuellt WCAG, schlechteste 905
   OK    #2563eb hell: unveraendert uebernommen, Text 516, Flaeche 493
   OK    #7c3aed hell: unveraendert uebernommen, Text 569, Flaeche 544
   OK    #a16207 hell: unveraendert uebernommen, Text 492, Flaeche 470
   OK    #ffff00 hell: verschoben auf #7f7f00 (3 Stufen), danach 493 / 406
   OK    #22c55e hell: verschoben auf #1ca54e (1 Stufen), danach 654 / 306
   OK    #ffffff hell: verschoben auf #7f7f7f (3 Stufen), danach 524 / 382
   OK    die Farbe bleibt im laufenden Bild dieselbe (f8fafc)
   OK    GEGENPROBE: die lebende Bank hat sich sehr wohl geaendert (0f172a)
   OK    aufloesen (Rampen, Bindung, Kontrastsuche, veroeffentlichen): 267 us
   OK    nachsehen im Ruhezustand (eine Datei lesen und vergleichen): 10505 us
   OK    vollstaendig neu laden (drei Dateien und aufloesen): 49619 us
   OK    aufloesen bleibt unter einer Millisekunde: 267905
   OK    erkennen, schnellster Lauf: 0 us
   OK    neu malen, schnellster Lauf: 0 us fuer 0 von 0 Bildpunkten
   OK    GEGENPROBE: ein gewoehnliches Vollbild ohne Themenwechsel: 141719 us
   OK    das Umschalten liegt in der Groessenordnung eines Vollbilds
   OK    light: die aufgeloeste Akzentmarke #2563eb steht im Bild
   OK    green: die aufgeloeste Akzentmarke #1ca54e steht im Bild
   OK    violet: die aufgeloeste Akzentmarke #7c3aed steht im Bild
   OK    dark: die aufgeloeste Akzentmarke #779ef2 steht im Bild
   OK    gold: die aufgeloeste Akzentmarke #a16207 steht im Bild
   OK    midnight: die aufgeloeste Akzentmarke #ad84f3 steht im Bild
   OK    ohne /etc/theme.conf werden 0 Schemaschluessel gelesen: 0
   OK    und die eingebaute Rampe steht (neutral0 = ffffff)
   OK    aus der kaputten Datei werden 3 Schluessel gelesen: 3
   OK    und 4 werden als unverstanden GEZAEHLT: 4
   OK    was die Datei nicht setzt, behaelt den eingebauten Wert
   THEME: 89 bestanden, 7 durchgefallen
  FEHLER  tests/theme/run.sh ist fehlgeschlagen (siehe .test-work/theme.log)
       FAIL  themetest hat keine brauchbare Zeile fuer gsw geliefert
       FAIL  themetest hat keine brauchbare Zeile fuer gdet geliefert
       FAIL  themetest hat keine brauchbare Zeile fuer gpnt geliefert
       FAIL  themetest hat keine brauchbare Zeile fuer gpx geliefert
       FAIL  themetest hat keine brauchbare Zeile fuer gall geliefert
       FAIL  Umschaltvorgaenge im laufenden Schreibtisch: 0, erwartet ge 15
       FAIL  Nachsehen im laufenden Betrieb (ohne Aenderung ohne Wirkung): keine Zahl (erwartet ge 20)
== 25. das Symbolsystem: eine Schrift fuer die Oberflaeche, Bitmaps fuer die Anwendungen (tools/icons/run.sh, Runde ICONS) ==
   OK    assets/osum-icons.ttf is reproduced octet for octet
   OK    raw code points in the drawing code: 0
   OK    counterproof: a planted code point is found: 1
   OK    assertions passed in Ring 3: 8
   OK    assertions failed in Ring 3: 0
   OK    the kernel loaded /lib/icons.ttf into the third slot
   one icon cold 3732098 ns, warm 69624 ns, one OSYM bitmap 69830 ns
   in memory: glyph 224 octets, OSYM 1036 octets
   both mix the same 127 pixels -- the bitmap was made out of the glyph, so the two draw identical work
   per mixed pixel: icon 548 ns, OSYM 549 ns   (QEMU without KVM, TCG)
   OK    an icon in memory is smaller than the same OSYM picture: 224
   OK    the kernel says the icon font is missing instead of dying
   OK    and Ring 3 sees no icon font (0 = none): 0
   OK    screenshot docs/icons/files.png
   OK    screenshot docs/icons/filesnone.png
   icons: 24 ok, 1 failed
  FEHLER  tools/icons/run.sh ist fehlgeschlagen (siehe .test-work/icons.log)
       FAIL  lib/icons.fi does not match the map -- run the builder
== 25. eine Netzsicht je Prozess: real, filtered, faked, none (tools/netview/run.sh, Runde NETVIEW) ==
   OK    real: connect took 12708 us over the veth
   OK    none: connect said -ENETUNREACH: 1000101
   OK    none: and it said so IN MICROSECONDS, not after a timeout: 369
   OK    faked: connect SUCCEEDED: 0
   OK    faked: and the reachability check got 204 No Content: 204
   OK    faked: the BODY is EMPTY -- nothing was loaded: 0
   OK    faked: a name resolved to 198.51.100.80: 3325256784
   OK    faked: connect, in microseconds: 520
   OK    faked: reading the answer, in microseconds: 1115
   OK    faked: the WHOLE exchange, in microseconds: 4675
   OK    OCTETS THAT LEFT THE MACHINE (virtio.tx_frame): 0
   OK    and the python server, which counts, saw EXACTLY ONE of the two: 1
   OK    kernel/netmark.fi is the drawing, octet for octet -- one source, two places
   OK    nocarrier: the icon is on the screen at 538,578 -- ok 62 von 62 gleich
   OK    noip: the icon is on the screen at 538,578 -- ok 52 von 52 gleich
   OK    noroute: the icon is on the screen at 561,578 -- ok 68 von 68 gleich
   OK    online: the icon is on the screen at 561,578 -- ok 82 von 82 gleich
   OK    faking: the machine really is online: 3
   OK    faking: the bar read the preference as 'always': 2
   OK    faking: the sys-faking sign is on the screen at 547,580 -- ok 61 von 61 gleich
   OK    faking: and 'online' is still there beside it -- ok 82 von 82 gleich
   OK    faking: the faking sign comes FIRST (further left): 547
   OK    dark: button 1 carries mark-filtered at 172,580 -- ok 54 von 54 gleich
   OK    dark: button 3 carries mark-faked at 366,580 -- ok 49 von 49 gleich
   OK    dark: button 4 carries mark-none at 463,580 -- ok 52 von 52 gleich
   OK    dark: buttons whose process sees the REAL network (no mark): 2
   OK    dark: buttons marked filtered: 1
   OK    dark: buttons marked faked: 1
   OK    dark: buttons marked none: 1
   OK    dark: and the REAL one carries nothing -- ok nicht da: 49 von 49 anders
   OK    light: button 2 carries mark-filtered at 269,580 -- ok 54 von 54 gleich
   OK    light: button 3 carries mark-faked at 366,580 -- ok 49 von 49 gleich
   OK    light: button 4 carries mark-none at 463,580 -- ok 52 von 52 gleich
   OK    light: buttons whose process sees the REAL network (no mark): 2
   OK    light: buttons marked filtered: 1
   OK    light: buttons marked faked: 1
   OK    light: buttons marked none: 1
   OK    light: and the REAL one carries nothing -- ok nicht da: 49 von 49 anders
   OK    8a: the machine reports no carrier: 0
   OK    8a: the preference is off: 0
   OK    8a: so a new program gets the REAL view: 0
   OK    8a: and the program did get it: 0
   OK    8a: connect FAILED, as it must on a machine with no network: 1000019
   OK    8a: nothing was loaded: 0
   OK    8a: and it failed FAST, not into a timeout (us): 0
   OK    8b: the machine still reports no carrier: 0
   OK    8b: the preference is when-offline: 1
   OK    8b: so a new program gets FAKED: 2
   OK    8b: and the program did get it: 2
   OK    8b: connect SUCCEEDED on a machine with no network: 0
   OK    8b: the reachability check got 204 No Content: 204
   OK    8b: the body is EMPTY -- nothing was loaded: 0
   OK    8b: a name still resolved: 3325256784
   OK    8b: and it took microseconds: 6719
   OK    8b: OCTETS THAT LEFT THE MACHINE: 0
   OK    8b: and /bin/netview says so in words
   OK    8c: the preference is always: 2
   OK    8c: a program with NO setting gets faked: 2
   OK    8c: and reads a 204: 204
   OK    8c: EXPLICIT real STAYS REAL under 'always': 0
   OK    8c: and really reached the python server: 200
   OK    8c: with the real page (46 octets): 46
   OK    8c: EXPLICIT none STAYS NONE under 'always': 3
   OK    8c: and got -ENETUNREACH, not a faked 204: 1000101
   OK    8c: it loaded nothing: 0
   OK    8d: the machine reports itself online: 3
   OK    8d: the preference is still when-offline: 1
   OK    8d: but a new program now gets REAL: 0
   OK    8d: and the program did get it: 0
   OK    8d: it reached the python server: 200
   OK    8d: and got the real page: 46
   OK    8e: every running process kept its view across the change [real real real real real]
   OK    8e: and none of them was faked to begin with
   OK    8e: the preference ends up at always: 2
   OK    8e: while the NEXT program to start is faked: 2
   OK    8e: and reads a 204 instead of the page: 204
   OK    8e: /bin/netview reported the change
   OK    8f: /etc/netview.conf holds the word, not a number
   OK    8f: the first boot ends at always: 2
   OK    8f: the second boot ends at always, read out of the file alone: 2
   OK    8f: and 'netview boot' read the file back
   NETVIEW: 195 passed, 0 failed
== 26. wer wieviel verbraucht, und die Verbindung weiterreichen (tools/netmon/run.sh, Runde NETMON) ==
   OK    what the KERNEL counted for the program wget, payload in: 65691
   OK    wget/ping ratio -- the split, not just the total: 340
   OK    one frame, cache hit (every frame of a transfer): 5215 cycles
   OK    the counting is 0.9% of the time the transfer took
   OK    and the SECOND roll wrote nothing -- no double counting: 1
   OK    addresses in the history file (there must be NONE): 0
   OK    the client got an OFFER out of the pool -- from Osum's DHCP SERVER
   OK    echo replies from 10.9.0.1 -- through the NAT, from the far side: 2
   OK    files fetched over HTTP through the NAT: 3
   OK    NAT records made (two pings and three fetches): 4
   NETMON: 76 passed, 0 failed
== 25. der Tunnel: WireGuard, AmneziaWG, SOCKS5 und Tor (tools/tunnel/run.sh, Runde TUNNEL) ==
   OK    1522 vectors, all passed
   AEAD refusals               9 vectors  all passed
   AEAD vs OpenSSL           172 vectors  all passed
   BLAKE2s KAT (keyed)       256 vectors  all passed
   BLAKE2s digest lengths     64 vectors  all passed
   BLAKE2s key lengths        33 vectors  all passed
   BLAKE2s length sweep      207 vectors  all passed
   BLAKE2s refusals            4 vectors  all passed
   ChaCha20 vs OpenSSL       136 vectors  all passed
   HMAC-BLAKE2s              100 vectors  all passed
   RFC 7693 App. B             1 vectors  all passed
   RFC 7748 5.2                2 vectors  all passed
   RFC 7748 5.2 iterated       2 vectors  all passed
   RFC 7748 6.1                4 vectors  all passed
   RFC 8439 2.3.2 block        1 vectors  all passed
   RFC 8439 2.4.2              1 vectors  all passed
   RFC 8439 2.5.2              1 vectors  all passed
   RFC 8439 2.8.2 seal         1 vectors  all passed
   RFC 8439 A.1 blocks         5 vectors  all passed
   RFC 8439 A.2 encrypt        2 vectors  all passed
   RFC 8439 A.3 Poly1305      11 vectors  all passed
   RFC 8439 A.5 open           1 vectors  all passed
   X25519 top bit ignored     20 vectors  all passed
   X25519 vs libsodium       400 vectors  all passed
   XChaCha20 vs libsodium     88 vectors  all passed
   draft-xchacha A.3.1         1 vectors  all passed
   OK    all 29 checks against the Linux kernel passed
   Linux's ping goes through our tunnel           ok   3 of 3 replies, rtt min/avg/max/mdev = 0.823/0.945/1.107/0.119 ms
   we decrypted every packet Linux sent us        ok   410 of 400 packets
   Linux's ping goes through our tunnel (with psk) ok   3 of 3 replies, rtt min/avg/max/mdev = 1.018/1.041/1.066/0.019 ms
   we decrypted every packet Linux sent us (with psk) ok   410 of 400 packets
   OK    all 18 AmneziaWG checks passed
   OK    all 19 proxy checks passed
   OK    X25519 in the kernel agrees with libsodium: f73ccbd13d9e7bbc...
   OK    the Linux kernel completed a handshake with Osum
   OK    Linux pinged Osum THROUGH the tunnel: 4 of 4, rtt min/avg/max/mdev = 1.739/3.791/6.961/1.943 ms
   OK    counter-check: WITHOUT wgkill the same kernel put 44 IP octets on the wire
   OK    KILL SWITCH: 0 IP octets on the wire, counted by tcpdump outside the kernel
== 26. der Tunnel als PAKET: was er kostet, wenn keiner laeuft (tools/tunnel/kosten.sh, Nachtrag TUNNEL) ==
   OK    der Tunnel kostet 203436 Oktette Abbild (6.9 %) -- und --ohne-tunnel nimmt sie ganz weg
   OK    ein EINGERICHTETER Tunnel belegt 6 Seiten (24576 Oktette); ein nicht eingerichteter 0
   OK    der Haken ist ein Vergleich gegen Null je Rahmen -- gemessen +0.0 %
== 27. installieren, benutzen, entfernen -- und nichts bleibt (tools/tunnel/pakete.sh, Nachtrag TUNNEL) ==
   OK    zweimal gebaut, Oktett fuer Oktett dasselbe Paket
   OK    GEGENPROBE: opk entfernen OHNE --behalte-daten loescht die privaten Schluessel mit
   OK    SPURLOS: 33 Eintraege verglichen (Pfad, Art, Groesse, SHA-256), kein Unterschied
   OK    mit --behalte-daten haben Schluessel und Profile das Entfernen ueberlebt
  FEHLER  tools/tunnel/pakete.sh ist fehlgeschlagen (siehe .test-work/tunnelpakete.log)
       FAIL  /apps/vpn.osp/start fehlt nach der Installation
       FAIL  /apps/proxy.osp/start fehlt nach der Installation
       FAIL  das Entfernen der anderen hat 'bleibt' angefasst:  -> 
== 25. Diebstahl: Geraeteidentitaet, Sicherung, Schluesselverwaltung (tools/tresor/run.sh, Runde TRESOR) ==
   OK    GEGENPROBE: HWID auf 0x59000 kollidiert mit BATT und faellt auf
   OK    SHA-256 Fall 1 stimmt mit hashlib ueberein
   OK    SHA-256 Fall 2 stimmt mit hashlib ueberein
   OK    SHA-256 Fall 3 stimmt mit hashlib ueberein
   OK    SHA-256 Fall 4 stimmt mit hashlib ueberein
   OK    SHA-256 Fall 5 stimmt mit hashlib ueberein
   OK    1000 Oktette am Stueck und in sieben ungleichen Stuecken: derselbe Hash
   OK    SMBIOS entry: Kernel und Python sagen 0xf59f0
   OK    SMBIOS table: Kernel und Python sagen 0xf5a10
   OK    SMBIOS tlen: Kernel und Python sagen 388
   OK    SMBIOS count: Kernel und Python sagen 9
   OK    SMBIOS sys_man: beide lesen 'QEMU'
   OK    SMBIOS sys_prod: beide lesen 'Standard PC (i440FX + PIIX, 1996)'
   OK    SMBIOS sys_ver: beide lesen 'pc-i440fx-7.2'
   OK    bei 0xF1031 steht '_SM3_' aus dem Zeichenvorrat von SeaBIOS
   OK    und seine Pruefsumme stimmt NICHT
   OK    die Seriennummer des Laufwerks kommt aus IDENTIFY CONTROLLER: NVME-SER-4242
   OK    GEGENPROBE: ohne das Wort nvme gibt es keine Laufwerksnummer: 0
   OK    GEGENPROBE: ohne Karte gibt es keine MAC: 0
   OK    GEGENPROBE: der Zeiger 0 wird abgewiesen: 1
   OK    GEGENPROBE: eine Tafel ohne Signatur wird abgewiesen: 1
   OK    GEGENPROBE: eine Tafel mit nur einem FREMDEN GUID gibt nichts her: 1
   OK    GEGENPROBE: ohne das Wort hwidefi wird der Pfad nie betreten
   OK    der Fingerabdruck ist auf dem Wirt nachrechenbar: 04941095936fd19884ac0e2ac8ab0a79517f0adbf4c2869082849d452317c9c1
   OK    eine NEUE PLATTE aendert den Fingerabdruck nicht: 04941095936fd19884ac0e2ac8ab0a79517f0adbf4c2869082849d452317c9c1
   OK    eine ANDERE Maschine hat einen anderen Fingerabdruck
   OK    DER ZWEITE LAUF SCHREIBT NULL NEUE BLOECKE: 0
   OK    der wiederhergestellte Baum ist OKTETT FUER OKTETT der alte (6 Eintraege): verglichen=6 gleich=6
   OK    ACHT OKTETTE HINTEN: EIN neuer Block: 1
   OK    ACHT OKTETTE VORNE: DREI neue Bloecke -- alle: 3
   OK    im beschaedigten Speicher findet verify GENAU EINEN kaputten Block: 1
   OK    GEGENPROBE: im heilen Speicher desselben Laufs findet es keinen: 0
   OK    PBKDF2-HMAC-SHA256 Fall 1 (64 Oktette, zwei Bloecke) stimmt mit hashlib
   OK    PBKDF2-HMAC-SHA256 Fall 2 (64 Oktette, zwei Bloecke) stimmt mit hashlib
   OK    PBKDF2-HMAC-SHA256 Fall 3 (64 Oktette, zwei Bloecke) stimmt mit hashlib
   OK    open mit dem richtigen Passwort gibt DENSELBEN Schluessel zurueck: ef9b2779965d48ad3a757398f08abd290047b5962adb987138da317d959d8f0e
   OK    crypto erase gemessen: 20 ms
   OK    GEGENPROBE: der Schluessel selbst steht nirgends in der Ausgabe
   OK    MIT Liste sichert backup GENAU EINEN verwaisten Eintrag: 1
   OK    PREIS DER AUSNAHME: 43092 -> 80412 Oktette, +37320 (+86.6 %)
   OK    GEGENPROBE: das ERREICHBARE Paket steht NICHT im Schnappschuss
   OK    GEGENPROBE: cache steht NICHT im Schnappschuss
   OK    DAS WIEDERHERGESTELLTE PAKET LAEUFT -- also sind die Rechtebits mitgekommen
   OK    das verwaiste Paket ist OKTETT FUER OKTETT wieder da, aus dem Abbild gelesen
   OK    GESCHRIEBEN nur 8192 -- die Datei liegt EINMAL im Speicher: 8192
   OK    ZWEITER LAUF SCHREIBT NULL OKTETTE: 0
   OK    FAKTOR der kleinen Aenderung: 44384 -> 4096 Oktette, 11x weniger
   OK    GEGENPROBE im Abbild: /st4 hat keine S-Datei
   OK    GEGENPROBE im Abbild: die halbfertige T-Datei ist weggeraeumt
   OK    GEGENPROBE: keine Zeile sprengt das Argumentlimit der Schale: 0
   OK    GEGENPROBE: gewoehnliche Daten stehen in A im KLARTEXT im Speicher: 1
   OK    GEGENPROBE: derselbe Klartext, zwei Speicher, ZWEI verschiedene Geheimtexte: verschieden
   TRESOR: 220 passed, 0 failed
== 25. Akkuanalyse je Programm: die gemessene Gesamtleistung, anteilig zugeordnet (tools/powermon/run.sh, Runde POWERMON) ==
   OK    another table, another rate -- the number is not in the kernel (rate = 7700)
   OK    GEGENPROBE without a battery: nothing was measured (rateok = 0)
   OK    GEGENPROBE pmonnofloor: no floor was measured (baseok = 0)
   OK    the two displays differ by 7700 mW on the same machine -- the mistake, measured
   OK    the same energy, booked differently: programs 0 -> 284900, system 1386000 -> 1101100 mW-ticks
   OK    GEGENPROBE: no row for burn in the run in which it never started
   OK    the shares add up to a hundred exactly (sumshare = 100)
   rows=3 rowenergy=669900 proce=669900 rowticks=87 progticks=87
   EQUAL
   OK    the sum of the program rows IS the kernel's own total, to the last mW-tick
   kernelrows=4 rowenergy=669900 proce=669900
   EQUAL
   OK    and the kernel's own rows add up to the same number
   OK    the ageing of the battery: 3000 of 6000 mWh is fifty percent (health = 50)
   OK    GEGENPROBE: a battery at its design charge reads a hundred percent (health = 100)
   OK    runtime left at 7700 mW: 25 minutes (minutes = 25)
   OK    GEGENPROBE nopowermon: the accounting really is off (on = 0)
   OK    one sample costs 691004 cycles, measured over 24 of them (16584106 in total)
   OK    at 10 samples a second that is about 6910 parts per million of a 1 GHz processor
   OK    counted and uncounted, burn computed exactly the same thing (burn: sum=1679050356470528532 loops=60000000)
   OK    the file stays far under the 2 MiB ceiling of a volume: 568
   OK    AND THE SENTENCE THAT SAYS WHAT THE NUMBERS ARE, on the page and not in a footnote
   OK    the ageing of the battery is on the page
   OK    ON THIS HOST THE PAGE SAYS SO ITSELF: nothing could be attributed
   OK    wigapp= really started THIS program and not the default
   OK    GEGENPROBE: it did not start the built-in default
   OK    the window server counts the window /bin/powermon opened
   OK    distinct colours inside the window rectangle in the screenshot: 20
   POWERMON: 121 passed, 0 failed
== 28. derselbe Kernel auf der ECHTEN CPU: /dev/kvm statt Emulation (tools/kvm/run.sh, Runde KVMFIX) ==
   --    CPU: AuthenticAMD, AMD EPYC 7571 32-Core Processor
   OK    der Kernel ist gebaut (2849604 Oktette, Stufe 0)
   OK    1.1 der kurze Lauf (an dem MSR 0x1A2 den Kernel getoetet hat): Beendigungscode 21
   OK    1.1 der kurze Lauf (an dem MSR 0x1A2 den Kernel getoetet hat): bis "kernel: done" gekommen (78 Zeilen)
   OK    1.1 der kurze Lauf (an dem MSR 0x1A2 den Kernel getoetet hat): keine einzige Ausnahme
   OK    1.2 Prozesse in Ring 3 (an dem sysret/iretq den Kernel getoetet hat): Beendigungscode 21
   OK    1.2 Prozesse in Ring 3 (an dem sysret/iretq den Kernel getoetet hat): bis "kernel: done" gekommen (167 Zeilen)
   OK    1.2 Prozesse in Ring 3 (an dem sysret/iretq den Kernel getoetet hat): keine einzige Ausnahme
   OK    1.3 der volle Lauf: Beendigungscode 21
   OK    1.3 der volle Lauf: bis "kernel: done" gekommen (135 Zeilen)
   OK    1.3 der volle Lauf: keine einzige Ausnahme
   OK    1.4 mit -cpu host, also den ECHTEN Merkmalsbits dieser CPU: Beendigungscode 21
   OK    1.4 mit -cpu host, also den ECHTEN Merkmalsbits dieser CPU: bis "kernel: done" gekommen (135 Zeilen)
   OK    1.4 mit -cpu host, also den ECHTEN Merkmalsbits dieser CPU: keine einzige Ausnahme
   OK    1.5 vier Prozessoren mit -cpu host: Beendigungscode 21
   OK    1.5 vier Prozessoren mit -cpu host: bis "kernel: done" gekommen (142 Zeilen)
   OK    1.5 vier Prozessoren mit -cpu host: keine einzige Ausnahme
   OK    1.5 und alle vier sind wirklich angelaufen (online=4)
   OK    3.1 unter TCG weist kein einziges Energieregister den Zugriff ab
   OK    3.2 unter KVM weist diese CPU 1 Energieregister ab -- gefangen statt gestorben
   OK    4.1 OHNE Faengerpfad laeuft der Kernel unter TCG DURCH -- die Nachbildung sieht den Fehler nicht
   OK    4.2 OHNE Faengerpfad stirbt derselbe Kernel unter KVM an einem #GP (rcx=0x00000000000001a2)
   OK    4.3 mit dem ALTEN MSR_STAR laeuft der Kernel unter TCG DURCH -- 25 Runden lang unsichtbar
   OK    4.4 mit dem ALTEN MSR_STAR stirbt er unter KVM an #GP err=0x20 -- am Selektor 0x20 selbst
   OK    4.5 der mit firnc1 gebaute Kernel unter KVM: Beendigungscode 21
   OK    4.5 der mit firnc1 gebaute Kernel unter KVM: bis "kernel: done" gekommen (167 Zeilen)
   OK    4.5 der mit firnc1 gebaute Kernel unter KVM: keine einzige Ausnahme
   KVM: 35 passed, 0 failed
== 30. Osum als Server: ohne Grafik gebaut, auf der seriellen Leitung bedient (tools/server/run.sh, Runde SERVERBUILD) ==
   gui=on  2849604 Oktette
   gui=off 2109692 Oktette
   OK    das Serverabbild ist kleiner, in Oktett: 739912
   OK    das Serverabbild ist kleiner, in Promille: 259
   Symbole der Oberflaeche: gui=739  srv=0
   OK    im Serverabbild steht KEINE Funktion der elf Grafikdateien (739 im GUI-Bau, 0 hier)
   OK    die Naht selbst steht in beiden, mit derselben Zahl Symbole: 37
   OK    GEGENPROBE an den Daten: keines der fuenf Woerter der Oberflaeche steht im Serverabbild
   OK    kein Modul ausser der Naht greift noch auf die Grafik zu: 0
   OK    die Shell antwortet ueber die serielle Leitung, sechs Befehle
   OK    Rueckschritt und STRG-U wirken auf der seriellen Leitung
   OK    GEGENPROBE: ABXC steht NICHT im Mitschnitt
   OK    STRG-U hat die Zeile verworfen: sie wurde getippt und nie ausgefuehrt
   OK    GEGENPROBE ohne console=ttyS0: nichts von der Leitung kommt an
   OK    GEGENPROBE noserirq: es kommt an, aber ueber den Abfrageweg
   OK    und der Zaehler beweist es: sercon: irqs=0
   OK    im Regellauf kommen die Oktette ueber den Vektor: 41
   OK    empfangene Oktette im Regellauf: 80
   OK    kein Oktett ging verloren, weil kein Terminal da war: 0
   srvbench: gui=2849604 srv=2109692 delta=739912 promille=259
   srvbench: platte=10485760 programme=59
   SERVER: 23 passed, 0 failed

==================================================================
30 Abschnitte bestanden, 8 FEHLGESCHLAGEN (3302 Zusagen)

  tools/caps/run.sh ist fehlgeschlagen (siehe .test-work/caps.log)
  tools/k14/run.sh ist fehlgeschlagen (siehe .test-work/k14.log)
  tools/k16/run.sh ist fehlgeschlagen (siehe .test-work/k16.log)
  tools/arm/run.sh ist fehlgeschlagen (siehe .test-work/arm.log)
  tools/k17/run.sh ist fehlgeschlagen (siehe .test-work/k17.log)
  tests/theme/run.sh ist fehlgeschlagen (siehe .test-work/theme.log)
  tools/icons/run.sh ist fehlgeschlagen (siehe .test-work/icons.log)
  tools/tunnel/pakete.sh ist fehlgeschlagen (siehe .test-work/tunnelpakete.log)
