== 1. bauen ==
  OK    Kern und Programme gebaut (kernel 2883496 octets)
  OK    die Platte steht (disk 8388608 octets)

== 2. die Vorlagen als Dateien: sieben Schluessel und kein achter ==
  OK    mitgelieferte Vorlagen: 10
  OK    kein Schluessel ausserhalb der sieben: 0
  OK    und jede Vorlage hat alle sieben: 0
  OK    und vorlage.parse_key kennt genau sieben Schluesselnamen: 7
  OK    und die zehn sind wirklich verschieden (verschiedene Wertesaetze): 10
  OK    vier Taskleisten-Kanten kommen vor: 4
  OK    alle fuenf Schemata kommen vor: 5
  OK    beide Formsaetze kommen vor: 2
  OK    beide Modi kommen vor: 2
  OK    und mehrere Akzentfarben: 5

== 3. dieselben Kontraste, im System und auf dem Wirt gerechnet ==
  OK    das System findet alle mitgelieferten Vorlagen: 10
        abendrot       Text auf Grund 16.74:1  schlechtestes Paar 5.34:1
        kontrast       Text auf Grund 21.00:1  schlechtestes Paar 7.88:1
        kontrastnacht  Text auf Grund 21.00:1  schlechtestes Paar 9.05:1
        mitternacht    Text auf Grund 16.97:1  schlechtestes Paar 5.81:1
        papier         Text auf Grund 16.74:1  schlechtestes Paar 4.71:1
        studio         Text auf Grund 16.97:1  schlechtestes Paar 5.81:1
        tafel          Text auf Grund 17.06:1  schlechtestes Paar 4.61:1
        tageslicht     Text auf Grund 17.06:1  schlechtestes Paar 4.61:1
        terminal       Text auf Grund 17.06:1  schlechtestes Paar 5.70:1
        werkstatt      Text auf Grund 17.06:1  schlechtestes Paar 4.61:1
  OK    Vorlagen, bei denen Gast und Wirt Ziffer fuer Ziffer gleich rechnen: 10
  OK    und keine, bei der sie sich unterscheiden: 0
  OK    eine Vorlage meldet alle siebzehn Textpaarungen einzeln: 17
  OK    und jede der siebzehn stimmt mit dem Modell ueberein: 0

== 4. keine Vorlage unter ihrer Latte -- und die Gegenprobe ==
  OK    Vorlagen, die als 'geringer Kontrast' gekennzeichnet sind: 0
  OK    Vorlagen unter ihrer eigenen Latte: 0
  OK    und ein Schema mit contrast=high wird gegen 7:1 gemessen: 700
  OK    GEGENPROBE: die schlechte Vorlage wird als geringer Kontrast gemeldet: 1
  OK    und ihr schlechtestes Paar liegt wirklich unter 4,5:1: 123
  OK    und das Wort steht in der Ausgabe, nicht nur in einer Zahl
  OK    und der Wirt rechnet dieselbe Zahl: 123

== 5. anwenden: ein Aufruf, zwei Dateien, und der naechste Start zeigt es ==
  OK    der Aufruf meldet die Vorlage
  OK    und /etc/theme.conf traegt das Schema der Vorlage: midnight
  OK    den Modus: dark
  OK    den Formsatz: modern
  OK    die Akzentfarbe: 0891b2
  OK    und /etc/taskbar.conf die Kante: left
  OK    und die Ausrichtung: center
  OK    und die Hoehe der Leiste ist NICHT angefasst worden: 28
  OK    und ontop auch nicht: 1

== 6. eine eigene Vorlage: sichern, ausgeben, einlesen, neu starten ==
  OK    die laufende Erscheinung ist als eigene Vorlage gesichert
  OK    und in eine Datei ausgegeben
  OK    die ausgegebene Datei hat Inhalt: 178
  OK    und sie ist lesbarer Text: 7 Zeilen key=value, 0 unlesbare Zeilen
  OK    sie traegt das Schema der laufenden Erscheinung: night
  OK    und die Kante der laufenden Leiste: top
  OK    und kein einziges Steuerzeichen -- kein Binaerformat: 0
  OK    nach dem Neustart ist die eigene Vorlage wieder da
  OK    und sie kommt aus dem eigenen Ablageort: local
  OK    und sie laesst sich anwenden
  OK    der Laden hat jetzt eine Vorlage mehr: 11
  OK    eine Vorlage von aussen laesst sich einlesen
  OK    und liegt danach im eigenen Ablageort: local

== 7. das Konto ist Komfort, nie Bedingung ==
  OK    MIT Konto: der Ablageort wird gefunden: 1
  OK    und er liegt unter dem Heim des Kontos
  OK    verknuepfen kopiert die eigene Vorlage hinein: 1
  OK    und wiederherstellen holt sie zurueck: 1
  OK    OHNE Konto: es gibt keinen Konto-Ablageort: 0
  OK    und 'verknuepfen' sagt das, statt zu scheitern
  OK    OHNE Konto laesst sich eine Vorlage anwenden
  OK    OHNE Konto laesst sich eine eigene sichern
  OK    OHNE Konto laesst sich ausgeben
  OK    OHNE Konto laesst sich einlesen
  OK    und der Laden hat ohne Konto genauso viele Vorlagen: 12
  OK    in einer ausgegebenen Vorlage steht kein Schluessel ausser den sieben: 0
  OK    und kein Pfad, kein Befehl, kein Kennwort: 0
  OK    GEGENPROBE: die zwei geschmuggelten Schluessel werden GEZAEHLT: 2
  OK    und die sieben echten trotzdem gelesen: 7

== 8. die Seite Darstellung passt ins Fenster -- alle Seiten ==
  OK    das Fenster ist so hoch wie der Arbeitsbereich zulaesst: 566
  OK    gemeldete Rechtecke beider Seiten (vor dieser Runde waren es fuenf): 74
  OK    Widgets, die aus ihrem Fenster ragen (Runde LOOK: 132 Bildpunkte fehlten): 0
  OK    die Reiterleiste meldet ihre Reiter: 8
  OK    und kein Reiter wird ausserhalb der Leiste gemalt: 0

== 9. ein Bild je Vorlage ==
  OK    Bildschirmfotos nach docs/shots/themestore: 10
  OK    und die Seite Vorlagen mit den zehn Kacheln
  OK    und sie zeigt zehn Kacheln: 10
  OK    und die Kacheln haben verschiedene Flaechenfarben (nicht die des laufenden Satzes): 7

== 10. die Bilder werden gemessen, nicht angeschaut ==
  OK    Seite Darstellung: gemessene Beschriftungen: 19
  OK    Seite Darstellung: leere Beschriftungen: 0
  OK    Seite Darstellung: abgeschnittene: 0
  OK    Seite Darstellung: ueberlappende: 0
  OK    Seite Vorlagen: gemessene Beschriftungen: 23
  OK    Seite Vorlagen: leere Beschriftungen: 0
  OK    Seite Vorlagen: abgeschnittene: 0
  OK    Seite Vorlagen: ueberlappende: 0
  OK    in jeder Aufnahme sitzt die Leiste an der Kante, die die Vorlage nennt: 0
  OK    und der Formsatz ist der, den die Vorlage nennt: 0
  OK    und in keiner der zehn Aufnahmen eine leere, abgeschnittene oder ueberlappende Beschriftung: 0

THEMESTORE: 81 passed, 0 failed
